--- Starting Multi-turn Test ---

­şöÁ Sending: "Merhaba, benim ad─▒m Ahmet."
{
  "event": "on_chat_model_stream",
  "data": {
    "chunk": {
      "lc": 1,
      "type": "constructor",
      "id": [
        "langchain_core",
        "messages",
        "AIMessageChunk"
      ],
      "kwargs": {
        "content": "",
        "tool_call_chunks": [],
        "additional_kwargs": {},
        "id": "chatcmpl-D6Il81tdSvaZGjgm5TnywGzvHmASW",
        "response_metadata": {
          "model_provider": "openai",
          "usage": {}
        },
        "tool_calls": [],
        "invalid_tool_calls": []
      }
    }
  },
  "run_id": "019c33bb-759b-7ee3-8895-cd875756543e",
  "name": "ChatOpenAI",
  "tags": [],
  "metadata": {
    "thread_id": "test-session-1770394448994",
    "langgraph_step": 1,
    "langgraph_node": "router",
    "langgraph_triggers": [
      "branch:to:router"
    ],
    "langgraph_path": [
      "__pregel_pull",
      "router"
    ],
    "langgraph_checkpoint_ns": "router:73e0e9d9-6543-5639-b954-535cad1fc6b4",
    "__pregel_task_id": "73e0e9d9-6543-5639-b954-535cad1fc6b4",
    "checkpoint_ns": "router:73e0e9d9-6543-5639-b954-535cad1fc6b4",
    "ls_provider": "openai",
    "ls_model_name": "gpt-4o",
    "ls_model_type": "chat",
    "ls_temperature": 0.2
  }
}
{
  "event": "on_chat_model_stream",
  "data": {
    "chunk": {
      "lc": 1,
      "type": "constructor",
      "id": [
        "langchain_core",
        "messages",
        "AIMessageChunk"
      ],
      "kwargs": {
        "content": "{\n",
        "tool_call_chunks": [],
        "additional_kwargs": {},
        "id": "chatcmpl-D6Il81tdSvaZGjgm5TnywGzvHmASW",
        "response_metadata": {
          "model_provider": "openai",
          "usage": {}
        },
        "tool_calls": [],
        "invalid_tool_calls": []
      }
    }
  },
  "run_id": "019c33bb-759b-7ee3-8895-cd875756543e",
  "name": "ChatOpenAI",
  "tags": [],
  "metadata": {
    "thread_id": "test-session-1770394448994",
    "langgraph_step": 1,
    "langgraph_node": "router",
    "langgraph_triggers": [
      "branch:to:router"
    ],
    "langgraph_path": [
      "__pregel_pull",
      "router"
    ],
    "langgraph_checkpoint_ns": "router:73e0e9d9-6543-5639-b954-535cad1fc6b4",
    "__pregel_task_id": "73e0e9d9-6543-5639-b954-535cad1fc6b4",
    "checkpoint_ns": "router:73e0e9d9-6543-5639-b954-535cad1fc6b4",
    "ls_provider": "openai",
    "ls_model_name": "gpt-4o",
    "ls_model_type": "chat",
    "ls_temperature": 0.2
  }
}
{
  "event": "on_chat_model_stream",
  "data": {
    "chunk": {
      "lc": 1,
      "type": "constructor",
      "id": [
        "langchain_core",
        "messages",
        "AIMessageChunk"
      ],
      "kwargs": {
        "content": " ",
        "tool_call_chunks": [],
        "additional_kwargs": {},
        "id": "chatcmpl-D6Il81tdSvaZGjgm5TnywGzvHmASW",
        "response_metadata": {
          "model_provider": "openai",
          "usage": {}
        },
        "tool_calls": [],
        "invalid_tool_calls": []
      }
    }
  },
  "run_id": "019c33bb-759b-7ee3-8895-cd875756543e",
  "name": "ChatOpenAI",
  "tags": [],
  "metadata": {
    "thread_id": "test-session-1770394448994",
    "langgraph_step": 1,
    "langgraph_node": "router",
    "langgraph_triggers": [
      "branch:to:router"
    ],
    "langgraph_path": [
      "__pregel_pull",
      "router"
    ],
    "langgraph_checkpoint_ns": "router:73e0e9d9-6543-5639-b954-535cad1fc6b4",
    "__pregel_task_id": "73e0e9d9-6543-5639-b954-535cad1fc6b4",
    "checkpoint_ns": "router:73e0e9d9-6543-5639-b954-535cad1fc6b4",
    "ls_provider": "openai",
    "ls_model_name": "gpt-4o",
    "ls_model_type": "chat",
    "ls_temperature": 0.2
  }
}
{
  "event": "on_chat_model_stream",
  "data": {
    "chunk": {
      "lc": 1,
      "type": "constructor",
      "id": [
        "langchain_core",
        "messages",
        "AIMessageChunk"
      ],
      "kwargs": {
        "content": " \"",
        "tool_call_chunks": [],
        "additional_kwargs": {},
        "id": "chatcmpl-D6Il81tdSvaZGjgm5TnywGzvHmASW",
        "response_metadata": {
          "model_provider": "openai",
          "usage": {}
        },
        "tool_calls": [],
        "invalid_tool_calls": []
      }
    }
  },
  "run_id": "019c33bb-759b-7ee3-8895-cd875756543e",
  "name": "ChatOpenAI",
  "tags": [],
  "metadata": {
    "thread_id": "test-session-1770394448994",
    "langgraph_step": 1,
    "langgraph_node": "router",
    "langgraph_triggers": [
      "branch:to:router"
    ],
    "langgraph_path": [
      "__pregel_pull",
      "router"
    ],
    "langgraph_checkpoint_ns": "router:73e0e9d9-6543-5639-b954-535cad1fc6b4",
    "__pregel_task_id": "73e0e9d9-6543-5639-b954-535cad1fc6b4",
    "checkpoint_ns": "router:73e0e9d9-6543-5639-b954-535cad1fc6b4",
    "ls_provider": "openai",
    "ls_model_name": "gpt-4o",
    "ls_model_type": "chat",
    "ls_temperature": 0.2
  }
}
{
  "event": "on_chat_model_stream",
  "data": {
    "chunk": {
      "lc": 1,
      "type": "constructor",
      "id": [
        "langchain_core",
        "messages",
        "AIMessageChunk"
      ],
      "kwargs": {
        "content": "intent",
        "tool_call_chunks": [],
        "additional_kwargs": {},
        "id": "chatcmpl-D6Il81tdSvaZGjgm5TnywGzvHmASW",
        "response_metadata": {
          "model_provider": "openai",
          "usage": {}
        },
        "tool_calls": [],
        "invalid_tool_calls": []
      }
    }
  },
  "run_id": "019c33bb-759b-7ee3-8895-cd875756543e",
  "name": "ChatOpenAI",
  "tags": [],
  "metadata": {
    "thread_id": "test-session-1770394448994",
    "langgraph_step": 1,
    "langgraph_node": "router",
    "langgraph_triggers": [
      "branch:to:router"
    ],
    "langgraph_path": [
      "__pregel_pull",
      "router"
    ],
    "langgraph_checkpoint_ns": "router:73e0e9d9-6543-5639-b954-535cad1fc6b4",
    "__pregel_task_id": "73e0e9d9-6543-5639-b954-535cad1fc6b4",
    "checkpoint_ns": "router:73e0e9d9-6543-5639-b954-535cad1fc6b4",
    "ls_provider": "openai",
    "ls_model_name": "gpt-4o",
    "ls_model_type": "chat",
    "ls_temperature": 0.2
  }
}
{
  "event": "on_chat_model_stream",
  "data": {
    "chunk": {
      "lc": 1,
      "type": "constructor",
      "id": [
        "langchain_core",
        "messages",
        "AIMessageChunk"
      ],
      "kwargs": {
        "content": "\":",
        "tool_call_chunks": [],
        "additional_kwargs": {},
        "id": "chatcmpl-D6Il81tdSvaZGjgm5TnywGzvHmASW",
        "response_metadata": {
          "model_provider": "openai",
          "usage": {}
        },
        "tool_calls": [],
        "invalid_tool_calls": []
      }
    }
  },
  "run_id": "019c33bb-759b-7ee3-8895-cd875756543e",
  "name": "ChatOpenAI",
  "tags": [],
  "metadata": {
    "thread_id": "test-session-1770394448994",
    "langgraph_step": 1,
    "langgraph_node": "router",
    "langgraph_triggers": [
      "branch:to:router"
    ],
    "langgraph_path": [
      "__pregel_pull",
      "router"
    ],
    "langgraph_checkpoint_ns": "router:73e0e9d9-6543-5639-b954-535cad1fc6b4",
    "__pregel_task_id": "73e0e9d9-6543-5639-b954-535cad1fc6b4",
    "checkpoint_ns": "router:73e0e9d9-6543-5639-b954-535cad1fc6b4",
    "ls_provider": "openai",
    "ls_model_name": "gpt-4o",
    "ls_model_type": "chat",
    "ls_temperature": 0.2
  }
}
{
  "event": "on_chat_model_stream",
  "data": {
    "chunk": {
      "lc": 1,
      "type": "constructor",
      "id": [
        "langchain_core",
        "messages",
        "AIMessageChunk"
      ],
      "kwargs": {
        "content": " \"",
        "tool_call_chunks": [],
        "additional_kwargs": {},
        "id": "chatcmpl-D6Il81tdSvaZGjgm5TnywGzvHmASW",
        "response_metadata": {
          "model_provider": "openai",
          "usage": {}
        },
        "tool_calls": [],
        "invalid_tool_calls": []
      }
    }
  },
  "run_id": "019c33bb-759b-7ee3-8895-cd875756543e",
  "name": "ChatOpenAI",
  "tags": [],
  "metadata": {
    "thread_id": "test-session-1770394448994",
    "langgraph_step": 1,
    "langgraph_node": "router",
    "langgraph_triggers": [
      "branch:to:router"
    ],
    "langgraph_path": [
      "__pregel_pull",
      "router"
    ],
    "langgraph_checkpoint_ns": "router:73e0e9d9-6543-5639-b954-535cad1fc6b4",
    "__pregel_task_id": "73e0e9d9-6543-5639-b954-535cad1fc6b4",
    "checkpoint_ns": "router:73e0e9d9-6543-5639-b954-535cad1fc6b4",
    "ls_provider": "openai",
    "ls_model_name": "gpt-4o",
    "ls_model_type": "chat",
    "ls_temperature": 0.2
  }
}
{
  "event": "on_chat_model_stream",
  "data": {
    "chunk": {
      "lc": 1,
      "type": "constructor",
      "id": [
        "langchain_core",
        "messages",
        "AIMessageChunk"
      ],
      "kwargs": {
        "content": "OTHER",
        "tool_call_chunks": [],
        "additional_kwargs": {},
        "id": "chatcmpl-D6Il81tdSvaZGjgm5TnywGzvHmASW",
        "response_metadata": {
          "model_provider": "openai",
          "usage": {}
        },
        "tool_calls": [],
        "invalid_tool_calls": []
      }
    }
  },
  "run_id": "019c33bb-759b-7ee3-8895-cd875756543e",
  "name": "ChatOpenAI",
  "tags": [],
  "metadata": {
    "thread_id": "test-session-1770394448994",
    "langgraph_step": 1,
    "langgraph_node": "router",
    "langgraph_triggers": [
      "branch:to:router"
    ],
    "langgraph_path": [
      "__pregel_pull",
      "router"
    ],
    "langgraph_checkpoint_ns": "router:73e0e9d9-6543-5639-b954-535cad1fc6b4",
    "__pregel_task_id": "73e0e9d9-6543-5639-b954-535cad1fc6b4",
    "checkpoint_ns": "router:73e0e9d9-6543-5639-b954-535cad1fc6b4",
    "ls_provider": "openai",
    "ls_model_name": "gpt-4o",
    "ls_model_type": "chat",
    "ls_temperature": 0.2
  }
}
{
  "event": "on_chat_model_stream",
  "data": {
    "chunk": {
      "lc": 1,
      "type": "constructor",
      "id": [
        "langchain_core",
        "messages",
        "AIMessageChunk"
      ],
      "kwargs": {
        "content": "\",\n",
        "tool_call_chunks": [],
        "additional_kwargs": {},
        "id": "chatcmpl-D6Il81tdSvaZGjgm5TnywGzvHmASW",
        "response_metadata": {
          "model_provider": "openai",
          "usage": {}
        },
        "tool_calls": [],
        "invalid_tool_calls": []
      }
    }
  },
  "run_id": "019c33bb-759b-7ee3-8895-cd875756543e",
  "name": "ChatOpenAI",
  "tags": [],
  "metadata": {
    "thread_id": "test-session-1770394448994",
    "langgraph_step": 1,
    "langgraph_node": "router",
    "langgraph_triggers": [
      "branch:to:router"
    ],
    "langgraph_path": [
      "__pregel_pull",
      "router"
    ],
    "langgraph_checkpoint_ns": "router:73e0e9d9-6543-5639-b954-535cad1fc6b4",
    "__pregel_task_id": "73e0e9d9-6543-5639-b954-535cad1fc6b4",
    "checkpoint_ns": "router:73e0e9d9-6543-5639-b954-535cad1fc6b4",
    "ls_provider": "openai",
    "ls_model_name": "gpt-4o",
    "ls_model_type": "chat",
    "ls_temperature": 0.2
  }
}
{
  "event": "on_chat_model_stream",
  "data": {
    "chunk": {
      "lc": 1,
      "type": "constructor",
      "id": [
        "langchain_core",
        "messages",
        "AIMessageChunk"
      ],
      "kwargs": {
        "content": " ",
        "tool_call_chunks": [],
        "additional_kwargs": {},
        "id": "chatcmpl-D6Il81tdSvaZGjgm5TnywGzvHmASW",
        "response_metadata": {
          "model_provider": "openai",
          "usage": {}
        },
        "tool_calls": [],
        "invalid_tool_calls": []
      }
    }
  },
  "run_id": "019c33bb-759b-7ee3-8895-cd875756543e",
  "name": "ChatOpenAI",
  "tags": [],
  "metadata": {
    "thread_id": "test-session-1770394448994",
    "langgraph_step": 1,
    "langgraph_node": "router",
    "langgraph_triggers": [
      "branch:to:router"
    ],
    "langgraph_path": [
      "__pregel_pull",
      "router"
    ],
    "langgraph_checkpoint_ns": "router:73e0e9d9-6543-5639-b954-535cad1fc6b4",
    "__pregel_task_id": "73e0e9d9-6543-5639-b954-535cad1fc6b4",
    "checkpoint_ns": "router:73e0e9d9-6543-5639-b954-535cad1fc6b4",
    "ls_provider": "openai",
    "ls_model_name": "gpt-4o",
    "ls_model_type": "chat",
    "ls_temperature": 0.2
  }
}
{
  "event": "on_chat_model_stream",
  "data": {
    "chunk": {
      "lc": 1,
      "type": "constructor",
      "id": [
        "langchain_core",
        "messages",
        "AIMessageChunk"
      ],
      "kwargs": {
        "content": " \"",
        "tool_call_chunks": [],
        "additional_kwargs": {},
        "id": "chatcmpl-D6Il81tdSvaZGjgm5TnywGzvHmASW",
        "response_metadata": {
          "model_provider": "openai",
          "usage": {}
        },
        "tool_calls": [],
        "invalid_tool_calls": []
      }
    }
  },
  "run_id": "019c33bb-759b-7ee3-8895-cd875756543e",
  "name": "ChatOpenAI",
  "tags": [],
  "metadata": {
    "thread_id": "test-session-1770394448994",
    "langgraph_step": 1,
    "langgraph_node": "router",
    "langgraph_triggers": [
      "branch:to:router"
    ],
    "langgraph_path": [
      "__pregel_pull",
      "router"
    ],
    "langgraph_checkpoint_ns": "router:73e0e9d9-6543-5639-b954-535cad1fc6b4",
    "__pregel_task_id": "73e0e9d9-6543-5639-b954-535cad1fc6b4",
    "checkpoint_ns": "router:73e0e9d9-6543-5639-b954-535cad1fc6b4",
    "ls_provider": "openai",
    "ls_model_name": "gpt-4o",
    "ls_model_type": "chat",
    "ls_temperature": 0.2
  }
}
{
  "event": "on_chat_model_stream",
  "data": {
    "chunk": {
      "lc": 1,
      "type": "constructor",
      "id": [
        "langchain_core",
        "messages",
        "AIMessageChunk"
      ],
      "kwargs": {
        "content": "confidence",
        "tool_call_chunks": [],
        "additional_kwargs": {},
        "id": "chatcmpl-D6Il81tdSvaZGjgm5TnywGzvHmASW",
        "response_metadata": {
          "model_provider": "openai",
          "usage": {}
        },
        "tool_calls": [],
        "invalid_tool_calls": []
      }
    }
  },
  "run_id": "019c33bb-759b-7ee3-8895-cd875756543e",
  "name": "ChatOpenAI",
  "tags": [],
  "metadata": {
    "thread_id": "test-session-1770394448994",
    "langgraph_step": 1,
    "langgraph_node": "router",
    "langgraph_triggers": [
      "branch:to:router"
    ],
    "langgraph_path": [
      "__pregel_pull",
      "router"
    ],
    "langgraph_checkpoint_ns": "router:73e0e9d9-6543-5639-b954-535cad1fc6b4",
    "__pregel_task_id": "73e0e9d9-6543-5639-b954-535cad1fc6b4",
    "checkpoint_ns": "router:73e0e9d9-6543-5639-b954-535cad1fc6b4",
    "ls_provider": "openai",
    "ls_model_name": "gpt-4o",
    "ls_model_type": "chat",
    "ls_temperature": 0.2
  }
}
{
  "event": "on_chat_model_stream",
  "data": {
    "chunk": {
      "lc": 1,
      "type": "constructor",
      "id": [
        "langchain_core",
        "messages",
        "AIMessageChunk"
      ],
      "kwargs": {
        "content": "\":",
        "tool_call_chunks": [],
        "additional_kwargs": {},
        "id": "chatcmpl-D6Il81tdSvaZGjgm5TnywGzvHmASW",
        "response_metadata": {
          "model_provider": "openai",
          "usage": {}
        },
        "tool_calls": [],
        "invalid_tool_calls": []
      }
    }
  },
  "run_id": "019c33bb-759b-7ee3-8895-cd875756543e",
  "name": "ChatOpenAI",
  "tags": [],
  "metadata": {
    "thread_id": "test-session-1770394448994",
    "langgraph_step": 1,
    "langgraph_node": "router",
    "langgraph_triggers": [
      "branch:to:router"
    ],
    "langgraph_path": [
      "__pregel_pull",
      "router"
    ],
    "langgraph_checkpoint_ns": "router:73e0e9d9-6543-5639-b954-535cad1fc6b4",
    "__pregel_task_id": "73e0e9d9-6543-5639-b954-535cad1fc6b4",
    "checkpoint_ns": "router:73e0e9d9-6543-5639-b954-535cad1fc6b4",
    "ls_provider": "openai",
    "ls_model_name": "gpt-4o",
    "ls_model_type": "chat",
    "ls_temperature": 0.2
  }
}
{
  "event": "on_chat_model_stream",
  "data": {
    "chunk": {
      "lc": 1,
      "type": "constructor",
      "id": [
        "langchain_core",
        "messages",
        "AIMessageChunk"
      ],
      "kwargs": {
        "content": " ",
        "tool_call_chunks": [],
        "additional_kwargs": {},
        "id": "chatcmpl-D6Il81tdSvaZGjgm5TnywGzvHmASW",
        "response_metadata": {
          "model_provider": "openai",
          "usage": {}
        },
        "tool_calls": [],
        "invalid_tool_calls": []
      }
    }
  },
  "run_id": "019c33bb-759b-7ee3-8895-cd875756543e",
  "name": "ChatOpenAI",
  "tags": [],
  "metadata": {
    "thread_id": "test-session-1770394448994",
    "langgraph_step": 1,
    "langgraph_node": "router",
    "langgraph_triggers": [
      "branch:to:router"
    ],
    "langgraph_path": [
      "__pregel_pull",
      "router"
    ],
    "langgraph_checkpoint_ns": "router:73e0e9d9-6543-5639-b954-535cad1fc6b4",
    "__pregel_task_id": "73e0e9d9-6543-5639-b954-535cad1fc6b4",
    "checkpoint_ns": "router:73e0e9d9-6543-5639-b954-535cad1fc6b4",
    "ls_provider": "openai",
    "ls_model_name": "gpt-4o",
    "ls_model_type": "chat",
    "ls_temperature": 0.2
  }
}
{
  "event": "on_chat_model_stream",
  "data": {
    "chunk": {
      "lc": 1,
      "type": "constructor",
      "id": [
        "langchain_core",
        "messages",
        "AIMessageChunk"
      ],
      "kwargs": {
        "content": "0",
        "tool_call_chunks": [],
        "additional_kwargs": {},
        "id": "chatcmpl-D6Il81tdSvaZGjgm5TnywGzvHmASW",
        "response_metadata": {
          "model_provider": "openai",
          "usage": {}
        },
        "tool_calls": [],
        "invalid_tool_calls": []
      }
    }
  },
  "run_id": "019c33bb-759b-7ee3-8895-cd875756543e",
  "name": "ChatOpenAI",
  "tags": [],
  "metadata": {
    "thread_id": "test-session-1770394448994",
    "langgraph_step": 1,
    "langgraph_node": "router",
    "langgraph_triggers": [
      "branch:to:router"
    ],
    "langgraph_path": [
      "__pregel_pull",
      "router"
    ],
    "langgraph_checkpoint_ns": "router:73e0e9d9-6543-5639-b954-535cad1fc6b4",
    "__pregel_task_id": "73e0e9d9-6543-5639-b954-535cad1fc6b4",
    "checkpoint_ns": "router:73e0e9d9-6543-5639-b954-535cad1fc6b4",
    "ls_provider": "openai",
    "ls_model_name": "gpt-4o",
    "ls_model_type": "chat",
    "ls_temperature": 0.2
  }
}
{
  "event": "on_chat_model_stream",
  "data": {
    "chunk": {
      "lc": 1,
      "type": "constructor",
      "id": [
        "langchain_core",
        "messages",
        "AIMessageChunk"
      ],
      "kwargs": {
        "content": ".",
        "tool_call_chunks": [],
        "additional_kwargs": {},
        "id": "chatcmpl-D6Il81tdSvaZGjgm5TnywGzvHmASW",
        "response_metadata": {
          "model_provider": "openai",
          "usage": {}
        },
        "tool_calls": [],
        "invalid_tool_calls": []
      }
    }
  },
  "run_id": "019c33bb-759b-7ee3-8895-cd875756543e",
  "name": "ChatOpenAI",
  "tags": [],
  "metadata": {
    "thread_id": "test-session-1770394448994",
    "langgraph_step": 1,
    "langgraph_node": "router",
    "langgraph_triggers": [
      "branch:to:router"
    ],
    "langgraph_path": [
      "__pregel_pull",
      "router"
    ],
    "langgraph_checkpoint_ns": "router:73e0e9d9-6543-5639-b954-535cad1fc6b4",
    "__pregel_task_id": "73e0e9d9-6543-5639-b954-535cad1fc6b4",
    "checkpoint_ns": "router:73e0e9d9-6543-5639-b954-535cad1fc6b4",
    "ls_provider": "openai",
    "ls_model_name": "gpt-4o",
    "ls_model_type": "chat",
    "ls_temperature": 0.2
  }
}
{
  "event": "on_chat_model_stream",
  "data": {
    "chunk": {
      "lc": 1,
      "type": "constructor",
      "id": [
        "langchain_core",
        "messages",
        "AIMessageChunk"
      ],
      "kwargs": {
        "content": "5",
        "tool_call_chunks": [],
        "additional_kwargs": {},
        "id": "chatcmpl-D6Il81tdSvaZGjgm5TnywGzvHmASW",
        "response_metadata": {
          "model_provider": "openai",
          "usage": {}
        },
        "tool_calls": [],
        "invalid_tool_calls": []
      }
    }
  },
  "run_id": "019c33bb-759b-7ee3-8895-cd875756543e",
  "name": "ChatOpenAI",
  "tags": [],
  "metadata": {
    "thread_id": "test-session-1770394448994",
    "langgraph_step": 1,
    "langgraph_node": "router",
    "langgraph_triggers": [
      "branch:to:router"
    ],
    "langgraph_path": [
      "__pregel_pull",
      "router"
    ],
    "langgraph_checkpoint_ns": "router:73e0e9d9-6543-5639-b954-535cad1fc6b4",
    "__pregel_task_id": "73e0e9d9-6543-5639-b954-535cad1fc6b4",
    "checkpoint_ns": "router:73e0e9d9-6543-5639-b954-535cad1fc6b4",
    "ls_provider": "openai",
    "ls_model_name": "gpt-4o",
    "ls_model_type": "chat",
    "ls_temperature": 0.2
  }
}
{
  "event": "on_chat_model_stream",
  "data": {
    "chunk": {
      "lc": 1,
      "type": "constructor",
      "id": [
        "langchain_core",
        "messages",
        "AIMessageChunk"
      ],
      "kwargs": {
        "content": ",\n",
        "tool_call_chunks": [],
        "additional_kwargs": {},
        "id": "chatcmpl-D6Il81tdSvaZGjgm5TnywGzvHmASW",
        "response_metadata": {
          "model_provider": "openai",
          "usage": {}
        },
        "tool_calls": [],
        "invalid_tool_calls": []
      }
    }
  },
  "run_id": "019c33bb-759b-7ee3-8895-cd875756543e",
  "name": "ChatOpenAI",
  "tags": [],
  "metadata": {
    "thread_id": "test-session-1770394448994",
    "langgraph_step": 1,
    "langgraph_node": "router",
    "langgraph_triggers": [
      "branch:to:router"
    ],
    "langgraph_path": [
      "__pregel_pull",
      "router"
    ],
    "langgraph_checkpoint_ns": "router:73e0e9d9-6543-5639-b954-535cad1fc6b4",
    "__pregel_task_id": "73e0e9d9-6543-5639-b954-535cad1fc6b4",
    "checkpoint_ns": "router:73e0e9d9-6543-5639-b954-535cad1fc6b4",
    "ls_provider": "openai",
    "ls_model_name": "gpt-4o",
    "ls_model_type": "chat",
    "ls_temperature": 0.2
  }
}
{
  "event": "on_chat_model_stream",
  "data": {
    "chunk": {
      "lc": 1,
      "type": "constructor",
      "id": [
        "langchain_core",
        "messages",
        "AIMessageChunk"
      ],
      "kwargs": {
        "content": " ",
        "tool_call_chunks": [],
        "additional_kwargs": {},
        "id": "chatcmpl-D6Il81tdSvaZGjgm5TnywGzvHmASW",
        "response_metadata": {
          "model_provider": "openai",
          "usage": {}
        },
        "tool_calls": [],
        "invalid_tool_calls": []
      }
    }
  },
  "run_id": "019c33bb-759b-7ee3-8895-cd875756543e",
  "name": "ChatOpenAI",
  "tags": [],
  "metadata": {
    "thread_id": "test-session-1770394448994",
    "langgraph_step": 1,
    "langgraph_node": "router",
    "langgraph_triggers": [
      "branch:to:router"
    ],
    "langgraph_path": [
      "__pregel_pull",
      "router"
    ],
    "langgraph_checkpoint_ns": "router:73e0e9d9-6543-5639-b954-535cad1fc6b4",
    "__pregel_task_id": "73e0e9d9-6543-5639-b954-535cad1fc6b4",
    "checkpoint_ns": "router:73e0e9d9-6543-5639-b954-535cad1fc6b4",
    "ls_provider": "openai",
    "ls_model_name": "gpt-4o",
    "ls_model_type": "chat",
    "ls_temperature": 0.2
  }
}
{
  "event": "on_chat_model_stream",
  "data": {
    "chunk": {
      "lc": 1,
      "type": "constructor",
      "id": [
        "langchain_core",
        "messages",
        "AIMessageChunk"
      ],
      "kwargs": {
        "content": " \"",
        "tool_call_chunks": [],
        "additional_kwargs": {},
        "id": "chatcmpl-D6Il81tdSvaZGjgm5TnywGzvHmASW",
        "response_metadata": {
          "model_provider": "openai",
          "usage": {}
        },
        "tool_calls": [],
        "invalid_tool_calls": []
      }
    }
  },
  "run_id": "019c33bb-759b-7ee3-8895-cd875756543e",
  "name": "ChatOpenAI",
  "tags": [],
  "metadata": {
    "thread_id": "test-session-1770394448994",
    "langgraph_step": 1,
    "langgraph_node": "router",
    "langgraph_triggers": [
      "branch:to:router"
    ],
    "langgraph_path": [
      "__pregel_pull",
      "router"
    ],
    "langgraph_checkpoint_ns": "router:73e0e9d9-6543-5639-b954-535cad1fc6b4",
    "__pregel_task_id": "73e0e9d9-6543-5639-b954-535cad1fc6b4",
    "checkpoint_ns": "router:73e0e9d9-6543-5639-b954-535cad1fc6b4",
    "ls_provider": "openai",
    "ls_model_name": "gpt-4o",
    "ls_model_type": "chat",
    "ls_temperature": 0.2
  }
}
{
  "event": "on_chat_model_stream",
  "data": {
    "chunk": {
      "lc": 1,
      "type": "constructor",
      "id": [
        "langchain_core",
        "messages",
        "AIMessageChunk"
      ],
      "kwargs": {
        "content": "reason",
        "tool_call_chunks": [],
        "additional_kwargs": {},
        "id": "chatcmpl-D6Il81tdSvaZGjgm5TnywGzvHmASW",
        "response_metadata": {
          "model_provider": "openai",
          "usage": {}
        },
        "tool_calls": [],
        "invalid_tool_calls": []
      }
    }
  },
  "run_id": "019c33bb-759b-7ee3-8895-cd875756543e",
  "name": "ChatOpenAI",
  "tags": [],
  "metadata": {
    "thread_id": "test-session-1770394448994",
    "langgraph_step": 1,
    "langgraph_node": "router",
    "langgraph_triggers": [
      "branch:to:router"
    ],
    "langgraph_path": [
      "__pregel_pull",
      "router"
    ],
    "langgraph_checkpoint_ns": "router:73e0e9d9-6543-5639-b954-535cad1fc6b4",
    "__pregel_task_id": "73e0e9d9-6543-5639-b954-535cad1fc6b4",
    "checkpoint_ns": "router:73e0e9d9-6543-5639-b954-535cad1fc6b4",
    "ls_provider": "openai",
    "ls_model_name": "gpt-4o",
    "ls_model_type": "chat",
    "ls_temperature": 0.2
  }
}
{
  "event": "on_chat_model_stream",
  "data": {
    "chunk": {
      "lc": 1,
      "type": "constructor",
      "id": [
        "langchain_core",
        "messages",
        "AIMessageChunk"
      ],
      "kwargs": {
        "content": "\":",
        "tool_call_chunks": [],
        "additional_kwargs": {},
        "id": "chatcmpl-D6Il81tdSvaZGjgm5TnywGzvHmASW",
        "response_metadata": {
          "model_provider": "openai",
          "usage": {}
        },
        "tool_calls": [],
        "invalid_tool_calls": []
      }
    }
  },
  "run_id": "019c33bb-759b-7ee3-8895-cd875756543e",
  "name": "ChatOpenAI",
  "tags": [],
  "metadata": {
    "thread_id": "test-session-1770394448994",
    "langgraph_step": 1,
    "langgraph_node": "router",
    "langgraph_triggers": [
      "branch:to:router"
    ],
    "langgraph_path": [
      "__pregel_pull",
      "router"
    ],
    "langgraph_checkpoint_ns": "router:73e0e9d9-6543-5639-b954-535cad1fc6b4",
    "__pregel_task_id": "73e0e9d9-6543-5639-b954-535cad1fc6b4",
    "checkpoint_ns": "router:73e0e9d9-6543-5639-b954-535cad1fc6b4",
    "ls_provider": "openai",
    "ls_model_name": "gpt-4o",
    "ls_model_type": "chat",
    "ls_temperature": 0.2
  }
}
{
  "event": "on_chat_model_stream",
  "data": {
    "chunk": {
      "lc": 1,
      "type": "constructor",
      "id": [
        "langchain_core",
        "messages",
        "AIMessageChunk"
      ],
      "kwargs": {
        "content": " \"",
        "tool_call_chunks": [],
        "additional_kwargs": {},
        "id": "chatcmpl-D6Il81tdSvaZGjgm5TnywGzvHmASW",
        "response_metadata": {
          "model_provider": "openai",
          "usage": {}
        },
        "tool_calls": [],
        "invalid_tool_calls": []
      }
    }
  },
  "run_id": "019c33bb-759b-7ee3-8895-cd875756543e",
  "name": "ChatOpenAI",
  "tags": [],
  "metadata": {
    "thread_id": "test-session-1770394448994",
    "langgraph_step": 1,
    "langgraph_node": "router",
    "langgraph_triggers": [
      "branch:to:router"
    ],
    "langgraph_path": [
      "__pregel_pull",
      "router"
    ],
    "langgraph_checkpoint_ns": "router:73e0e9d9-6543-5639-b954-535cad1fc6b4",
    "__pregel_task_id": "73e0e9d9-6543-5639-b954-535cad1fc6b4",
    "checkpoint_ns": "router:73e0e9d9-6543-5639-b954-535cad1fc6b4",
    "ls_provider": "openai",
    "ls_model_name": "gpt-4o",
    "ls_model_type": "chat",
    "ls_temperature": 0.2
  }
}
{
  "event": "on_chat_model_stream",
  "data": {
    "chunk": {
      "lc": 1,
      "type": "constructor",
      "id": [
        "langchain_core",
        "messages",
        "AIMessageChunk"
      ],
      "kwargs": {
        "content": "The",
        "tool_call_chunks": [],
        "additional_kwargs": {},
        "id": "chatcmpl-D6Il81tdSvaZGjgm5TnywGzvHmASW",
        "response_metadata": {
          "model_provider": "openai",
          "usage": {}
        },
        "tool_calls": [],
        "invalid_tool_calls": []
      }
    }
  },
  "run_id": "019c33bb-759b-7ee3-8895-cd875756543e",
  "name": "ChatOpenAI",
  "tags": [],
  "metadata": {
    "thread_id": "test-session-1770394448994",
    "langgraph_step": 1,
    "langgraph_node": "router",
    "langgraph_triggers": [
      "branch:to:router"
    ],
    "langgraph_path": [
      "__pregel_pull",
      "router"
    ],
    "langgraph_checkpoint_ns": "router:73e0e9d9-6543-5639-b954-535cad1fc6b4",
    "__pregel_task_id": "73e0e9d9-6543-5639-b954-535cad1fc6b4",
    "checkpoint_ns": "router:73e0e9d9-6543-5639-b954-535cad1fc6b4",
    "ls_provider": "openai",
    "ls_model_name": "gpt-4o",
    "ls_model_type": "chat",
    "ls_temperature": 0.2
  }
}
{
  "event": "on_chat_model_stream",
  "data": {
    "chunk": {
      "lc": 1,
      "type": "constructor",
      "id": [
        "langchain_core",
        "messages",
        "AIMessageChunk"
      ],
      "kwargs": {
        "content": " message",
        "tool_call_chunks": [],
        "additional_kwargs": {},
        "id": "chatcmpl-D6Il81tdSvaZGjgm5TnywGzvHmASW",
        "response_metadata": {
          "model_provider": "openai",
          "usage": {}
        },
        "tool_calls": [],
        "invalid_tool_calls": []
      }
    }
  },
  "run_id": "019c33bb-759b-7ee3-8895-cd875756543e",
  "name": "ChatOpenAI",
  "tags": [],
  "metadata": {
    "thread_id": "test-session-1770394448994",
    "langgraph_step": 1,
    "langgraph_node": "router",
    "langgraph_triggers": [
      "branch:to:router"
    ],
    "langgraph_path": [
      "__pregel_pull",
      "router"
    ],
    "langgraph_checkpoint_ns": "router:73e0e9d9-6543-5639-b954-535cad1fc6b4",
    "__pregel_task_id": "73e0e9d9-6543-5639-b954-535cad1fc6b4",
    "checkpoint_ns": "router:73e0e9d9-6543-5639-b954-535cad1fc6b4",
    "ls_provider": "openai",
    "ls_model_name": "gpt-4o",
    "ls_model_type": "chat",
    "ls_temperature": 0.2
  }
}
{
  "event": "on_chat_model_stream",
  "data": {
    "chunk": {
      "lc": 1,
      "type": "constructor",
      "id": [
        "langchain_core",
        "messages",
        "AIMessageChunk"
      ],
      "kwargs": {
        "content": " is",
        "tool_call_chunks": [],
        "additional_kwargs": {},
        "id": "chatcmpl-D6Il81tdSvaZGjgm5TnywGzvHmASW",
        "response_metadata": {
          "model_provider": "openai",
          "usage": {}
        },
        "tool_calls": [],
        "invalid_tool_calls": []
      }
    }
  },
  "run_id": "019c33bb-759b-7ee3-8895-cd875756543e",
  "name": "ChatOpenAI",
  "tags": [],
  "metadata": {
    "thread_id": "test-session-1770394448994",
    "langgraph_step": 1,
    "langgraph_node": "router",
    "langgraph_triggers": [
      "branch:to:router"
    ],
    "langgraph_path": [
      "__pregel_pull",
      "router"
    ],
    "langgraph_checkpoint_ns": "router:73e0e9d9-6543-5639-b954-535cad1fc6b4",
    "__pregel_task_id": "73e0e9d9-6543-5639-b954-535cad1fc6b4",
    "checkpoint_ns": "router:73e0e9d9-6543-5639-b954-535cad1fc6b4",
    "ls_provider": "openai",
    "ls_model_name": "gpt-4o",
    "ls_model_type": "chat",
    "ls_temperature": 0.2
  }
}
{
  "event": "on_chat_model_stream",
  "data": {
    "chunk": {
      "lc": 1,
      "type": "constructor",
      "id": [
        "langchain_core",
        "messages",
        "AIMessageChunk"
      ],
      "kwargs": {
        "content": " a",
        "tool_call_chunks": [],
        "additional_kwargs": {},
        "id": "chatcmpl-D6Il81tdSvaZGjgm5TnywGzvHmASW",
        "response_metadata": {
          "model_provider": "openai",
          "usage": {}
        },
        "tool_calls": [],
        "invalid_tool_calls": []
      }
    }
  },
  "run_id": "019c33bb-759b-7ee3-8895-cd875756543e",
  "name": "ChatOpenAI",
  "tags": [],
  "metadata": {
    "thread_id": "test-session-1770394448994",
    "langgraph_step": 1,
    "langgraph_node": "router",
    "langgraph_triggers": [
      "branch:to:router"
    ],
    "langgraph_path": [
      "__pregel_pull",
      "router"
    ],
    "langgraph_checkpoint_ns": "router:73e0e9d9-6543-5639-b954-535cad1fc6b4",
    "__pregel_task_id": "73e0e9d9-6543-5639-b954-535cad1fc6b4",
    "checkpoint_ns": "router:73e0e9d9-6543-5639-b954-535cad1fc6b4",
    "ls_provider": "openai",
    "ls_model_name": "gpt-4o",
    "ls_model_type": "chat",
    "ls_temperature": 0.2
  }
}
{
  "event": "on_chat_model_stream",
  "data": {
    "chunk": {
      "lc": 1,
      "type": "constructor",
      "id": [
        "langchain_core",
        "messages",
        "AIMessageChunk"
      ],
      "kwargs": {
        "content": " simple",
        "tool_call_chunks": [],
        "additional_kwargs": {},
        "id": "chatcmpl-D6Il81tdSvaZGjgm5TnywGzvHmASW",
        "response_metadata": {
          "model_provider": "openai",
          "usage": {}
        },
        "tool_calls": [],
        "invalid_tool_calls": []
      }
    }
  },
  "run_id": "019c33bb-759b-7ee3-8895-cd875756543e",
  "name": "ChatOpenAI",
  "tags": [],
  "metadata": {
    "thread_id": "test-session-1770394448994",
    "langgraph_step": 1,
    "langgraph_node": "router",
    "langgraph_triggers": [
      "branch:to:router"
    ],
    "langgraph_path": [
      "__pregel_pull",
      "router"
    ],
    "langgraph_checkpoint_ns": "router:73e0e9d9-6543-5639-b954-535cad1fc6b4",
    "__pregel_task_id": "73e0e9d9-6543-5639-b954-535cad1fc6b4",
    "checkpoint_ns": "router:73e0e9d9-6543-5639-b954-535cad1fc6b4",
    "ls_provider": "openai",
    "ls_model_name": "gpt-4o",
    "ls_model_type": "chat",
    "ls_temperature": 0.2
  }
}
{
  "event": "on_chat_model_stream",
  "data": {
    "chunk": {
      "lc": 1,
      "type": "constructor",
      "id": [
        "langchain_core",
        "messages",
        "AIMessageChunk"
      ],
      "kwargs": {
        "content": " greeting",
        "tool_call_chunks": [],
        "additional_kwargs": {},
        "id": "chatcmpl-D6Il81tdSvaZGjgm5TnywGzvHmASW",
        "response_metadata": {
          "model_provider": "openai",
          "usage": {}
        },
        "tool_calls": [],
        "invalid_tool_calls": []
      }
    }
  },
  "run_id": "019c33bb-759b-7ee3-8895-cd875756543e",
  "name": "ChatOpenAI",
  "tags": [],
  "metadata": {
    "thread_id": "test-session-1770394448994",
    "langgraph_step": 1,
    "langgraph_node": "router",
    "langgraph_triggers": [
      "branch:to:router"
    ],
    "langgraph_path": [
      "__pregel_pull",
      "router"
    ],
    "langgraph_checkpoint_ns": "router:73e0e9d9-6543-5639-b954-535cad1fc6b4",
    "__pregel_task_id": "73e0e9d9-6543-5639-b954-535cad1fc6b4",
    "checkpoint_ns": "router:73e0e9d9-6543-5639-b954-535cad1fc6b4",
    "ls_provider": "openai",
    "ls_model_name": "gpt-4o",
    "ls_model_type": "chat",
    "ls_temperature": 0.2
  }
}
{
  "event": "on_chat_model_stream",
  "data": {
    "chunk": {
      "lc": 1,
      "type": "constructor",
      "id": [
        "langchain_core",
        "messages",
        "AIMessageChunk"
      ],
      "kwargs": {
        "content": " with",
        "tool_call_chunks": [],
        "additional_kwargs": {},
        "id": "chatcmpl-D6Il81tdSvaZGjgm5TnywGzvHmASW",
        "response_metadata": {
          "model_provider": "openai",
          "usage": {}
        },
        "tool_calls": [],
        "invalid_tool_calls": []
      }
    }
  },
  "run_id": "019c33bb-759b-7ee3-8895-cd875756543e",
  "name": "ChatOpenAI",
  "tags": [],
  "metadata": {
    "thread_id": "test-session-1770394448994",
    "langgraph_step": 1,
    "langgraph_node": "router",
    "langgraph_triggers": [
      "branch:to:router"
    ],
    "langgraph_path": [
      "__pregel_pull",
      "router"
    ],
    "langgraph_checkpoint_ns": "router:73e0e9d9-6543-5639-b954-535cad1fc6b4",
    "__pregel_task_id": "73e0e9d9-6543-5639-b954-535cad1fc6b4",
    "checkpoint_ns": "router:73e0e9d9-6543-5639-b954-535cad1fc6b4",
    "ls_provider": "openai",
    "ls_model_name": "gpt-4o",
    "ls_model_type": "chat",
    "ls_temperature": 0.2
  }
}
{
  "event": "on_chat_model_stream",
  "data": {
    "chunk": {
      "lc": 1,
      "type": "constructor",
      "id": [
        "langchain_core",
        "messages",
        "AIMessageChunk"
      ],
      "kwargs": {
        "content": " no",
        "tool_call_chunks": [],
        "additional_kwargs": {},
        "id": "chatcmpl-D6Il81tdSvaZGjgm5TnywGzvHmASW",
        "response_metadata": {
          "model_provider": "openai",
          "usage": {}
        },
        "tool_calls": [],
        "invalid_tool_calls": []
      }
    }
  },
  "run_id": "019c33bb-759b-7ee3-8895-cd875756543e",
  "name": "ChatOpenAI",
  "tags": [],
  "metadata": {
    "thread_id": "test-session-1770394448994",
    "langgraph_step": 1,
    "langgraph_node": "router",
    "langgraph_triggers": [
      "branch:to:router"
    ],
    "langgraph_path": [
      "__pregel_pull",
      "router"
    ],
    "langgraph_checkpoint_ns": "router:73e0e9d9-6543-5639-b954-535cad1fc6b4",
    "__pregel_task_id": "73e0e9d9-6543-5639-b954-535cad1fc6b4",
    "checkpoint_ns": "router:73e0e9d9-6543-5639-b954-535cad1fc6b4",
    "ls_provider": "openai",
    "ls_model_name": "gpt-4o",
    "ls_model_type": "chat",
    "ls_temperature": 0.2
  }
}
{
  "event": "on_chat_model_stream",
  "data": {
    "chunk": {
      "lc": 1,
      "type": "constructor",
      "id": [
        "langchain_core",
        "messages",
        "AIMessageChunk"
      ],
      "kwargs": {
        "content": " specific",
        "tool_call_chunks": [],
        "additional_kwargs": {},
        "id": "chatcmpl-D6Il81tdSvaZGjgm5TnywGzvHmASW",
        "response_metadata": {
          "model_provider": "openai",
          "usage": {}
        },
        "tool_calls": [],
        "invalid_tool_calls": []
      }
    }
  },
  "run_id": "019c33bb-759b-7ee3-8895-cd875756543e",
  "name": "ChatOpenAI",
  "tags": [],
  "metadata": {
    "thread_id": "test-session-1770394448994",
    "langgraph_step": 1,
    "langgraph_node": "router",
    "langgraph_triggers": [
      "branch:to:router"
    ],
    "langgraph_path": [
      "__pregel_pull",
      "router"
    ],
    "langgraph_checkpoint_ns": "router:73e0e9d9-6543-5639-b954-535cad1fc6b4",
    "__pregel_task_id": "73e0e9d9-6543-5639-b954-535cad1fc6b4",
    "checkpoint_ns": "router:73e0e9d9-6543-5639-b954-535cad1fc6b4",
    "ls_provider": "openai",
    "ls_model_name": "gpt-4o",
    "ls_model_type": "chat",
    "ls_temperature": 0.2
  }
}
{
  "event": "on_chat_model_stream",
  "data": {
    "chunk": {
      "lc": 1,
      "type": "constructor",
      "id": [
        "langchain_core",
        "messages",
        "AIMessageChunk"
      ],
      "kwargs": {
        "content": " request",
        "tool_call_chunks": [],
        "additional_kwargs": {},
        "id": "chatcmpl-D6Il81tdSvaZGjgm5TnywGzvHmASW",
        "response_metadata": {
          "model_provider": "openai",
          "usage": {}
        },
        "tool_calls": [],
        "invalid_tool_calls": []
      }
    }
  },
  "run_id": "019c33bb-759b-7ee3-8895-cd875756543e",
  "name": "ChatOpenAI",
  "tags": [],
  "metadata": {
    "thread_id": "test-session-1770394448994",
    "langgraph_step": 1,
    "langgraph_node": "router",
    "langgraph_triggers": [
      "branch:to:router"
    ],
    "langgraph_path": [
      "__pregel_pull",
      "router"
    ],
    "langgraph_checkpoint_ns": "router:73e0e9d9-6543-5639-b954-535cad1fc6b4",
    "__pregel_task_id": "73e0e9d9-6543-5639-b954-535cad1fc6b4",
    "checkpoint_ns": "router:73e0e9d9-6543-5639-b954-535cad1fc6b4",
    "ls_provider": "openai",
    "ls_model_name": "gpt-4o",
    "ls_model_type": "chat",
    "ls_temperature": 0.2
  }
}
{
  "event": "on_chat_model_stream",
  "data": {
    "chunk": {
      "lc": 1,
      "type": "constructor",
      "id": [
        "langchain_core",
        "messages",
        "AIMessageChunk"
      ],
      "kwargs": {
        "content": " or",
        "tool_call_chunks": [],
        "additional_kwargs": {},
        "id": "chatcmpl-D6Il81tdSvaZGjgm5TnywGzvHmASW",
        "response_metadata": {
          "model_provider": "openai",
          "usage": {}
        },
        "tool_calls": [],
        "invalid_tool_calls": []
      }
    }
  },
  "run_id": "019c33bb-759b-7ee3-8895-cd875756543e",
  "name": "ChatOpenAI",
  "tags": [],
  "metadata": {
    "thread_id": "test-session-1770394448994",
    "langgraph_step": 1,
    "langgraph_node": "router",
    "langgraph_triggers": [
      "branch:to:router"
    ],
    "langgraph_path": [
      "__pregel_pull",
      "router"
    ],
    "langgraph_checkpoint_ns": "router:73e0e9d9-6543-5639-b954-535cad1fc6b4",
    "__pregel_task_id": "73e0e9d9-6543-5639-b954-535cad1fc6b4",
    "checkpoint_ns": "router:73e0e9d9-6543-5639-b954-535cad1fc6b4",
    "ls_provider": "openai",
    "ls_model_name": "gpt-4o",
    "ls_model_type": "chat",
    "ls_temperature": 0.2
  }
}
{
  "event": "on_chat_model_stream",
  "data": {
    "chunk": {
      "lc": 1,
      "type": "constructor",
      "id": [
        "langchain_core",
        "messages",
        "AIMessageChunk"
      ],
      "kwargs": {
        "content": " issue",
        "tool_call_chunks": [],
        "additional_kwargs": {},
        "id": "chatcmpl-D6Il81tdSvaZGjgm5TnywGzvHmASW",
        "response_metadata": {
          "model_provider": "openai",
          "usage": {}
        },
        "tool_calls": [],
        "invalid_tool_calls": []
      }
    }
  },
  "run_id": "019c33bb-759b-7ee3-8895-cd875756543e",
  "name": "ChatOpenAI",
  "tags": [],
  "metadata": {
    "thread_id": "test-session-1770394448994",
    "langgraph_step": 1,
    "langgraph_node": "router",
    "langgraph_triggers": [
      "branch:to:router"
    ],
    "langgraph_path": [
      "__pregel_pull",
      "router"
    ],
    "langgraph_checkpoint_ns": "router:73e0e9d9-6543-5639-b954-535cad1fc6b4",
    "__pregel_task_id": "73e0e9d9-6543-5639-b954-535cad1fc6b4",
    "checkpoint_ns": "router:73e0e9d9-6543-5639-b954-535cad1fc6b4",
    "ls_provider": "openai",
    "ls_model_name": "gpt-4o",
    "ls_model_type": "chat",
    "ls_temperature": 0.2
  }
}
{
  "event": "on_chat_model_stream",
  "data": {
    "chunk": {
      "lc": 1,
      "type": "constructor",
      "id": [
        "langchain_core",
        "messages",
        "AIMessageChunk"
      ],
      "kwargs": {
        "content": " mentioned",
        "tool_call_chunks": [],
        "additional_kwargs": {},
        "id": "chatcmpl-D6Il81tdSvaZGjgm5TnywGzvHmASW",
        "response_metadata": {
          "model_provider": "openai",
          "usage": {}
        },
        "tool_calls": [],
        "invalid_tool_calls": []
      }
    }
  },
  "run_id": "019c33bb-759b-7ee3-8895-cd875756543e",
  "name": "ChatOpenAI",
  "tags": [],
  "metadata": {
    "thread_id": "test-session-1770394448994",
    "langgraph_step": 1,
    "langgraph_node": "router",
    "langgraph_triggers": [
      "branch:to:router"
    ],
    "langgraph_path": [
      "__pregel_pull",
      "router"
    ],
    "langgraph_checkpoint_ns": "router:73e0e9d9-6543-5639-b954-535cad1fc6b4",
    "__pregel_task_id": "73e0e9d9-6543-5639-b954-535cad1fc6b4",
    "checkpoint_ns": "router:73e0e9d9-6543-5639-b954-535cad1fc6b4",
    "ls_provider": "openai",
    "ls_model_name": "gpt-4o",
    "ls_model_type": "chat",
    "ls_temperature": 0.2
  }
}
{
  "event": "on_chat_model_stream",
  "data": {
    "chunk": {
      "lc": 1,
      "type": "constructor",
      "id": [
        "langchain_core",
        "messages",
        "AIMessageChunk"
      ],
      "kwargs": {
        "content": ",",
        "tool_call_chunks": [],
        "additional_kwargs": {},
        "id": "chatcmpl-D6Il81tdSvaZGjgm5TnywGzvHmASW",
        "response_metadata": {
          "model_provider": "openai",
          "usage": {}
        },
        "tool_calls": [],
        "invalid_tool_calls": []
      }
    }
  },
  "run_id": "019c33bb-759b-7ee3-8895-cd875756543e",
  "name": "ChatOpenAI",
  "tags": [],
  "metadata": {
    "thread_id": "test-session-1770394448994",
    "langgraph_step": 1,
    "langgraph_node": "router",
    "langgraph_triggers": [
      "branch:to:router"
    ],
    "langgraph_path": [
      "__pregel_pull",
      "router"
    ],
    "langgraph_checkpoint_ns": "router:73e0e9d9-6543-5639-b954-535cad1fc6b4",
    "__pregel_task_id": "73e0e9d9-6543-5639-b954-535cad1fc6b4",
    "checkpoint_ns": "router:73e0e9d9-6543-5639-b954-535cad1fc6b4",
    "ls_provider": "openai",
    "ls_model_name": "gpt-4o",
    "ls_model_type": "chat",
    "ls_temperature": 0.2
  }
}
{
  "event": "on_chat_model_stream",
  "data": {
    "chunk": {
      "lc": 1,
      "type": "constructor",
      "id": [
        "langchain_core",
        "messages",
        "AIMessageChunk"
      ],
      "kwargs": {
        "content": " so",
        "tool_call_chunks": [],
        "additional_kwargs": {},
        "id": "chatcmpl-D6Il81tdSvaZGjgm5TnywGzvHmASW",
        "response_metadata": {
          "model_provider": "openai",
          "usage": {}
        },
        "tool_calls": [],
        "invalid_tool_calls": []
      }
    }
  },
  "run_id": "019c33bb-759b-7ee3-8895-cd875756543e",
  "name": "ChatOpenAI",
  "tags": [],
  "metadata": {
    "thread_id": "test-session-1770394448994",
    "langgraph_step": 1,
    "langgraph_node": "router",
    "langgraph_triggers": [
      "branch:to:router"
    ],
    "langgraph_path": [
      "__pregel_pull",
      "router"
    ],
    "langgraph_checkpoint_ns": "router:73e0e9d9-6543-5639-b954-535cad1fc6b4",
    "__pregel_task_id": "73e0e9d9-6543-5639-b954-535cad1fc6b4",
    "checkpoint_ns": "router:73e0e9d9-6543-5639-b954-535cad1fc6b4",
    "ls_provider": "openai",
    "ls_model_name": "gpt-4o",
    "ls_model_type": "chat",
    "ls_temperature": 0.2
  }
}
{
  "event": "on_chat_model_stream",
  "data": {
    "chunk": {
      "lc": 1,
      "type": "constructor",
      "id": [
        "langchain_core",
        "messages",
        "AIMessageChunk"
      ],
      "kwargs": {
        "content": " it",
        "tool_call_chunks": [],
        "additional_kwargs": {},
        "id": "chatcmpl-D6Il81tdSvaZGjgm5TnywGzvHmASW",
        "response_metadata": {
          "model_provider": "openai",
          "usage": {}
        },
        "tool_calls": [],
        "invalid_tool_calls": []
      }
    }
  },
  "run_id": "019c33bb-759b-7ee3-8895-cd875756543e",
  "name": "ChatOpenAI",
  "tags": [],
  "metadata": {
    "thread_id": "test-session-1770394448994",
    "langgraph_step": 1,
    "langgraph_node": "router",
    "langgraph_triggers": [
      "branch:to:router"
    ],
    "langgraph_path": [
      "__pregel_pull",
      "router"
    ],
    "langgraph_checkpoint_ns": "router:73e0e9d9-6543-5639-b954-535cad1fc6b4",
    "__pregel_task_id": "73e0e9d9-6543-5639-b954-535cad1fc6b4",
    "checkpoint_ns": "router:73e0e9d9-6543-5639-b954-535cad1fc6b4",
    "ls_provider": "openai",
    "ls_model_name": "gpt-4o",
    "ls_model_type": "chat",
    "ls_temperature": 0.2
  }
}
{
  "event": "on_chat_model_stream",
  "data": {
    "chunk": {
      "lc": 1,
      "type": "constructor",
      "id": [
        "langchain_core",
        "messages",
        "AIMessageChunk"
      ],
      "kwargs": {
        "content": " doesn't",
        "tool_call_chunks": [],
        "additional_kwargs": {},
        "id": "chatcmpl-D6Il81tdSvaZGjgm5TnywGzvHmASW",
        "response_metadata": {
          "model_provider": "openai",
          "usage": {}
        },
        "tool_calls": [],
        "invalid_tool_calls": []
      }
    }
  },
  "run_id": "019c33bb-759b-7ee3-8895-cd875756543e",
  "name": "ChatOpenAI",
  "tags": [],
  "metadata": {
    "thread_id": "test-session-1770394448994",
    "langgraph_step": 1,
    "langgraph_node": "router",
    "langgraph_triggers": [
      "branch:to:router"
    ],
    "langgraph_path": [
      "__pregel_pull",
      "router"
    ],
    "langgraph_checkpoint_ns": "router:73e0e9d9-6543-5639-b954-535cad1fc6b4",
    "__pregel_task_id": "73e0e9d9-6543-5639-b954-535cad1fc6b4",
    "checkpoint_ns": "router:73e0e9d9-6543-5639-b954-535cad1fc6b4",
    "ls_provider": "openai",
    "ls_model_name": "gpt-4o",
    "ls_model_type": "chat",
    "ls_temperature": 0.2
  }
}
{
  "event": "on_chat_model_stream",
  "data": {
    "chunk": {
      "lc": 1,
      "type": "constructor",
      "id": [
        "langchain_core",
        "messages",
        "AIMessageChunk"
      ],
      "kwargs": {
        "content": " align",
        "tool_call_chunks": [],
        "additional_kwargs": {},
        "id": "chatcmpl-D6Il81tdSvaZGjgm5TnywGzvHmASW",
        "response_metadata": {
          "model_provider": "openai",
          "usage": {}
        },
        "tool_calls": [],
        "invalid_tool_calls": []
      }
    }
  },
  "run_id": "019c33bb-759b-7ee3-8895-cd875756543e",
  "name": "ChatOpenAI",
  "tags": [],
  "metadata": {
    "thread_id": "test-session-1770394448994",
    "langgraph_step": 1,
    "langgraph_node": "router",
    "langgraph_triggers": [
      "branch:to:router"
    ],
    "langgraph_path": [
      "__pregel_pull",
      "router"
    ],
    "langgraph_checkpoint_ns": "router:73e0e9d9-6543-5639-b954-535cad1fc6b4",
    "__pregel_task_id": "73e0e9d9-6543-5639-b954-535cad1fc6b4",
    "checkpoint_ns": "router:73e0e9d9-6543-5639-b954-535cad1fc6b4",
    "ls_provider": "openai",
    "ls_model_name": "gpt-4o",
    "ls_model_type": "chat",
    "ls_temperature": 0.2
  }
}
{
  "event": "on_chat_model_stream",
  "data": {
    "chunk": {
      "lc": 1,
      "type": "constructor",
      "id": [
        "langchain_core",
        "messages",
        "AIMessageChunk"
      ],
      "kwargs": {
        "content": " with",
        "tool_call_chunks": [],
        "additional_kwargs": {},
        "id": "chatcmpl-D6Il81tdSvaZGjgm5TnywGzvHmASW",
        "response_metadata": {
          "model_provider": "openai",
          "usage": {}
        },
        "tool_calls": [],
        "invalid_tool_calls": []
      }
    }
  },
  "run_id": "019c33bb-759b-7ee3-8895-cd875756543e",
  "name": "ChatOpenAI",
  "tags": [],
  "metadata": {
    "thread_id": "test-session-1770394448994",
    "langgraph_step": 1,
    "langgraph_node": "router",
    "langgraph_triggers": [
      "branch:to:router"
    ],
    "langgraph_path": [
      "__pregel_pull",
      "router"
    ],
    "langgraph_checkpoint_ns": "router:73e0e9d9-6543-5639-b954-535cad1fc6b4",
    "__pregel_task_id": "73e0e9d9-6543-5639-b954-535cad1fc6b4",
    "checkpoint_ns": "router:73e0e9d9-6543-5639-b954-535cad1fc6b4",
    "ls_provider": "openai",
    "ls_model_name": "gpt-4o",
    "ls_model_type": "chat",
    "ls_temperature": 0.2
  }
}
{
  "event": "on_chat_model_stream",
  "data": {
    "chunk": {
      "lc": 1,
      "type": "constructor",
      "id": [
        "langchain_core",
        "messages",
        "AIMessageChunk"
      ],
      "kwargs": {
        "content": " any",
        "tool_call_chunks": [],
        "additional_kwargs": {},
        "id": "chatcmpl-D6Il81tdSvaZGjgm5TnywGzvHmASW",
        "response_metadata": {
          "model_provider": "openai",
          "usage": {}
        },
        "tool_calls": [],
        "invalid_tool_calls": []
      }
    }
  },
  "run_id": "019c33bb-759b-7ee3-8895-cd875756543e",
  "name": "ChatOpenAI",
  "tags": [],
  "metadata": {
    "thread_id": "test-session-1770394448994",
    "langgraph_step": 1,
    "langgraph_node": "router",
    "langgraph_triggers": [
      "branch:to:router"
    ],
    "langgraph_path": [
      "__pregel_pull",
      "router"
    ],
    "langgraph_checkpoint_ns": "router:73e0e9d9-6543-5639-b954-535cad1fc6b4",
    "__pregel_task_id": "73e0e9d9-6543-5639-b954-535cad1fc6b4",
    "checkpoint_ns": "router:73e0e9d9-6543-5639-b954-535cad1fc6b4",
    "ls_provider": "openai",
    "ls_model_name": "gpt-4o",
    "ls_model_type": "chat",
    "ls_temperature": 0.2
  }
}
{
  "event": "on_chat_model_stream",
  "data": {
    "chunk": {
      "lc": 1,
      "type": "constructor",
      "id": [
        "langchain_core",
        "messages",
        "AIMessageChunk"
      ],
      "kwargs": {
        "content": " specific",
        "tool_call_chunks": [],
        "additional_kwargs": {},
        "id": "chatcmpl-D6Il81tdSvaZGjgm5TnywGzvHmASW",
        "response_metadata": {
          "model_provider": "openai",
          "usage": {}
        },
        "tool_calls": [],
        "invalid_tool_calls": []
      }
    }
  },
  "run_id": "019c33bb-759b-7ee3-8895-cd875756543e",
  "name": "ChatOpenAI",
  "tags": [],
  "metadata": {
    "thread_id": "test-session-1770394448994",
    "langgraph_step": 1,
    "langgraph_node": "router",
    "langgraph_triggers": [
      "branch:to:router"
    ],
    "langgraph_path": [
      "__pregel_pull",
      "router"
    ],
    "langgraph_checkpoint_ns": "router:73e0e9d9-6543-5639-b954-535cad1fc6b4",
    "__pregel_task_id": "73e0e9d9-6543-5639-b954-535cad1fc6b4",
    "checkpoint_ns": "router:73e0e9d9-6543-5639-b954-535cad1fc6b4",
    "ls_provider": "openai",
    "ls_model_name": "gpt-4o",
    "ls_model_type": "chat",
    "ls_temperature": 0.2
  }
}
{
  "event": "on_chat_model_stream",
  "data": {
    "chunk": {
      "lc": 1,
      "type": "constructor",
      "id": [
        "langchain_core",
        "messages",
        "AIMessageChunk"
      ],
      "kwargs": {
        "content": " agent",
        "tool_call_chunks": [],
        "additional_kwargs": {},
        "id": "chatcmpl-D6Il81tdSvaZGjgm5TnywGzvHmASW",
        "response_metadata": {
          "model_provider": "openai",
          "usage": {}
        },
        "tool_calls": [],
        "invalid_tool_calls": []
      }
    }
  },
  "run_id": "019c33bb-759b-7ee3-8895-cd875756543e",
  "name": "ChatOpenAI",
  "tags": [],
  "metadata": {
    "thread_id": "test-session-1770394448994",
    "langgraph_step": 1,
    "langgraph_node": "router",
    "langgraph_triggers": [
      "branch:to:router"
    ],
    "langgraph_path": [
      "__pregel_pull",
      "router"
    ],
    "langgraph_checkpoint_ns": "router:73e0e9d9-6543-5639-b954-535cad1fc6b4",
    "__pregel_task_id": "73e0e9d9-6543-5639-b954-535cad1fc6b4",
    "checkpoint_ns": "router:73e0e9d9-6543-5639-b954-535cad1fc6b4",
    "ls_provider": "openai",
    "ls_model_name": "gpt-4o",
    "ls_model_type": "chat",
    "ls_temperature": 0.2
  }
}
{
  "event": "on_chat_model_stream",
  "data": {
    "chunk": {
      "lc": 1,
      "type": "constructor",
      "id": [
        "langchain_core",
        "messages",
        "AIMessageChunk"
      ],
      "kwargs": {
        "content": "'s",
        "tool_call_chunks": [],
        "additional_kwargs": {},
        "id": "chatcmpl-D6Il81tdSvaZGjgm5TnywGzvHmASW",
        "response_metadata": {
          "model_provider": "openai",
          "usage": {}
        },
        "tool_calls": [],
        "invalid_tool_calls": []
      }
    }
  },
  "run_id": "019c33bb-759b-7ee3-8895-cd875756543e",
  "name": "ChatOpenAI",
  "tags": [],
  "metadata": {
    "thread_id": "test-session-1770394448994",
    "langgraph_step": 1,
    "langgraph_node": "router",
    "langgraph_triggers": [
      "branch:to:router"
    ],
    "langgraph_path": [
      "__pregel_pull",
      "router"
    ],
    "langgraph_checkpoint_ns": "router:73e0e9d9-6543-5639-b954-535cad1fc6b4",
    "__pregel_task_id": "73e0e9d9-6543-5639-b954-535cad1fc6b4",
    "checkpoint_ns": "router:73e0e9d9-6543-5639-b954-535cad1fc6b4",
    "ls_provider": "openai",
    "ls_model_name": "gpt-4o",
    "ls_model_type": "chat",
    "ls_temperature": 0.2
  }
}
{
  "event": "on_chat_model_stream",
  "data": {
    "chunk": {
      "lc": 1,
      "type": "constructor",
      "id": [
        "langchain_core",
        "messages",
        "AIMessageChunk"
      ],
      "kwargs": {
        "content": " tools",
        "tool_call_chunks": [],
        "additional_kwargs": {},
        "id": "chatcmpl-D6Il81tdSvaZGjgm5TnywGzvHmASW",
        "response_metadata": {
          "model_provider": "openai",
          "usage": {}
        },
        "tool_calls": [],
        "invalid_tool_calls": []
      }
    }
  },
  "run_id": "019c33bb-759b-7ee3-8895-cd875756543e",
  "name": "ChatOpenAI",
  "tags": [],
  "metadata": {
    "thread_id": "test-session-1770394448994",
    "langgraph_step": 1,
    "langgraph_node": "router",
    "langgraph_triggers": [
      "branch:to:router"
    ],
    "langgraph_path": [
      "__pregel_pull",
      "router"
    ],
    "langgraph_checkpoint_ns": "router:73e0e9d9-6543-5639-b954-535cad1fc6b4",
    "__pregel_task_id": "73e0e9d9-6543-5639-b954-535cad1fc6b4",
    "checkpoint_ns": "router:73e0e9d9-6543-5639-b954-535cad1fc6b4",
    "ls_provider": "openai",
    "ls_model_name": "gpt-4o",
    "ls_model_type": "chat",
    "ls_temperature": 0.2
  }
}
{
  "event": "on_chat_model_stream",
  "data": {
    "chunk": {
      "lc": 1,
      "type": "constructor",
      "id": [
        "langchain_core",
        "messages",
        "AIMessageChunk"
      ],
      "kwargs": {
        "content": ".\"\n",
        "tool_call_chunks": [],
        "additional_kwargs": {},
        "id": "chatcmpl-D6Il81tdSvaZGjgm5TnywGzvHmASW",
        "response_metadata": {
          "model_provider": "openai",
          "usage": {}
        },
        "tool_calls": [],
        "invalid_tool_calls": []
      }
    }
  },
  "run_id": "019c33bb-759b-7ee3-8895-cd875756543e",
  "name": "ChatOpenAI",
  "tags": [],
  "metadata": {
    "thread_id": "test-session-1770394448994",
    "langgraph_step": 1,
    "langgraph_node": "router",
    "langgraph_triggers": [
      "branch:to:router"
    ],
    "langgraph_path": [
      "__pregel_pull",
      "router"
    ],
    "langgraph_checkpoint_ns": "router:73e0e9d9-6543-5639-b954-535cad1fc6b4",
    "__pregel_task_id": "73e0e9d9-6543-5639-b954-535cad1fc6b4",
    "checkpoint_ns": "router:73e0e9d9-6543-5639-b954-535cad1fc6b4",
    "ls_provider": "openai",
    "ls_model_name": "gpt-4o",
    "ls_model_type": "chat",
    "ls_temperature": 0.2
  }
}
{
  "event": "on_chat_model_stream",
  "data": {
    "chunk": {
      "lc": 1,
      "type": "constructor",
      "id": [
        "langchain_core",
        "messages",
        "AIMessageChunk"
      ],
      "kwargs": {
        "content": "}",
        "tool_call_chunks": [],
        "additional_kwargs": {},
        "id": "chatcmpl-D6Il81tdSvaZGjgm5TnywGzvHmASW",
        "response_metadata": {
          "model_provider": "openai",
          "usage": {}
        },
        "tool_calls": [],
        "invalid_tool_calls": []
      }
    }
  },
  "run_id": "019c33bb-759b-7ee3-8895-cd875756543e",
  "name": "ChatOpenAI",
  "tags": [],
  "metadata": {
    "thread_id": "test-session-1770394448994",
    "langgraph_step": 1,
    "langgraph_node": "router",
    "langgraph_triggers": [
      "branch:to:router"
    ],
    "langgraph_path": [
      "__pregel_pull",
      "router"
    ],
    "langgraph_checkpoint_ns": "router:73e0e9d9-6543-5639-b954-535cad1fc6b4",
    "__pregel_task_id": "73e0e9d9-6543-5639-b954-535cad1fc6b4",
    "checkpoint_ns": "router:73e0e9d9-6543-5639-b954-535cad1fc6b4",
    "ls_provider": "openai",
    "ls_model_name": "gpt-4o",
    "ls_model_type": "chat",
    "ls_temperature": 0.2
  }
}
{
  "event": "on_chat_model_stream",
  "data": {
    "chunk": {
      "lc": 1,
      "type": "constructor",
      "id": [
        "langchain_core",
        "messages",
        "AIMessageChunk"
      ],
      "kwargs": {
        "content": "",
        "tool_call_chunks": [],
        "additional_kwargs": {},
        "id": "chatcmpl-D6Il81tdSvaZGjgm5TnywGzvHmASW",
        "response_metadata": {
          "model_provider": "openai",
          "usage": {}
        },
        "tool_calls": [],
        "invalid_tool_calls": []
      }
    }
  },
  "run_id": "019c33bb-759b-7ee3-8895-cd875756543e",
  "name": "ChatOpenAI",
  "tags": [],
  "metadata": {
    "thread_id": "test-session-1770394448994",
    "langgraph_step": 1,
    "langgraph_node": "router",
    "langgraph_triggers": [
      "branch:to:router"
    ],
    "langgraph_path": [
      "__pregel_pull",
      "router"
    ],
    "langgraph_checkpoint_ns": "router:73e0e9d9-6543-5639-b954-535cad1fc6b4",
    "__pregel_task_id": "73e0e9d9-6543-5639-b954-535cad1fc6b4",
    "checkpoint_ns": "router:73e0e9d9-6543-5639-b954-535cad1fc6b4",
    "ls_provider": "openai",
    "ls_model_name": "gpt-4o",
    "ls_model_type": "chat",
    "ls_temperature": 0.2
  }
}
{
  "event": "on_chat_model_stream",
  "data": {
    "chunk": {
      "lc": 1,
      "type": "constructor",
      "id": [
        "langchain_core",
        "messages",
        "AIMessageChunk"
      ],
      "kwargs": {
        "content": "",
        "tool_call_chunks": [],
        "additional_kwargs": {},
        "id": "chatcmpl-D6IlBM5LX2x1Sz6zeHcgueF06jJ6A",
        "response_metadata": {
          "model_provider": "openai",
          "usage": {}
        },
        "tool_calls": [],
        "invalid_tool_calls": []
      }
    }
  },
  "run_id": "019c33bb-7e15-7ee3-8895-ed9cd365735f",
  "name": "ChatOpenAI",
  "tags": [],
  "metadata": {
    "thread_id": "test-session-1770394448994",
    "langgraph_step": 2,
    "langgraph_node": "sales_product",
    "langgraph_triggers": [
      "branch:to:sales_product"
    ],
    "langgraph_path": [
      "__pregel_pull",
      "sales_product"
    ],
    "langgraph_checkpoint_ns": "sales_product:6906affd-6312-5229-94f7-bebf2d292317",
    "__pregel_task_id": "6906affd-6312-5229-94f7-bebf2d292317",
    "checkpoint_ns": "sales_product:6906affd-6312-5229-94f7-bebf2d292317",
    "ls_provider": "openai",
    "ls_model_name": "gpt-4o",
    "ls_model_type": "chat",
    "ls_temperature": 0.2
  }
}
{
  "event": "on_chat_model_stream",
  "data": {
    "chunk": {
      "lc": 1,
      "type": "constructor",
      "id": [
        "langchain_core",
        "messages",
        "AIMessageChunk"
      ],
      "kwargs": {
        "content": "Mer",
        "tool_call_chunks": [],
        "additional_kwargs": {},
        "id": "chatcmpl-D6IlBM5LX2x1Sz6zeHcgueF06jJ6A",
        "response_metadata": {
          "model_provider": "openai",
          "usage": {}
        },
        "tool_calls": [],
        "invalid_tool_calls": []
      }
    }
  },
  "run_id": "019c33bb-7e15-7ee3-8895-ed9cd365735f",
  "name": "ChatOpenAI",
  "tags": [],
  "metadata": {
    "thread_id": "test-session-1770394448994",
    "langgraph_step": 2,
    "langgraph_node": "sales_product",
    "langgraph_triggers": [
      "branch:to:sales_product"
    ],
    "langgraph_path": [
      "__pregel_pull",
      "sales_product"
    ],
    "langgraph_checkpoint_ns": "sales_product:6906affd-6312-5229-94f7-bebf2d292317",
    "__pregel_task_id": "6906affd-6312-5229-94f7-bebf2d292317",
    "checkpoint_ns": "sales_product:6906affd-6312-5229-94f7-bebf2d292317",
    "ls_provider": "openai",
    "ls_model_name": "gpt-4o",
    "ls_model_type": "chat",
    "ls_temperature": 0.2
  }
}
{
  "event": "on_chat_model_stream",
  "data": {
    "chunk": {
      "lc": 1,
      "type": "constructor",
      "id": [
        "langchain_core",
        "messages",
        "AIMessageChunk"
      ],
      "kwargs": {
        "content": "haba",
        "tool_call_chunks": [],
        "additional_kwargs": {},
        "id": "chatcmpl-D6IlBM5LX2x1Sz6zeHcgueF06jJ6A",
        "response_metadata": {
          "model_provider": "openai",
          "usage": {}
        },
        "tool_calls": [],
        "invalid_tool_calls": []
      }
    }
  },
  "run_id": "019c33bb-7e15-7ee3-8895-ed9cd365735f",
  "name": "ChatOpenAI",
  "tags": [],
  "metadata": {
    "thread_id": "test-session-1770394448994",
    "langgraph_step": 2,
    "langgraph_node": "sales_product",
    "langgraph_triggers": [
      "branch:to:sales_product"
    ],
    "langgraph_path": [
      "__pregel_pull",
      "sales_product"
    ],
    "langgraph_checkpoint_ns": "sales_product:6906affd-6312-5229-94f7-bebf2d292317",
    "__pregel_task_id": "6906affd-6312-5229-94f7-bebf2d292317",
    "checkpoint_ns": "sales_product:6906affd-6312-5229-94f7-bebf2d292317",
    "ls_provider": "openai",
    "ls_model_name": "gpt-4o",
    "ls_model_type": "chat",
    "ls_temperature": 0.2
  }
}
{
  "event": "on_chat_model_stream",
  "data": {
    "chunk": {
      "lc": 1,
      "type": "constructor",
      "id": [
        "langchain_core",
        "messages",
        "AIMessageChunk"
      ],
      "kwargs": {
        "content": " Ah",
        "tool_call_chunks": [],
        "additional_kwargs": {},
        "id": "chatcmpl-D6IlBM5LX2x1Sz6zeHcgueF06jJ6A",
        "response_metadata": {
          "model_provider": "openai",
          "usage": {}
        },
        "tool_calls": [],
        "invalid_tool_calls": []
      }
    }
  },
  "run_id": "019c33bb-7e15-7ee3-8895-ed9cd365735f",
  "name": "ChatOpenAI",
  "tags": [],
  "metadata": {
    "thread_id": "test-session-1770394448994",
    "langgraph_step": 2,
    "langgraph_node": "sales_product",
    "langgraph_triggers": [
      "branch:to:sales_product"
    ],
    "langgraph_path": [
      "__pregel_pull",
      "sales_product"
    ],
    "langgraph_checkpoint_ns": "sales_product:6906affd-6312-5229-94f7-bebf2d292317",
    "__pregel_task_id": "6906affd-6312-5229-94f7-bebf2d292317",
    "checkpoint_ns": "sales_product:6906affd-6312-5229-94f7-bebf2d292317",
    "ls_provider": "openai",
    "ls_model_name": "gpt-4o",
    "ls_model_type": "chat",
    "ls_temperature": 0.2
  }
}
{
  "event": "on_chat_model_stream",
  "data": {
    "chunk": {
      "lc": 1,
      "type": "constructor",
      "id": [
        "langchain_core",
        "messages",
        "AIMessageChunk"
      ],
      "kwargs": {
        "content": "met",
        "tool_call_chunks": [],
        "additional_kwargs": {},
        "id": "chatcmpl-D6IlBM5LX2x1Sz6zeHcgueF06jJ6A",
        "response_metadata": {
          "model_provider": "openai",
          "usage": {}
        },
        "tool_calls": [],
        "invalid_tool_calls": []
      }
    }
  },
  "run_id": "019c33bb-7e15-7ee3-8895-ed9cd365735f",
  "name": "ChatOpenAI",
  "tags": [],
  "metadata": {
    "thread_id": "test-session-1770394448994",
    "langgraph_step": 2,
    "langgraph_node": "sales_product",
    "langgraph_triggers": [
      "branch:to:sales_product"
    ],
    "langgraph_path": [
      "__pregel_pull",
      "sales_product"
    ],
    "langgraph_checkpoint_ns": "sales_product:6906affd-6312-5229-94f7-bebf2d292317",
    "__pregel_task_id": "6906affd-6312-5229-94f7-bebf2d292317",
    "checkpoint_ns": "sales_product:6906affd-6312-5229-94f7-bebf2d292317",
    "ls_provider": "openai",
    "ls_model_name": "gpt-4o",
    "ls_model_type": "chat",
    "ls_temperature": 0.2
  }
}
{
  "event": "on_chat_model_stream",
  "data": {
    "chunk": {
      "lc": 1,
      "type": "constructor",
      "id": [
        "langchain_core",
        "messages",
        "AIMessageChunk"
      ],
      "kwargs": {
        "content": "!",
        "tool_call_chunks": [],
        "additional_kwargs": {},
        "id": "chatcmpl-D6IlBM5LX2x1Sz6zeHcgueF06jJ6A",
        "response_metadata": {
          "model_provider": "openai",
          "usage": {}
        },
        "tool_calls": [],
        "invalid_tool_calls": []
      }
    }
  },
  "run_id": "019c33bb-7e15-7ee3-8895-ed9cd365735f",
  "name": "ChatOpenAI",
  "tags": [],
  "metadata": {
    "thread_id": "test-session-1770394448994",
    "langgraph_step": 2,
    "langgraph_node": "sales_product",
    "langgraph_triggers": [
      "branch:to:sales_product"
    ],
    "langgraph_path": [
      "__pregel_pull",
      "sales_product"
    ],
    "langgraph_checkpoint_ns": "sales_product:6906affd-6312-5229-94f7-bebf2d292317",
    "__pregel_task_id": "6906affd-6312-5229-94f7-bebf2d292317",
    "checkpoint_ns": "sales_product:6906affd-6312-5229-94f7-bebf2d292317",
    "ls_provider": "openai",
    "ls_model_name": "gpt-4o",
    "ls_model_type": "chat",
    "ls_temperature": 0.2
  }
}
{
  "event": "on_chat_model_stream",
  "data": {
    "chunk": {
      "lc": 1,
      "type": "constructor",
      "id": [
        "langchain_core",
        "messages",
        "AIMessageChunk"
      ],
      "kwargs": {
        "content": " Size",
        "tool_call_chunks": [],
        "additional_kwargs": {},
        "id": "chatcmpl-D6IlBM5LX2x1Sz6zeHcgueF06jJ6A",
        "response_metadata": {
          "model_provider": "openai",
          "usage": {}
        },
        "tool_calls": [],
        "invalid_tool_calls": []
      }
    }
  },
  "run_id": "019c33bb-7e15-7ee3-8895-ed9cd365735f",
  "name": "ChatOpenAI",
  "tags": [],
  "metadata": {
    "thread_id": "test-session-1770394448994",
    "langgraph_step": 2,
    "langgraph_node": "sales_product",
    "langgraph_triggers": [
      "branch:to:sales_product"
    ],
    "langgraph_path": [
      "__pregel_pull",
      "sales_product"
    ],
    "langgraph_checkpoint_ns": "sales_product:6906affd-6312-5229-94f7-bebf2d292317",
    "__pregel_task_id": "6906affd-6312-5229-94f7-bebf2d292317",
    "checkpoint_ns": "sales_product:6906affd-6312-5229-94f7-bebf2d292317",
    "ls_provider": "openai",
    "ls_model_name": "gpt-4o",
    "ls_model_type": "chat",
    "ls_temperature": 0.2
  }
}
{
  "event": "on_chat_model_stream",
  "data": {
    "chunk": {
      "lc": 1,
      "type": "constructor",
      "id": [
        "langchain_core",
        "messages",
        "AIMessageChunk"
      ],
      "kwargs": {
        "content": " nas─▒l",
        "tool_call_chunks": [],
        "additional_kwargs": {},
        "id": "chatcmpl-D6IlBM5LX2x1Sz6zeHcgueF06jJ6A",
        "response_metadata": {
          "model_provider": "openai",
          "usage": {}
        },
        "tool_calls": [],
        "invalid_tool_calls": []
      }
    }
  },
  "run_id": "019c33bb-7e15-7ee3-8895-ed9cd365735f",
  "name": "ChatOpenAI",
  "tags": [],
  "metadata": {
    "thread_id": "test-session-1770394448994",
    "langgraph_step": 2,
    "langgraph_node": "sales_product",
    "langgraph_triggers": [
      "branch:to:sales_product"
    ],
    "langgraph_path": [
      "__pregel_pull",
      "sales_product"
    ],
    "langgraph_checkpoint_ns": "sales_product:6906affd-6312-5229-94f7-bebf2d292317",
    "__pregel_task_id": "6906affd-6312-5229-94f7-bebf2d292317",
    "checkpoint_ns": "sales_product:6906affd-6312-5229-94f7-bebf2d292317",
    "ls_provider": "openai",
    "ls_model_name": "gpt-4o",
    "ls_model_type": "chat",
    "ls_temperature": 0.2
  }
}
{
  "event": "on_chat_model_stream",
  "data": {
    "chunk": {
      "lc": 1,
      "type": "constructor",
      "id": [
        "langchain_core",
        "messages",
        "AIMessageChunk"
      ],
      "kwargs": {
        "content": " yard─▒mc─▒",
        "tool_call_chunks": [],
        "additional_kwargs": {},
        "id": "chatcmpl-D6IlBM5LX2x1Sz6zeHcgueF06jJ6A",
        "response_metadata": {
          "model_provider": "openai",
          "usage": {}
        },
        "tool_calls": [],
        "invalid_tool_calls": []
      }
    }
  },
  "run_id": "019c33bb-7e15-7ee3-8895-ed9cd365735f",
  "name": "ChatOpenAI",
  "tags": [],
  "metadata": {
    "thread_id": "test-session-1770394448994",
    "langgraph_step": 2,
    "langgraph_node": "sales_product",
    "langgraph_triggers": [
      "branch:to:sales_product"
    ],
    "langgraph_path": [
      "__pregel_pull",
      "sales_product"
    ],
    "langgraph_checkpoint_ns": "sales_product:6906affd-6312-5229-94f7-bebf2d292317",
    "__pregel_task_id": "6906affd-6312-5229-94f7-bebf2d292317",
    "checkpoint_ns": "sales_product:6906affd-6312-5229-94f7-bebf2d292317",
    "ls_provider": "openai",
    "ls_model_name": "gpt-4o",
    "ls_model_type": "chat",
    "ls_temperature": 0.2
  }
}
{
  "event": "on_chat_model_stream",
  "data": {
    "chunk": {
      "lc": 1,
      "type": "constructor",
      "id": [
        "langchain_core",
        "messages",
        "AIMessageChunk"
      ],
      "kwargs": {
        "content": " ol",
        "tool_call_chunks": [],
        "additional_kwargs": {},
        "id": "chatcmpl-D6IlBM5LX2x1Sz6zeHcgueF06jJ6A",
        "response_metadata": {
          "model_provider": "openai",
          "usage": {}
        },
        "tool_calls": [],
        "invalid_tool_calls": []
      }
    }
  },
  "run_id": "019c33bb-7e15-7ee3-8895-ed9cd365735f",
  "name": "ChatOpenAI",
  "tags": [],
  "metadata": {
    "thread_id": "test-session-1770394448994",
    "langgraph_step": 2,
    "langgraph_node": "sales_product",
    "langgraph_triggers": [
      "branch:to:sales_product"
    ],
    "langgraph_path": [
      "__pregel_pull",
      "sales_product"
    ],
    "langgraph_checkpoint_ns": "sales_product:6906affd-6312-5229-94f7-bebf2d292317",
    "__pregel_task_id": "6906affd-6312-5229-94f7-bebf2d292317",
    "checkpoint_ns": "sales_product:6906affd-6312-5229-94f7-bebf2d292317",
    "ls_provider": "openai",
    "ls_model_name": "gpt-4o",
    "ls_model_type": "chat",
    "ls_temperature": 0.2
  }
}
{
  "event": "on_chat_model_stream",
  "data": {
    "chunk": {
      "lc": 1,
      "type": "constructor",
      "id": [
        "langchain_core",
        "messages",
        "AIMessageChunk"
      ],
      "kwargs": {
        "content": "abil",
        "tool_call_chunks": [],
        "additional_kwargs": {},
        "id": "chatcmpl-D6IlBM5LX2x1Sz6zeHcgueF06jJ6A",
        "response_metadata": {
          "model_provider": "openai",
          "usage": {}
        },
        "tool_calls": [],
        "invalid_tool_calls": []
      }
    }
  },
  "run_id": "019c33bb-7e15-7ee3-8895-ed9cd365735f",
  "name": "ChatOpenAI",
  "tags": [],
  "metadata": {
    "thread_id": "test-session-1770394448994",
    "langgraph_step": 2,
    "langgraph_node": "sales_product",
    "langgraph_triggers": [
      "branch:to:sales_product"
    ],
    "langgraph_path": [
      "__pregel_pull",
      "sales_product"
    ],
    "langgraph_checkpoint_ns": "sales_product:6906affd-6312-5229-94f7-bebf2d292317",
    "__pregel_task_id": "6906affd-6312-5229-94f7-bebf2d292317",
    "checkpoint_ns": "sales_product:6906affd-6312-5229-94f7-bebf2d292317",
    "ls_provider": "openai",
    "ls_model_name": "gpt-4o",
    "ls_model_type": "chat",
    "ls_temperature": 0.2
  }
}
{
  "event": "on_chat_model_stream",
  "data": {
    "chunk": {
      "lc": 1,
      "type": "constructor",
      "id": [
        "langchain_core",
        "messages",
        "AIMessageChunk"
      ],
      "kwargs": {
        "content": "irim",
        "tool_call_chunks": [],
        "additional_kwargs": {},
        "id": "chatcmpl-D6IlBM5LX2x1Sz6zeHcgueF06jJ6A",
        "response_metadata": {
          "model_provider": "openai",
          "usage": {}
        },
        "tool_calls": [],
        "invalid_tool_calls": []
      }
    }
  },
  "run_id": "019c33bb-7e15-7ee3-8895-ed9cd365735f",
  "name": "ChatOpenAI",
  "tags": [],
  "metadata": {
    "thread_id": "test-session-1770394448994",
    "langgraph_step": 2,
    "langgraph_node": "sales_product",
    "langgraph_triggers": [
      "branch:to:sales_product"
    ],
    "langgraph_path": [
      "__pregel_pull",
      "sales_product"
    ],
    "langgraph_checkpoint_ns": "sales_product:6906affd-6312-5229-94f7-bebf2d292317",
    "__pregel_task_id": "6906affd-6312-5229-94f7-bebf2d292317",
    "checkpoint_ns": "sales_product:6906affd-6312-5229-94f7-bebf2d292317",
    "ls_provider": "openai",
    "ls_model_name": "gpt-4o",
    "ls_model_type": "chat",
    "ls_temperature": 0.2
  }
}
{
  "event": "on_chat_model_stream",
  "data": {
    "chunk": {
      "lc": 1,
      "type": "constructor",
      "id": [
        "langchain_core",
        "messages",
        "AIMessageChunk"
      ],
      "kwargs": {
        "content": "?",
        "tool_call_chunks": [],
        "additional_kwargs": {},
        "id": "chatcmpl-D6IlBM5LX2x1Sz6zeHcgueF06jJ6A",
        "response_metadata": {
          "model_provider": "openai",
          "usage": {}
        },
        "tool_calls": [],
        "invalid_tool_calls": []
      }
    }
  },
  "run_id": "019c33bb-7e15-7ee3-8895-ed9cd365735f",
  "name": "ChatOpenAI",
  "tags": [],
  "metadata": {
    "thread_id": "test-session-1770394448994",
    "langgraph_step": 2,
    "langgraph_node": "sales_product",
    "langgraph_triggers": [
      "branch:to:sales_product"
    ],
    "langgraph_path": [
      "__pregel_pull",
      "sales_product"
    ],
    "langgraph_checkpoint_ns": "sales_product:6906affd-6312-5229-94f7-bebf2d292317",
    "__pregel_task_id": "6906affd-6312-5229-94f7-bebf2d292317",
    "checkpoint_ns": "sales_product:6906affd-6312-5229-94f7-bebf2d292317",
    "ls_provider": "openai",
    "ls_model_name": "gpt-4o",
    "ls_model_type": "chat",
    "ls_temperature": 0.2
  }
}
{
  "event": "on_chat_model_stream",
  "data": {
    "chunk": {
      "lc": 1,
      "type": "constructor",
      "id": [
        "langchain_core",
        "messages",
        "AIMessageChunk"
      ],
      "kwargs": {
        "content": " ├£",
        "tool_call_chunks": [],
        "additional_kwargs": {},
        "id": "chatcmpl-D6IlBM5LX2x1Sz6zeHcgueF06jJ6A",
        "response_metadata": {
          "model_provider": "openai",
          "usage": {}
        },
        "tool_calls": [],
        "invalid_tool_calls": []
      }
    }
  },
  "run_id": "019c33bb-7e15-7ee3-8895-ed9cd365735f",
  "name": "ChatOpenAI",
  "tags": [],
  "metadata": {
    "thread_id": "test-session-1770394448994",
    "langgraph_step": 2,
    "langgraph_node": "sales_product",
    "langgraph_triggers": [
      "branch:to:sales_product"
    ],
    "langgraph_path": [
      "__pregel_pull",
      "sales_product"
    ],
    "langgraph_checkpoint_ns": "sales_product:6906affd-6312-5229-94f7-bebf2d292317",
    "__pregel_task_id": "6906affd-6312-5229-94f7-bebf2d292317",
    "checkpoint_ns": "sales_product:6906affd-6312-5229-94f7-bebf2d292317",
    "ls_provider": "openai",
    "ls_model_name": "gpt-4o",
    "ls_model_type": "chat",
    "ls_temperature": 0.2
  }
}
{
  "event": "on_chat_model_stream",
  "data": {
    "chunk": {
      "lc": 1,
      "type": "constructor",
      "id": [
        "langchain_core",
        "messages",
        "AIMessageChunk"
      ],
      "kwargs": {
        "content": "r├╝n",
        "tool_call_chunks": [],
        "additional_kwargs": {},
        "id": "chatcmpl-D6IlBM5LX2x1Sz6zeHcgueF06jJ6A",
        "response_metadata": {
          "model_provider": "openai",
          "usage": {}
        },
        "tool_calls": [],
        "invalid_tool_calls": []
      }
    }
  },
  "run_id": "019c33bb-7e15-7ee3-8895-ed9cd365735f",
  "name": "ChatOpenAI",
  "tags": [],
  "metadata": {
    "thread_id": "test-session-1770394448994",
    "langgraph_step": 2,
    "langgraph_node": "sales_product",
    "langgraph_triggers": [
      "branch:to:sales_product"
    ],
    "langgraph_path": [
      "__pregel_pull",
      "sales_product"
    ],
    "langgraph_checkpoint_ns": "sales_product:6906affd-6312-5229-94f7-bebf2d292317",
    "__pregel_task_id": "6906affd-6312-5229-94f7-bebf2d292317",
    "checkpoint_ns": "sales_product:6906affd-6312-5229-94f7-bebf2d292317",
    "ls_provider": "openai",
    "ls_model_name": "gpt-4o",
    "ls_model_type": "chat",
    "ls_temperature": 0.2
  }
}
{
  "event": "on_chat_model_stream",
  "data": {
    "chunk": {
      "lc": 1,
      "type": "constructor",
      "id": [
        "langchain_core",
        "messages",
        "AIMessageChunk"
      ],
      "kwargs": {
        "content": "ler",
        "tool_call_chunks": [],
        "additional_kwargs": {},
        "id": "chatcmpl-D6IlBM5LX2x1Sz6zeHcgueF06jJ6A",
        "response_metadata": {
          "model_provider": "openai",
          "usage": {}
        },
        "tool_calls": [],
        "invalid_tool_calls": []
      }
    }
  },
  "run_id": "019c33bb-7e15-7ee3-8895-ed9cd365735f",
  "name": "ChatOpenAI",
  "tags": [],
  "metadata": {
    "thread_id": "test-session-1770394448994",
    "langgraph_step": 2,
    "langgraph_node": "sales_product",
    "langgraph_triggers": [
      "branch:to:sales_product"
    ],
    "langgraph_path": [
      "__pregel_pull",
      "sales_product"
    ],
    "langgraph_checkpoint_ns": "sales_product:6906affd-6312-5229-94f7-bebf2d292317",
    "__pregel_task_id": "6906affd-6312-5229-94f7-bebf2d292317",
    "checkpoint_ns": "sales_product:6906affd-6312-5229-94f7-bebf2d292317",
    "ls_provider": "openai",
    "ls_model_name": "gpt-4o",
    "ls_model_type": "chat",
    "ls_temperature": 0.2
  }
}
{
  "event": "on_chat_model_stream",
  "data": {
    "chunk": {
      "lc": 1,
      "type": "constructor",
      "id": [
        "langchain_core",
        "messages",
        "AIMessageChunk"
      ],
      "kwargs": {
        "content": "imiz",
        "tool_call_chunks": [],
        "additional_kwargs": {},
        "id": "chatcmpl-D6IlBM5LX2x1Sz6zeHcgueF06jJ6A",
        "response_metadata": {
          "model_provider": "openai",
          "usage": {}
        },
        "tool_calls": [],
        "invalid_tool_calls": []
      }
    }
  },
  "run_id": "019c33bb-7e15-7ee3-8895-ed9cd365735f",
  "name": "ChatOpenAI",
  "tags": [],
  "metadata": {
    "thread_id": "test-session-1770394448994",
    "langgraph_step": 2,
    "langgraph_node": "sales_product",
    "langgraph_triggers": [
      "branch:to:sales_product"
    ],
    "langgraph_path": [
      "__pregel_pull",
      "sales_product"
    ],
    "langgraph_checkpoint_ns": "sales_product:6906affd-6312-5229-94f7-bebf2d292317",
    "__pregel_task_id": "6906affd-6312-5229-94f7-bebf2d292317",
    "checkpoint_ns": "sales_product:6906affd-6312-5229-94f7-bebf2d292317",
    "ls_provider": "openai",
    "ls_model_name": "gpt-4o",
    "ls_model_type": "chat",
    "ls_temperature": 0.2
  }
}
{
  "event": "on_chat_model_stream",
  "data": {
    "chunk": {
      "lc": 1,
      "type": "constructor",
      "id": [
        "langchain_core",
        "messages",
        "AIMessageChunk"
      ],
      "kwargs": {
        "content": "le",
        "tool_call_chunks": [],
        "additional_kwargs": {},
        "id": "chatcmpl-D6IlBM5LX2x1Sz6zeHcgueF06jJ6A",
        "response_metadata": {
          "model_provider": "openai",
          "usage": {}
        },
        "tool_calls": [],
        "invalid_tool_calls": []
      }
    }
  },
  "run_id": "019c33bb-7e15-7ee3-8895-ed9cd365735f",
  "name": "ChatOpenAI",
  "tags": [],
  "metadata": {
    "thread_id": "test-session-1770394448994",
    "langgraph_step": 2,
    "langgraph_node": "sales_product",
    "langgraph_triggers": [
      "branch:to:sales_product"
    ],
    "langgraph_path": [
      "__pregel_pull",
      "sales_product"
    ],
    "langgraph_checkpoint_ns": "sales_product:6906affd-6312-5229-94f7-bebf2d292317",
    "__pregel_task_id": "6906affd-6312-5229-94f7-bebf2d292317",
    "checkpoint_ns": "sales_product:6906affd-6312-5229-94f7-bebf2d292317",
    "ls_provider": "openai",
    "ls_model_name": "gpt-4o",
    "ls_model_type": "chat",
    "ls_temperature": 0.2
  }
}
{
  "event": "on_chat_model_stream",
  "data": {
    "chunk": {
      "lc": 1,
      "type": "constructor",
      "id": [
        "langchain_core",
        "messages",
        "AIMessageChunk"
      ],
      "kwargs": {
        "content": " ilgili",
        "tool_call_chunks": [],
        "additional_kwargs": {},
        "id": "chatcmpl-D6IlBM5LX2x1Sz6zeHcgueF06jJ6A",
        "response_metadata": {
          "model_provider": "openai",
          "usage": {}
        },
        "tool_calls": [],
        "invalid_tool_calls": []
      }
    }
  },
  "run_id": "019c33bb-7e15-7ee3-8895-ed9cd365735f",
  "name": "ChatOpenAI",
  "tags": [],
  "metadata": {
    "thread_id": "test-session-1770394448994",
    "langgraph_step": 2,
    "langgraph_node": "sales_product",
    "langgraph_triggers": [
      "branch:to:sales_product"
    ],
    "langgraph_path": [
      "__pregel_pull",
      "sales_product"
    ],
    "langgraph_checkpoint_ns": "sales_product:6906affd-6312-5229-94f7-bebf2d292317",
    "__pregel_task_id": "6906affd-6312-5229-94f7-bebf2d292317",
    "checkpoint_ns": "sales_product:6906affd-6312-5229-94f7-bebf2d292317",
    "ls_provider": "openai",
    "ls_model_name": "gpt-4o",
    "ls_model_type": "chat",
    "ls_temperature": 0.2
  }
}
{
  "event": "on_chat_model_stream",
  "data": {
    "chunk": {
      "lc": 1,
      "type": "constructor",
      "id": [
        "langchain_core",
        "messages",
        "AIMessageChunk"
      ],
      "kwargs": {
        "content": " bir",
        "tool_call_chunks": [],
        "additional_kwargs": {},
        "id": "chatcmpl-D6IlBM5LX2x1Sz6zeHcgueF06jJ6A",
        "response_metadata": {
          "model_provider": "openai",
          "usage": {}
        },
        "tool_calls": [],
        "invalid_tool_calls": []
      }
    }
  },
  "run_id": "019c33bb-7e15-7ee3-8895-ed9cd365735f",
  "name": "ChatOpenAI",
  "tags": [],
  "metadata": {
    "thread_id": "test-session-1770394448994",
    "langgraph_step": 2,
    "langgraph_node": "sales_product",
    "langgraph_triggers": [
      "branch:to:sales_product"
    ],
    "langgraph_path": [
      "__pregel_pull",
      "sales_product"
    ],
    "langgraph_checkpoint_ns": "sales_product:6906affd-6312-5229-94f7-bebf2d292317",
    "__pregel_task_id": "6906affd-6312-5229-94f7-bebf2d292317",
    "checkpoint_ns": "sales_product:6906affd-6312-5229-94f7-bebf2d292317",
    "ls_provider": "openai",
    "ls_model_name": "gpt-4o",
    "ls_model_type": "chat",
    "ls_temperature": 0.2
  }
}
{
  "event": "on_chat_model_stream",
  "data": {
    "chunk": {
      "lc": 1,
      "type": "constructor",
      "id": [
        "langchain_core",
        "messages",
        "AIMessageChunk"
      ],
      "kwargs": {
        "content": " sor",
        "tool_call_chunks": [],
        "additional_kwargs": {},
        "id": "chatcmpl-D6IlBM5LX2x1Sz6zeHcgueF06jJ6A",
        "response_metadata": {
          "model_provider": "openai",
          "usage": {}
        },
        "tool_calls": [],
        "invalid_tool_calls": []
      }
    }
  },
  "run_id": "019c33bb-7e15-7ee3-8895-ed9cd365735f",
  "name": "ChatOpenAI",
  "tags": [],
  "metadata": {
    "thread_id": "test-session-1770394448994",
    "langgraph_step": 2,
    "langgraph_node": "sales_product",
    "langgraph_triggers": [
      "branch:to:sales_product"
    ],
    "langgraph_path": [
      "__pregel_pull",
      "sales_product"
    ],
    "langgraph_checkpoint_ns": "sales_product:6906affd-6312-5229-94f7-bebf2d292317",
    "__pregel_task_id": "6906affd-6312-5229-94f7-bebf2d292317",
    "checkpoint_ns": "sales_product:6906affd-6312-5229-94f7-bebf2d292317",
    "ls_provider": "openai",
    "ls_model_name": "gpt-4o",
    "ls_model_type": "chat",
    "ls_temperature": 0.2
  }
}
{
  "event": "on_chat_model_stream",
  "data": {
    "chunk": {
      "lc": 1,
      "type": "constructor",
      "id": [
        "langchain_core",
        "messages",
        "AIMessageChunk"
      ],
      "kwargs": {
        "content": "unuz",
        "tool_call_chunks": [],
        "additional_kwargs": {},
        "id": "chatcmpl-D6IlBM5LX2x1Sz6zeHcgueF06jJ6A",
        "response_metadata": {
          "model_provider": "openai",
          "usage": {}
        },
        "tool_calls": [],
        "invalid_tool_calls": []
      }
    }
  },
  "run_id": "019c33bb-7e15-7ee3-8895-ed9cd365735f",
  "name": "ChatOpenAI",
  "tags": [],
  "metadata": {
    "thread_id": "test-session-1770394448994",
    "langgraph_step": 2,
    "langgraph_node": "sales_product",
    "langgraph_triggers": [
      "branch:to:sales_product"
    ],
    "langgraph_path": [
      "__pregel_pull",
      "sales_product"
    ],
    "langgraph_checkpoint_ns": "sales_product:6906affd-6312-5229-94f7-bebf2d292317",
    "__pregel_task_id": "6906affd-6312-5229-94f7-bebf2d292317",
    "checkpoint_ns": "sales_product:6906affd-6312-5229-94f7-bebf2d292317",
    "ls_provider": "openai",
    "ls_model_name": "gpt-4o",
    "ls_model_type": "chat",
    "ls_temperature": 0.2
  }
}
{
  "event": "on_chat_model_stream",
  "data": {
    "chunk": {
      "lc": 1,
      "type": "constructor",
      "id": [
        "langchain_core",
        "messages",
        "AIMessageChunk"
      ],
      "kwargs": {
        "content": " mu",
        "tool_call_chunks": [],
        "additional_kwargs": {},
        "id": "chatcmpl-D6IlBM5LX2x1Sz6zeHcgueF06jJ6A",
        "response_metadata": {
          "model_provider": "openai",
          "usage": {}
        },
        "tool_calls": [],
        "invalid_tool_calls": []
      }
    }
  },
  "run_id": "019c33bb-7e15-7ee3-8895-ed9cd365735f",
  "name": "ChatOpenAI",
  "tags": [],
  "metadata": {
    "thread_id": "test-session-1770394448994",
    "langgraph_step": 2,
    "langgraph_node": "sales_product",
    "langgraph_triggers": [
      "branch:to:sales_product"
    ],
    "langgraph_path": [
      "__pregel_pull",
      "sales_product"
    ],
    "langgraph_checkpoint_ns": "sales_product:6906affd-6312-5229-94f7-bebf2d292317",
    "__pregel_task_id": "6906affd-6312-5229-94f7-bebf2d292317",
    "checkpoint_ns": "sales_product:6906affd-6312-5229-94f7-bebf2d292317",
    "ls_provider": "openai",
    "ls_model_name": "gpt-4o",
    "ls_model_type": "chat",
    "ls_temperature": 0.2
  }
}
{
  "event": "on_chat_model_stream",
  "data": {
    "chunk": {
      "lc": 1,
      "type": "constructor",
      "id": [
        "langchain_core",
        "messages",
        "AIMessageChunk"
      ],
      "kwargs": {
        "content": " var",
        "tool_call_chunks": [],
        "additional_kwargs": {},
        "id": "chatcmpl-D6IlBM5LX2x1Sz6zeHcgueF06jJ6A",
        "response_metadata": {
          "model_provider": "openai",
          "usage": {}
        },
        "tool_calls": [],
        "invalid_tool_calls": []
      }
    }
  },
  "run_id": "019c33bb-7e15-7ee3-8895-ed9cd365735f",
  "name": "ChatOpenAI",
  "tags": [],
  "metadata": {
    "thread_id": "test-session-1770394448994",
    "langgraph_step": 2,
    "langgraph_node": "sales_product",
    "langgraph_triggers": [
      "branch:to:sales_product"
    ],
    "langgraph_path": [
      "__pregel_pull",
      "sales_product"
    ],
    "langgraph_checkpoint_ns": "sales_product:6906affd-6312-5229-94f7-bebf2d292317",
    "__pregel_task_id": "6906affd-6312-5229-94f7-bebf2d292317",
    "checkpoint_ns": "sales_product:6906affd-6312-5229-94f7-bebf2d292317",
    "ls_provider": "openai",
    "ls_model_name": "gpt-4o",
    "ls_model_type": "chat",
    "ls_temperature": 0.2
  }
}
{
  "event": "on_chat_model_stream",
  "data": {
    "chunk": {
      "lc": 1,
      "type": "constructor",
      "id": [
        "langchain_core",
        "messages",
        "AIMessageChunk"
      ],
      "kwargs": {
        "content": ",",
        "tool_call_chunks": [],
        "additional_kwargs": {},
        "id": "chatcmpl-D6IlBM5LX2x1Sz6zeHcgueF06jJ6A",
        "response_metadata": {
          "model_provider": "openai",
          "usage": {}
        },
        "tool_calls": [],
        "invalid_tool_calls": []
      }
    }
  },
  "run_id": "019c33bb-7e15-7ee3-8895-ed9cd365735f",
  "name": "ChatOpenAI",
  "tags": [],
  "metadata": {
    "thread_id": "test-session-1770394448994",
    "langgraph_step": 2,
    "langgraph_node": "sales_product",
    "langgraph_triggers": [
      "branch:to:sales_product"
    ],
    "langgraph_path": [
      "__pregel_pull",
      "sales_product"
    ],
    "langgraph_checkpoint_ns": "sales_product:6906affd-6312-5229-94f7-bebf2d292317",
    "__pregel_task_id": "6906affd-6312-5229-94f7-bebf2d292317",
    "checkpoint_ns": "sales_product:6906affd-6312-5229-94f7-bebf2d292317",
    "ls_provider": "openai",
    "ls_model_name": "gpt-4o",
    "ls_model_type": "chat",
    "ls_temperature": 0.2
  }
}
{
  "event": "on_chat_model_stream",
  "data": {
    "chunk": {
      "lc": 1,
      "type": "constructor",
      "id": [
        "langchain_core",
        "messages",
        "AIMessageChunk"
      ],
      "kwargs": {
        "content": " yok",
        "tool_call_chunks": [],
        "additional_kwargs": {},
        "id": "chatcmpl-D6IlBM5LX2x1Sz6zeHcgueF06jJ6A",
        "response_metadata": {
          "model_provider": "openai",
          "usage": {}
        },
        "tool_calls": [],
        "invalid_tool_calls": []
      }
    }
  },
  "run_id": "019c33bb-7e15-7ee3-8895-ed9cd365735f",
  "name": "ChatOpenAI",
  "tags": [],
  "metadata": {
    "thread_id": "test-session-1770394448994",
    "langgraph_step": 2,
    "langgraph_node": "sales_product",
    "langgraph_triggers": [
      "branch:to:sales_product"
    ],
    "langgraph_path": [
      "__pregel_pull",
      "sales_product"
    ],
    "langgraph_checkpoint_ns": "sales_product:6906affd-6312-5229-94f7-bebf2d292317",
    "__pregel_task_id": "6906affd-6312-5229-94f7-bebf2d292317",
    "checkpoint_ns": "sales_product:6906affd-6312-5229-94f7-bebf2d292317",
    "ls_provider": "openai",
    "ls_model_name": "gpt-4o",
    "ls_model_type": "chat",
    "ls_temperature": 0.2
  }
}
{
  "event": "on_chat_model_stream",
  "data": {
    "chunk": {
      "lc": 1,
      "type": "constructor",
      "id": [
        "langchain_core",
        "messages",
        "AIMessageChunk"
      ],
      "kwargs": {
        "content": "sa",
        "tool_call_chunks": [],
        "additional_kwargs": {},
        "id": "chatcmpl-D6IlBM5LX2x1Sz6zeHcgueF06jJ6A",
        "response_metadata": {
          "model_provider": "openai",
          "usage": {}
        },
        "tool_calls": [],
        "invalid_tool_calls": []
      }
    }
  },
  "run_id": "019c33bb-7e15-7ee3-8895-ed9cd365735f",
  "name": "ChatOpenAI",
  "tags": [],
  "metadata": {
    "thread_id": "test-session-1770394448994",
    "langgraph_step": 2,
    "langgraph_node": "sales_product",
    "langgraph_triggers": [
      "branch:to:sales_product"
    ],
    "langgraph_path": [
      "__pregel_pull",
      "sales_product"
    ],
    "langgraph_checkpoint_ns": "sales_product:6906affd-6312-5229-94f7-bebf2d292317",
    "__pregel_task_id": "6906affd-6312-5229-94f7-bebf2d292317",
    "checkpoint_ns": "sales_product:6906affd-6312-5229-94f7-bebf2d292317",
    "ls_provider": "openai",
    "ls_model_name": "gpt-4o",
    "ls_model_type": "chat",
    "ls_temperature": 0.2
  }
}
{
  "event": "on_chat_model_stream",
  "data": {
    "chunk": {
      "lc": 1,
      "type": "constructor",
      "id": [
        "langchain_core",
        "messages",
        "AIMessageChunk"
      ],
      "kwargs": {
        "content": " ba┼şka",
        "tool_call_chunks": [],
        "additional_kwargs": {},
        "id": "chatcmpl-D6IlBM5LX2x1Sz6zeHcgueF06jJ6A",
        "response_metadata": {
          "model_provider": "openai",
          "usage": {}
        },
        "tool_calls": [],
        "invalid_tool_calls": []
      }
    }
  },
  "run_id": "019c33bb-7e15-7ee3-8895-ed9cd365735f",
  "name": "ChatOpenAI",
  "tags": [],
  "metadata": {
    "thread_id": "test-session-1770394448994",
    "langgraph_step": 2,
    "langgraph_node": "sales_product",
    "langgraph_triggers": [
      "branch:to:sales_product"
    ],
    "langgraph_path": [
      "__pregel_pull",
      "sales_product"
    ],
    "langgraph_checkpoint_ns": "sales_product:6906affd-6312-5229-94f7-bebf2d292317",
    "__pregel_task_id": "6906affd-6312-5229-94f7-bebf2d292317",
    "checkpoint_ns": "sales_product:6906affd-6312-5229-94f7-bebf2d292317",
    "ls_provider": "openai",
    "ls_model_name": "gpt-4o",
    "ls_model_type": "chat",
    "ls_temperature": 0.2
  }
}
{
  "event": "on_chat_model_stream",
  "data": {
    "chunk": {
      "lc": 1,
      "type": "constructor",
      "id": [
        "langchain_core",
        "messages",
        "AIMessageChunk"
      ],
      "kwargs": {
        "content": " bir",
        "tool_call_chunks": [],
        "additional_kwargs": {},
        "id": "chatcmpl-D6IlBM5LX2x1Sz6zeHcgueF06jJ6A",
        "response_metadata": {
          "model_provider": "openai",
          "usage": {}
        },
        "tool_calls": [],
        "invalid_tool_calls": []
      }
    }
  },
  "run_id": "019c33bb-7e15-7ee3-8895-ed9cd365735f",
  "name": "ChatOpenAI",
  "tags": [],
  "metadata": {
    "thread_id": "test-session-1770394448994",
    "langgraph_step": 2,
    "langgraph_node": "sales_product",
    "langgraph_triggers": [
      "branch:to:sales_product"
    ],
    "langgraph_path": [
      "__pregel_pull",
      "sales_product"
    ],
    "langgraph_checkpoint_ns": "sales_product:6906affd-6312-5229-94f7-bebf2d292317",
    "__pregel_task_id": "6906affd-6312-5229-94f7-bebf2d292317",
    "checkpoint_ns": "sales_product:6906affd-6312-5229-94f7-bebf2d292317",
    "ls_provider": "openai",
    "ls_model_name": "gpt-4o",
    "ls_model_type": "chat",
    "ls_temperature": 0.2
  }
}
{
  "event": "on_chat_model_stream",
  "data": {
    "chunk": {
      "lc": 1,
      "type": "constructor",
      "id": [
        "langchain_core",
        "messages",
        "AIMessageChunk"
      ],
      "kwargs": {
        "content": " konuda",
        "tool_call_chunks": [],
        "additional_kwargs": {},
        "id": "chatcmpl-D6IlBM5LX2x1Sz6zeHcgueF06jJ6A",
        "response_metadata": {
          "model_provider": "openai",
          "usage": {}
        },
        "tool_calls": [],
        "invalid_tool_calls": []
      }
    }
  },
  "run_id": "019c33bb-7e15-7ee3-8895-ed9cd365735f",
  "name": "ChatOpenAI",
  "tags": [],
  "metadata": {
    "thread_id": "test-session-1770394448994",
    "langgraph_step": 2,
    "langgraph_node": "sales_product",
    "langgraph_triggers": [
      "branch:to:sales_product"
    ],
    "langgraph_path": [
      "__pregel_pull",
      "sales_product"
    ],
    "langgraph_checkpoint_ns": "sales_product:6906affd-6312-5229-94f7-bebf2d292317",
    "__pregel_task_id": "6906affd-6312-5229-94f7-bebf2d292317",
    "checkpoint_ns": "sales_product:6906affd-6312-5229-94f7-bebf2d292317",
    "ls_provider": "openai",
    "ls_model_name": "gpt-4o",
    "ls_model_type": "chat",
    "ls_temperature": 0.2
  }
}
{
  "event": "on_chat_model_stream",
  "data": {
    "chunk": {
      "lc": 1,
      "type": "constructor",
      "id": [
        "langchain_core",
        "messages",
        "AIMessageChunk"
      ],
      "kwargs": {
        "content": " m─▒",
        "tool_call_chunks": [],
        "additional_kwargs": {},
        "id": "chatcmpl-D6IlBM5LX2x1Sz6zeHcgueF06jJ6A",
        "response_metadata": {
          "model_provider": "openai",
          "usage": {}
        },
        "tool_calls": [],
        "invalid_tool_calls": []
      }
    }
  },
  "run_id": "019c33bb-7e15-7ee3-8895-ed9cd365735f",
  "name": "ChatOpenAI",
  "tags": [],
  "metadata": {
    "thread_id": "test-session-1770394448994",
    "langgraph_step": 2,
    "langgraph_node": "sales_product",
    "langgraph_triggers": [
      "branch:to:sales_product"
    ],
    "langgraph_path": [
      "__pregel_pull",
      "sales_product"
    ],
    "langgraph_checkpoint_ns": "sales_product:6906affd-6312-5229-94f7-bebf2d292317",
    "__pregel_task_id": "6906affd-6312-5229-94f7-bebf2d292317",
    "checkpoint_ns": "sales_product:6906affd-6312-5229-94f7-bebf2d292317",
    "ls_provider": "openai",
    "ls_model_name": "gpt-4o",
    "ls_model_type": "chat",
    "ls_temperature": 0.2
  }
}
{
  "event": "on_chat_model_stream",
  "data": {
    "chunk": {
      "lc": 1,
      "type": "constructor",
      "id": [
        "langchain_core",
        "messages",
        "AIMessageChunk"
      ],
      "kwargs": {
        "content": " yard─▒mc─▒",
        "tool_call_chunks": [],
        "additional_kwargs": {},
        "id": "chatcmpl-D6IlBM5LX2x1Sz6zeHcgueF06jJ6A",
        "response_metadata": {
          "model_provider": "openai",
          "usage": {}
        },
        "tool_calls": [],
        "invalid_tool_calls": []
      }
    }
  },
  "run_id": "019c33bb-7e15-7ee3-8895-ed9cd365735f",
  "name": "ChatOpenAI",
  "tags": [],
  "metadata": {
    "thread_id": "test-session-1770394448994",
    "langgraph_step": 2,
    "langgraph_node": "sales_product",
    "langgraph_triggers": [
      "branch:to:sales_product"
    ],
    "langgraph_path": [
      "__pregel_pull",
      "sales_product"
    ],
    "langgraph_checkpoint_ns": "sales_product:6906affd-6312-5229-94f7-bebf2d292317",
    "__pregel_task_id": "6906affd-6312-5229-94f7-bebf2d292317",
    "checkpoint_ns": "sales_product:6906affd-6312-5229-94f7-bebf2d292317",
    "ls_provider": "openai",
    "ls_model_name": "gpt-4o",
    "ls_model_type": "chat",
    "ls_temperature": 0.2
  }
}
{
  "event": "on_chat_model_stream",
  "data": {
    "chunk": {
      "lc": 1,
      "type": "constructor",
      "id": [
        "langchain_core",
        "messages",
        "AIMessageChunk"
      ],
      "kwargs": {
        "content": " olm",
        "tool_call_chunks": [],
        "additional_kwargs": {},
        "id": "chatcmpl-D6IlBM5LX2x1Sz6zeHcgueF06jJ6A",
        "response_metadata": {
          "model_provider": "openai",
          "usage": {}
        },
        "tool_calls": [],
        "invalid_tool_calls": []
      }
    }
  },
  "run_id": "019c33bb-7e15-7ee3-8895-ed9cd365735f",
  "name": "ChatOpenAI",
  "tags": [],
  "metadata": {
    "thread_id": "test-session-1770394448994",
    "langgraph_step": 2,
    "langgraph_node": "sales_product",
    "langgraph_triggers": [
      "branch:to:sales_product"
    ],
    "langgraph_path": [
      "__pregel_pull",
      "sales_product"
    ],
    "langgraph_checkpoint_ns": "sales_product:6906affd-6312-5229-94f7-bebf2d292317",
    "__pregel_task_id": "6906affd-6312-5229-94f7-bebf2d292317",
    "checkpoint_ns": "sales_product:6906affd-6312-5229-94f7-bebf2d292317",
    "ls_provider": "openai",
    "ls_model_name": "gpt-4o",
    "ls_model_type": "chat",
    "ls_temperature": 0.2
  }
}
{
  "event": "on_chat_model_stream",
  "data": {
    "chunk": {
      "lc": 1,
      "type": "constructor",
      "id": [
        "langchain_core",
        "messages",
        "AIMessageChunk"
      ],
      "kwargs": {
        "content": "am",
        "tool_call_chunks": [],
        "additional_kwargs": {},
        "id": "chatcmpl-D6IlBM5LX2x1Sz6zeHcgueF06jJ6A",
        "response_metadata": {
          "model_provider": "openai",
          "usage": {}
        },
        "tool_calls": [],
        "invalid_tool_calls": []
      }
    }
  },
  "run_id": "019c33bb-7e15-7ee3-8895-ed9cd365735f",
  "name": "ChatOpenAI",
  "tags": [],
  "metadata": {
    "thread_id": "test-session-1770394448994",
    "langgraph_step": 2,
    "langgraph_node": "sales_product",
    "langgraph_triggers": [
      "branch:to:sales_product"
    ],
    "langgraph_path": [
      "__pregel_pull",
      "sales_product"
    ],
    "langgraph_checkpoint_ns": "sales_product:6906affd-6312-5229-94f7-bebf2d292317",
    "__pregel_task_id": "6906affd-6312-5229-94f7-bebf2d292317",
    "checkpoint_ns": "sales_product:6906affd-6312-5229-94f7-bebf2d292317",
    "ls_provider": "openai",
    "ls_model_name": "gpt-4o",
    "ls_model_type": "chat",
    "ls_temperature": 0.2
  }
}
{
  "event": "on_chat_model_stream",
  "data": {
    "chunk": {
      "lc": 1,
      "type": "constructor",
      "id": [
        "langchain_core",
        "messages",
        "AIMessageChunk"
      ],
      "kwargs": {
        "content": "─▒",
        "tool_call_chunks": [],
        "additional_kwargs": {},
        "id": "chatcmpl-D6IlBM5LX2x1Sz6zeHcgueF06jJ6A",
        "response_metadata": {
          "model_provider": "openai",
          "usage": {}
        },
        "tool_calls": [],
        "invalid_tool_calls": []
      }
    }
  },
  "run_id": "019c33bb-7e15-7ee3-8895-ed9cd365735f",
  "name": "ChatOpenAI",
  "tags": [],
  "metadata": {
    "thread_id": "test-session-1770394448994",
    "langgraph_step": 2,
    "langgraph_node": "sales_product",
    "langgraph_triggers": [
      "branch:to:sales_product"
    ],
    "langgraph_path": [
      "__pregel_pull",
      "sales_product"
    ],
    "langgraph_checkpoint_ns": "sales_product:6906affd-6312-5229-94f7-bebf2d292317",
    "__pregel_task_id": "6906affd-6312-5229-94f7-bebf2d292317",
    "checkpoint_ns": "sales_product:6906affd-6312-5229-94f7-bebf2d292317",
    "ls_provider": "openai",
    "ls_model_name": "gpt-4o",
    "ls_model_type": "chat",
    "ls_temperature": 0.2
  }
}
{
  "event": "on_chat_model_stream",
  "data": {
    "chunk": {
      "lc": 1,
      "type": "constructor",
      "id": [
        "langchain_core",
        "messages",
        "AIMessageChunk"
      ],
      "kwargs": {
        "content": " is",
        "tool_call_chunks": [],
        "additional_kwargs": {},
        "id": "chatcmpl-D6IlBM5LX2x1Sz6zeHcgueF06jJ6A",
        "response_metadata": {
          "model_provider": "openai",
          "usage": {}
        },
        "tool_calls": [],
        "invalid_tool_calls": []
      }
    }
  },
  "run_id": "019c33bb-7e15-7ee3-8895-ed9cd365735f",
  "name": "ChatOpenAI",
  "tags": [],
  "metadata": {
    "thread_id": "test-session-1770394448994",
    "langgraph_step": 2,
    "langgraph_node": "sales_product",
    "langgraph_triggers": [
      "branch:to:sales_product"
    ],
    "langgraph_path": [
      "__pregel_pull",
      "sales_product"
    ],
    "langgraph_checkpoint_ns": "sales_product:6906affd-6312-5229-94f7-bebf2d292317",
    "__pregel_task_id": "6906affd-6312-5229-94f7-bebf2d292317",
    "checkpoint_ns": "sales_product:6906affd-6312-5229-94f7-bebf2d292317",
    "ls_provider": "openai",
    "ls_model_name": "gpt-4o",
    "ls_model_type": "chat",
    "ls_temperature": 0.2
  }
}
{
  "event": "on_chat_model_stream",
  "data": {
    "chunk": {
      "lc": 1,
      "type": "constructor",
      "id": [
        "langchain_core",
        "messages",
        "AIMessageChunk"
      ],
      "kwargs": {
        "content": "ters",
        "tool_call_chunks": [],
        "additional_kwargs": {},
        "id": "chatcmpl-D6IlBM5LX2x1Sz6zeHcgueF06jJ6A",
        "response_metadata": {
          "model_provider": "openai",
          "usage": {}
        },
        "tool_calls": [],
        "invalid_tool_calls": []
      }
    }
  },
  "run_id": "019c33bb-7e15-7ee3-8895-ed9cd365735f",
  "name": "ChatOpenAI",
  "tags": [],
  "metadata": {
    "thread_id": "test-session-1770394448994",
    "langgraph_step": 2,
    "langgraph_node": "sales_product",
    "langgraph_triggers": [
      "branch:to:sales_product"
    ],
    "langgraph_path": [
      "__pregel_pull",
      "sales_product"
    ],
    "langgraph_checkpoint_ns": "sales_product:6906affd-6312-5229-94f7-bebf2d292317",
    "__pregel_task_id": "6906affd-6312-5229-94f7-bebf2d292317",
    "checkpoint_ns": "sales_product:6906affd-6312-5229-94f7-bebf2d292317",
    "ls_provider": "openai",
    "ls_model_name": "gpt-4o",
    "ls_model_type": "chat",
    "ls_temperature": 0.2
  }
}
{
  "event": "on_chat_model_stream",
  "data": {
    "chunk": {
      "lc": 1,
      "type": "constructor",
      "id": [
        "langchain_core",
        "messages",
        "AIMessageChunk"
      ],
      "kwargs": {
        "content": "iniz",
        "tool_call_chunks": [],
        "additional_kwargs": {},
        "id": "chatcmpl-D6IlBM5LX2x1Sz6zeHcgueF06jJ6A",
        "response_metadata": {
          "model_provider": "openai",
          "usage": {}
        },
        "tool_calls": [],
        "invalid_tool_calls": []
      }
    }
  },
  "run_id": "019c33bb-7e15-7ee3-8895-ed9cd365735f",
  "name": "ChatOpenAI",
  "tags": [],
  "metadata": {
    "thread_id": "test-session-1770394448994",
    "langgraph_step": 2,
    "langgraph_node": "sales_product",
    "langgraph_triggers": [
      "branch:to:sales_product"
    ],
    "langgraph_path": [
      "__pregel_pull",
      "sales_product"
    ],
    "langgraph_checkpoint_ns": "sales_product:6906affd-6312-5229-94f7-bebf2d292317",
    "__pregel_task_id": "6906affd-6312-5229-94f7-bebf2d292317",
    "checkpoint_ns": "sales_product:6906affd-6312-5229-94f7-bebf2d292317",
    "ls_provider": "openai",
    "ls_model_name": "gpt-4o",
    "ls_model_type": "chat",
    "ls_temperature": 0.2
  }
}
{
  "event": "on_chat_model_stream",
  "data": {
    "chunk": {
      "lc": 1,
      "type": "constructor",
      "id": [
        "langchain_core",
        "messages",
        "AIMessageChunk"
      ],
      "kwargs": {
        "content": "?",
        "tool_call_chunks": [],
        "additional_kwargs": {},
        "id": "chatcmpl-D6IlBM5LX2x1Sz6zeHcgueF06jJ6A",
        "response_metadata": {
          "model_provider": "openai",
          "usage": {}
        },
        "tool_calls": [],
        "invalid_tool_calls": []
      }
    }
  },
  "run_id": "019c33bb-7e15-7ee3-8895-ed9cd365735f",
  "name": "ChatOpenAI",
  "tags": [],
  "metadata": {
    "thread_id": "test-session-1770394448994",
    "langgraph_step": 2,
    "langgraph_node": "sales_product",
    "langgraph_triggers": [
      "branch:to:sales_product"
    ],
    "langgraph_path": [
      "__pregel_pull",
      "sales_product"
    ],
    "langgraph_checkpoint_ns": "sales_product:6906affd-6312-5229-94f7-bebf2d292317",
    "__pregel_task_id": "6906affd-6312-5229-94f7-bebf2d292317",
    "checkpoint_ns": "sales_product:6906affd-6312-5229-94f7-bebf2d292317",
    "ls_provider": "openai",
    "ls_model_name": "gpt-4o",
    "ls_model_type": "chat",
    "ls_temperature": 0.2
  }
}
{
  "event": "on_chat_model_stream",
  "data": {
    "chunk": {
      "lc": 1,
      "type": "constructor",
      "id": [
        "langchain_core",
        "messages",
        "AIMessageChunk"
      ],
      "kwargs": {
        "content": "",
        "tool_call_chunks": [],
        "additional_kwargs": {},
        "id": "chatcmpl-D6IlBM5LX2x1Sz6zeHcgueF06jJ6A",
        "response_metadata": {
          "model_provider": "openai",
          "usage": {}
        },
        "tool_calls": [],
        "invalid_tool_calls": []
      }
    }
  },
  "run_id": "019c33bb-7e15-7ee3-8895-ed9cd365735f",
  "name": "ChatOpenAI",
  "tags": [],
  "metadata": {
    "thread_id": "test-session-1770394448994",
    "langgraph_step": 2,
    "langgraph_node": "sales_product",
    "langgraph_triggers": [
      "branch:to:sales_product"
    ],
    "langgraph_path": [
      "__pregel_pull",
      "sales_product"
    ],
    "langgraph_checkpoint_ns": "sales_product:6906affd-6312-5229-94f7-bebf2d292317",
    "__pregel_task_id": "6906affd-6312-5229-94f7-bebf2d292317",
    "checkpoint_ns": "sales_product:6906affd-6312-5229-94f7-bebf2d292317",
    "ls_provider": "openai",
    "ls_model_name": "gpt-4o",
    "ls_model_type": "chat",
    "ls_temperature": 0.2
  }
}
­şşó Stream Complete

­şöÁ Sending: "Benim ad─▒m neydi?"
{
  "event": "on_chat_model_stream",
  "data": {
    "chunk": {
      "lc": 1,
      "type": "constructor",
      "id": [
        "langchain_core",
        "messages",
        "AIMessageChunk"
      ],
      "kwargs": {
        "content": "",
        "tool_call_chunks": [],
        "additional_kwargs": {},
        "id": "chatcmpl-D6IlC8Fb30n7cEEBUJ6MUwFFX4tje",
        "response_metadata": {
          "model_provider": "openai",
          "usage": {}
        },
        "tool_calls": [],
        "invalid_tool_calls": []
      }
    }
  },
  "run_id": "019c33bb-8248-7ee3-8896-203bb62fa466",
  "name": "ChatOpenAI",
  "tags": [],
  "metadata": {
    "thread_id": "test-session-1770394448994",
    "langgraph_step": 5,
    "langgraph_node": "router",
    "langgraph_triggers": [
      "branch:to:router"
    ],
    "langgraph_path": [
      "__pregel_pull",
      "router"
    ],
    "langgraph_checkpoint_ns": "router:278fa8ae-6ee1-565c-8477-8854e61cc5a9",
    "__pregel_task_id": "278fa8ae-6ee1-565c-8477-8854e61cc5a9",
    "checkpoint_ns": "router:278fa8ae-6ee1-565c-8477-8854e61cc5a9",
    "ls_provider": "openai",
    "ls_model_name": "gpt-4o",
    "ls_model_type": "chat",
    "ls_temperature": 0.2
  }
}
{
  "event": "on_chat_model_stream",
  "data": {
    "chunk": {
      "lc": 1,
      "type": "constructor",
      "id": [
        "langchain_core",
        "messages",
        "AIMessageChunk"
      ],
      "kwargs": {
        "content": "{\n",
        "tool_call_chunks": [],
        "additional_kwargs": {},
        "id": "chatcmpl-D6IlC8Fb30n7cEEBUJ6MUwFFX4tje",
        "response_metadata": {
          "model_provider": "openai",
          "usage": {}
        },
        "tool_calls": [],
        "invalid_tool_calls": []
      }
    }
  },
  "run_id": "019c33bb-8248-7ee3-8896-203bb62fa466",
  "name": "ChatOpenAI",
  "tags": [],
  "metadata": {
    "thread_id": "test-session-1770394448994",
    "langgraph_step": 5,
    "langgraph_node": "router",
    "langgraph_triggers": [
      "branch:to:router"
    ],
    "langgraph_path": [
      "__pregel_pull",
      "router"
    ],
    "langgraph_checkpoint_ns": "router:278fa8ae-6ee1-565c-8477-8854e61cc5a9",
    "__pregel_task_id": "278fa8ae-6ee1-565c-8477-8854e61cc5a9",
    "checkpoint_ns": "router:278fa8ae-6ee1-565c-8477-8854e61cc5a9",
    "ls_provider": "openai",
    "ls_model_name": "gpt-4o",
    "ls_model_type": "chat",
    "ls_temperature": 0.2
  }
}
{
  "event": "on_chat_model_stream",
  "data": {
    "chunk": {
      "lc": 1,
      "type": "constructor",
      "id": [
        "langchain_core",
        "messages",
        "AIMessageChunk"
      ],
      "kwargs": {
        "content": " ",
        "tool_call_chunks": [],
        "additional_kwargs": {},
        "id": "chatcmpl-D6IlC8Fb30n7cEEBUJ6MUwFFX4tje",
        "response_metadata": {
          "model_provider": "openai",
          "usage": {}
        },
        "tool_calls": [],
        "invalid_tool_calls": []
      }
    }
  },
  "run_id": "019c33bb-8248-7ee3-8896-203bb62fa466",
  "name": "ChatOpenAI",
  "tags": [],
  "metadata": {
    "thread_id": "test-session-1770394448994",
    "langgraph_step": 5,
    "langgraph_node": "router",
    "langgraph_triggers": [
      "branch:to:router"
    ],
    "langgraph_path": [
      "__pregel_pull",
      "router"
    ],
    "langgraph_checkpoint_ns": "router:278fa8ae-6ee1-565c-8477-8854e61cc5a9",
    "__pregel_task_id": "278fa8ae-6ee1-565c-8477-8854e61cc5a9",
    "checkpoint_ns": "router:278fa8ae-6ee1-565c-8477-8854e61cc5a9",
    "ls_provider": "openai",
    "ls_model_name": "gpt-4o",
    "ls_model_type": "chat",
    "ls_temperature": 0.2
  }
}
{
  "event": "on_chat_model_stream",
  "data": {
    "chunk": {
      "lc": 1,
      "type": "constructor",
      "id": [
        "langchain_core",
        "messages",
        "AIMessageChunk"
      ],
      "kwargs": {
        "content": " \"",
        "tool_call_chunks": [],
        "additional_kwargs": {},
        "id": "chatcmpl-D6IlC8Fb30n7cEEBUJ6MUwFFX4tje",
        "response_metadata": {
          "model_provider": "openai",
          "usage": {}
        },
        "tool_calls": [],
        "invalid_tool_calls": []
      }
    }
  },
  "run_id": "019c33bb-8248-7ee3-8896-203bb62fa466",
  "name": "ChatOpenAI",
  "tags": [],
  "metadata": {
    "thread_id": "test-session-1770394448994",
    "langgraph_step": 5,
    "langgraph_node": "router",
    "langgraph_triggers": [
      "branch:to:router"
    ],
    "langgraph_path": [
      "__pregel_pull",
      "router"
    ],
    "langgraph_checkpoint_ns": "router:278fa8ae-6ee1-565c-8477-8854e61cc5a9",
    "__pregel_task_id": "278fa8ae-6ee1-565c-8477-8854e61cc5a9",
    "checkpoint_ns": "router:278fa8ae-6ee1-565c-8477-8854e61cc5a9",
    "ls_provider": "openai",
    "ls_model_name": "gpt-4o",
    "ls_model_type": "chat",
    "ls_temperature": 0.2
  }
}
{
  "event": "on_chat_model_stream",
  "data": {
    "chunk": {
      "lc": 1,
      "type": "constructor",
      "id": [
        "langchain_core",
        "messages",
        "AIMessageChunk"
      ],
      "kwargs": {
        "content": "intent",
        "tool_call_chunks": [],
        "additional_kwargs": {},
        "id": "chatcmpl-D6IlC8Fb30n7cEEBUJ6MUwFFX4tje",
        "response_metadata": {
          "model_provider": "openai",
          "usage": {}
        },
        "tool_calls": [],
        "invalid_tool_calls": []
      }
    }
  },
  "run_id": "019c33bb-8248-7ee3-8896-203bb62fa466",
  "name": "ChatOpenAI",
  "tags": [],
  "metadata": {
    "thread_id": "test-session-1770394448994",
    "langgraph_step": 5,
    "langgraph_node": "router",
    "langgraph_triggers": [
      "branch:to:router"
    ],
    "langgraph_path": [
      "__pregel_pull",
      "router"
    ],
    "langgraph_checkpoint_ns": "router:278fa8ae-6ee1-565c-8477-8854e61cc5a9",
    "__pregel_task_id": "278fa8ae-6ee1-565c-8477-8854e61cc5a9",
    "checkpoint_ns": "router:278fa8ae-6ee1-565c-8477-8854e61cc5a9",
    "ls_provider": "openai",
    "ls_model_name": "gpt-4o",
    "ls_model_type": "chat",
    "ls_temperature": 0.2
  }
}
{
  "event": "on_chat_model_stream",
  "data": {
    "chunk": {
      "lc": 1,
      "type": "constructor",
      "id": [
        "langchain_core",
        "messages",
        "AIMessageChunk"
      ],
      "kwargs": {
        "content": "\":",
        "tool_call_chunks": [],
        "additional_kwargs": {},
        "id": "chatcmpl-D6IlC8Fb30n7cEEBUJ6MUwFFX4tje",
        "response_metadata": {
          "model_provider": "openai",
          "usage": {}
        },
        "tool_calls": [],
        "invalid_tool_calls": []
      }
    }
  },
  "run_id": "019c33bb-8248-7ee3-8896-203bb62fa466",
  "name": "ChatOpenAI",
  "tags": [],
  "metadata": {
    "thread_id": "test-session-1770394448994",
    "langgraph_step": 5,
    "langgraph_node": "router",
    "langgraph_triggers": [
      "branch:to:router"
    ],
    "langgraph_path": [
      "__pregel_pull",
      "router"
    ],
    "langgraph_checkpoint_ns": "router:278fa8ae-6ee1-565c-8477-8854e61cc5a9",
    "__pregel_task_id": "278fa8ae-6ee1-565c-8477-8854e61cc5a9",
    "checkpoint_ns": "router:278fa8ae-6ee1-565c-8477-8854e61cc5a9",
    "ls_provider": "openai",
    "ls_model_name": "gpt-4o",
    "ls_model_type": "chat",
    "ls_temperature": 0.2
  }
}
{
  "event": "on_chat_model_stream",
  "data": {
    "chunk": {
      "lc": 1,
      "type": "constructor",
      "id": [
        "langchain_core",
        "messages",
        "AIMessageChunk"
      ],
      "kwargs": {
        "content": " \"",
        "tool_call_chunks": [],
        "additional_kwargs": {},
        "id": "chatcmpl-D6IlC8Fb30n7cEEBUJ6MUwFFX4tje",
        "response_metadata": {
          "model_provider": "openai",
          "usage": {}
        },
        "tool_calls": [],
        "invalid_tool_calls": []
      }
    }
  },
  "run_id": "019c33bb-8248-7ee3-8896-203bb62fa466",
  "name": "ChatOpenAI",
  "tags": [],
  "metadata": {
    "thread_id": "test-session-1770394448994",
    "langgraph_step": 5,
    "langgraph_node": "router",
    "langgraph_triggers": [
      "branch:to:router"
    ],
    "langgraph_path": [
      "__pregel_pull",
      "router"
    ],
    "langgraph_checkpoint_ns": "router:278fa8ae-6ee1-565c-8477-8854e61cc5a9",
    "__pregel_task_id": "278fa8ae-6ee1-565c-8477-8854e61cc5a9",
    "checkpoint_ns": "router:278fa8ae-6ee1-565c-8477-8854e61cc5a9",
    "ls_provider": "openai",
    "ls_model_name": "gpt-4o",
    "ls_model_type": "chat",
    "ls_temperature": 0.2
  }
}
{
  "event": "on_chat_model_stream",
  "data": {
    "chunk": {
      "lc": 1,
      "type": "constructor",
      "id": [
        "langchain_core",
        "messages",
        "AIMessageChunk"
      ],
      "kwargs": {
        "content": "OTHER",
        "tool_call_chunks": [],
        "additional_kwargs": {},
        "id": "chatcmpl-D6IlC8Fb30n7cEEBUJ6MUwFFX4tje",
        "response_metadata": {
          "model_provider": "openai",
          "usage": {}
        },
        "tool_calls": [],
        "invalid_tool_calls": []
      }
    }
  },
  "run_id": "019c33bb-8248-7ee3-8896-203bb62fa466",
  "name": "ChatOpenAI",
  "tags": [],
  "metadata": {
    "thread_id": "test-session-1770394448994",
    "langgraph_step": 5,
    "langgraph_node": "router",
    "langgraph_triggers": [
      "branch:to:router"
    ],
    "langgraph_path": [
      "__pregel_pull",
      "router"
    ],
    "langgraph_checkpoint_ns": "router:278fa8ae-6ee1-565c-8477-8854e61cc5a9",
    "__pregel_task_id": "278fa8ae-6ee1-565c-8477-8854e61cc5a9",
    "checkpoint_ns": "router:278fa8ae-6ee1-565c-8477-8854e61cc5a9",
    "ls_provider": "openai",
    "ls_model_name": "gpt-4o",
    "ls_model_type": "chat",
    "ls_temperature": 0.2
  }
}
{
  "event": "on_chat_model_stream",
  "data": {
    "chunk": {
      "lc": 1,
      "type": "constructor",
      "id": [
        "langchain_core",
        "messages",
        "AIMessageChunk"
      ],
      "kwargs": {
        "content": "\",\n",
        "tool_call_chunks": [],
        "additional_kwargs": {},
        "id": "chatcmpl-D6IlC8Fb30n7cEEBUJ6MUwFFX4tje",
        "response_metadata": {
          "model_provider": "openai",
          "usage": {}
        },
        "tool_calls": [],
        "invalid_tool_calls": []
      }
    }
  },
  "run_id": "019c33bb-8248-7ee3-8896-203bb62fa466",
  "name": "ChatOpenAI",
  "tags": [],
  "metadata": {
    "thread_id": "test-session-1770394448994",
    "langgraph_step": 5,
    "langgraph_node": "router",
    "langgraph_triggers": [
      "branch:to:router"
    ],
    "langgraph_path": [
      "__pregel_pull",
      "router"
    ],
    "langgraph_checkpoint_ns": "router:278fa8ae-6ee1-565c-8477-8854e61cc5a9",
    "__pregel_task_id": "278fa8ae-6ee1-565c-8477-8854e61cc5a9",
    "checkpoint_ns": "router:278fa8ae-6ee1-565c-8477-8854e61cc5a9",
    "ls_provider": "openai",
    "ls_model_name": "gpt-4o",
    "ls_model_type": "chat",
    "ls_temperature": 0.2
  }
}
{
  "event": "on_chat_model_stream",
  "data": {
    "chunk": {
      "lc": 1,
      "type": "constructor",
      "id": [
        "langchain_core",
        "messages",
        "AIMessageChunk"
      ],
      "kwargs": {
        "content": " ",
        "tool_call_chunks": [],
        "additional_kwargs": {},
        "id": "chatcmpl-D6IlC8Fb30n7cEEBUJ6MUwFFX4tje",
        "response_metadata": {
          "model_provider": "openai",
          "usage": {}
        },
        "tool_calls": [],
        "invalid_tool_calls": []
      }
    }
  },
  "run_id": "019c33bb-8248-7ee3-8896-203bb62fa466",
  "name": "ChatOpenAI",
  "tags": [],
  "metadata": {
    "thread_id": "test-session-1770394448994",
    "langgraph_step": 5,
    "langgraph_node": "router",
    "langgraph_triggers": [
      "branch:to:router"
    ],
    "langgraph_path": [
      "__pregel_pull",
      "router"
    ],
    "langgraph_checkpoint_ns": "router:278fa8ae-6ee1-565c-8477-8854e61cc5a9",
    "__pregel_task_id": "278fa8ae-6ee1-565c-8477-8854e61cc5a9",
    "checkpoint_ns": "router:278fa8ae-6ee1-565c-8477-8854e61cc5a9",
    "ls_provider": "openai",
    "ls_model_name": "gpt-4o",
    "ls_model_type": "chat",
    "ls_temperature": 0.2
  }
}
{
  "event": "on_chat_model_stream",
  "data": {
    "chunk": {
      "lc": 1,
      "type": "constructor",
      "id": [
        "langchain_core",
        "messages",
        "AIMessageChunk"
      ],
      "kwargs": {
        "content": " \"",
        "tool_call_chunks": [],
        "additional_kwargs": {},
        "id": "chatcmpl-D6IlC8Fb30n7cEEBUJ6MUwFFX4tje",
        "response_metadata": {
          "model_provider": "openai",
          "usage": {}
        },
        "tool_calls": [],
        "invalid_tool_calls": []
      }
    }
  },
  "run_id": "019c33bb-8248-7ee3-8896-203bb62fa466",
  "name": "ChatOpenAI",
  "tags": [],
  "metadata": {
    "thread_id": "test-session-1770394448994",
    "langgraph_step": 5,
    "langgraph_node": "router",
    "langgraph_triggers": [
      "branch:to:router"
    ],
    "langgraph_path": [
      "__pregel_pull",
      "router"
    ],
    "langgraph_checkpoint_ns": "router:278fa8ae-6ee1-565c-8477-8854e61cc5a9",
    "__pregel_task_id": "278fa8ae-6ee1-565c-8477-8854e61cc5a9",
    "checkpoint_ns": "router:278fa8ae-6ee1-565c-8477-8854e61cc5a9",
    "ls_provider": "openai",
    "ls_model_name": "gpt-4o",
    "ls_model_type": "chat",
    "ls_temperature": 0.2
  }
}
{
  "event": "on_chat_model_stream",
  "data": {
    "chunk": {
      "lc": 1,
      "type": "constructor",
      "id": [
        "langchain_core",
        "messages",
        "AIMessageChunk"
      ],
      "kwargs": {
        "content": "confidence",
        "tool_call_chunks": [],
        "additional_kwargs": {},
        "id": "chatcmpl-D6IlC8Fb30n7cEEBUJ6MUwFFX4tje",
        "response_metadata": {
          "model_provider": "openai",
          "usage": {}
        },
        "tool_calls": [],
        "invalid_tool_calls": []
      }
    }
  },
  "run_id": "019c33bb-8248-7ee3-8896-203bb62fa466",
  "name": "ChatOpenAI",
  "tags": [],
  "metadata": {
    "thread_id": "test-session-1770394448994",
    "langgraph_step": 5,
    "langgraph_node": "router",
    "langgraph_triggers": [
      "branch:to:router"
    ],
    "langgraph_path": [
      "__pregel_pull",
      "router"
    ],
    "langgraph_checkpoint_ns": "router:278fa8ae-6ee1-565c-8477-8854e61cc5a9",
    "__pregel_task_id": "278fa8ae-6ee1-565c-8477-8854e61cc5a9",
    "checkpoint_ns": "router:278fa8ae-6ee1-565c-8477-8854e61cc5a9",
    "ls_provider": "openai",
    "ls_model_name": "gpt-4o",
    "ls_model_type": "chat",
    "ls_temperature": 0.2
  }
}
{
  "event": "on_chat_model_stream",
  "data": {
    "chunk": {
      "lc": 1,
      "type": "constructor",
      "id": [
        "langchain_core",
        "messages",
        "AIMessageChunk"
      ],
      "kwargs": {
        "content": "\":",
        "tool_call_chunks": [],
        "additional_kwargs": {},
        "id": "chatcmpl-D6IlC8Fb30n7cEEBUJ6MUwFFX4tje",
        "response_metadata": {
          "model_provider": "openai",
          "usage": {}
        },
        "tool_calls": [],
        "invalid_tool_calls": []
      }
    }
  },
  "run_id": "019c33bb-8248-7ee3-8896-203bb62fa466",
  "name": "ChatOpenAI",
  "tags": [],
  "metadata": {
    "thread_id": "test-session-1770394448994",
    "langgraph_step": 5,
    "langgraph_node": "router",
    "langgraph_triggers": [
      "branch:to:router"
    ],
    "langgraph_path": [
      "__pregel_pull",
      "router"
    ],
    "langgraph_checkpoint_ns": "router:278fa8ae-6ee1-565c-8477-8854e61cc5a9",
    "__pregel_task_id": "278fa8ae-6ee1-565c-8477-8854e61cc5a9",
    "checkpoint_ns": "router:278fa8ae-6ee1-565c-8477-8854e61cc5a9",
    "ls_provider": "openai",
    "ls_model_name": "gpt-4o",
    "ls_model_type": "chat",
    "ls_temperature": 0.2
  }
}
{
  "event": "on_chat_model_stream",
  "data": {
    "chunk": {
      "lc": 1,
      "type": "constructor",
      "id": [
        "langchain_core",
        "messages",
        "AIMessageChunk"
      ],
      "kwargs": {
        "content": " ",
        "tool_call_chunks": [],
        "additional_kwargs": {},
        "id": "chatcmpl-D6IlC8Fb30n7cEEBUJ6MUwFFX4tje",
        "response_metadata": {
          "model_provider": "openai",
          "usage": {}
        },
        "tool_calls": [],
        "invalid_tool_calls": []
      }
    }
  },
  "run_id": "019c33bb-8248-7ee3-8896-203bb62fa466",
  "name": "ChatOpenAI",
  "tags": [],
  "metadata": {
    "thread_id": "test-session-1770394448994",
    "langgraph_step": 5,
    "langgraph_node": "router",
    "langgraph_triggers": [
      "branch:to:router"
    ],
    "langgraph_path": [
      "__pregel_pull",
      "router"
    ],
    "langgraph_checkpoint_ns": "router:278fa8ae-6ee1-565c-8477-8854e61cc5a9",
    "__pregel_task_id": "278fa8ae-6ee1-565c-8477-8854e61cc5a9",
    "checkpoint_ns": "router:278fa8ae-6ee1-565c-8477-8854e61cc5a9",
    "ls_provider": "openai",
    "ls_model_name": "gpt-4o",
    "ls_model_type": "chat",
    "ls_temperature": 0.2
  }
}
{
  "event": "on_chat_model_stream",
  "data": {
    "chunk": {
      "lc": 1,
      "type": "constructor",
      "id": [
        "langchain_core",
        "messages",
        "AIMessageChunk"
      ],
      "kwargs": {
        "content": "0",
        "tool_call_chunks": [],
        "additional_kwargs": {},
        "id": "chatcmpl-D6IlC8Fb30n7cEEBUJ6MUwFFX4tje",
        "response_metadata": {
          "model_provider": "openai",
          "usage": {}
        },
        "tool_calls": [],
        "invalid_tool_calls": []
      }
    }
  },
  "run_id": "019c33bb-8248-7ee3-8896-203bb62fa466",
  "name": "ChatOpenAI",
  "tags": [],
  "metadata": {
    "thread_id": "test-session-1770394448994",
    "langgraph_step": 5,
    "langgraph_node": "router",
    "langgraph_triggers": [
      "branch:to:router"
    ],
    "langgraph_path": [
      "__pregel_pull",
      "router"
    ],
    "langgraph_checkpoint_ns": "router:278fa8ae-6ee1-565c-8477-8854e61cc5a9",
    "__pregel_task_id": "278fa8ae-6ee1-565c-8477-8854e61cc5a9",
    "checkpoint_ns": "router:278fa8ae-6ee1-565c-8477-8854e61cc5a9",
    "ls_provider": "openai",
    "ls_model_name": "gpt-4o",
    "ls_model_type": "chat",
    "ls_temperature": 0.2
  }
}
{
  "event": "on_chat_model_stream",
  "data": {
    "chunk": {
      "lc": 1,
      "type": "constructor",
      "id": [
        "langchain_core",
        "messages",
        "AIMessageChunk"
      ],
      "kwargs": {
        "content": ".",
        "tool_call_chunks": [],
        "additional_kwargs": {},
        "id": "chatcmpl-D6IlC8Fb30n7cEEBUJ6MUwFFX4tje",
        "response_metadata": {
          "model_provider": "openai",
          "usage": {}
        },
        "tool_calls": [],
        "invalid_tool_calls": []
      }
    }
  },
  "run_id": "019c33bb-8248-7ee3-8896-203bb62fa466",
  "name": "ChatOpenAI",
  "tags": [],
  "metadata": {
    "thread_id": "test-session-1770394448994",
    "langgraph_step": 5,
    "langgraph_node": "router",
    "langgraph_triggers": [
      "branch:to:router"
    ],
    "langgraph_path": [
      "__pregel_pull",
      "router"
    ],
    "langgraph_checkpoint_ns": "router:278fa8ae-6ee1-565c-8477-8854e61cc5a9",
    "__pregel_task_id": "278fa8ae-6ee1-565c-8477-8854e61cc5a9",
    "checkpoint_ns": "router:278fa8ae-6ee1-565c-8477-8854e61cc5a9",
    "ls_provider": "openai",
    "ls_model_name": "gpt-4o",
    "ls_model_type": "chat",
    "ls_temperature": 0.2
  }
}
{
  "event": "on_chat_model_stream",
  "data": {
    "chunk": {
      "lc": 1,
      "type": "constructor",
      "id": [
        "langchain_core",
        "messages",
        "AIMessageChunk"
      ],
      "kwargs": {
        "content": "5",
        "tool_call_chunks": [],
        "additional_kwargs": {},
        "id": "chatcmpl-D6IlC8Fb30n7cEEBUJ6MUwFFX4tje",
        "response_metadata": {
          "model_provider": "openai",
          "usage": {}
        },
        "tool_calls": [],
        "invalid_tool_calls": []
      }
    }
  },
  "run_id": "019c33bb-8248-7ee3-8896-203bb62fa466",
  "name": "ChatOpenAI",
  "tags": [],
  "metadata": {
    "thread_id": "test-session-1770394448994",
    "langgraph_step": 5,
    "langgraph_node": "router",
    "langgraph_triggers": [
      "branch:to:router"
    ],
    "langgraph_path": [
      "__pregel_pull",
      "router"
    ],
    "langgraph_checkpoint_ns": "router:278fa8ae-6ee1-565c-8477-8854e61cc5a9",
    "__pregel_task_id": "278fa8ae-6ee1-565c-8477-8854e61cc5a9",
    "checkpoint_ns": "router:278fa8ae-6ee1-565c-8477-8854e61cc5a9",
    "ls_provider": "openai",
    "ls_model_name": "gpt-4o",
    "ls_model_type": "chat",
    "ls_temperature": 0.2
  }
}
{
  "event": "on_chat_model_stream",
  "data": {
    "chunk": {
      "lc": 1,
      "type": "constructor",
      "id": [
        "langchain_core",
        "messages",
        "AIMessageChunk"
      ],
      "kwargs": {
        "content": ",\n",
        "tool_call_chunks": [],
        "additional_kwargs": {},
        "id": "chatcmpl-D6IlC8Fb30n7cEEBUJ6MUwFFX4tje",
        "response_metadata": {
          "model_provider": "openai",
          "usage": {}
        },
        "tool_calls": [],
        "invalid_tool_calls": []
      }
    }
  },
  "run_id": "019c33bb-8248-7ee3-8896-203bb62fa466",
  "name": "ChatOpenAI",
  "tags": [],
  "metadata": {
    "thread_id": "test-session-1770394448994",
    "langgraph_step": 5,
    "langgraph_node": "router",
    "langgraph_triggers": [
      "branch:to:router"
    ],
    "langgraph_path": [
      "__pregel_pull",
      "router"
    ],
    "langgraph_checkpoint_ns": "router:278fa8ae-6ee1-565c-8477-8854e61cc5a9",
    "__pregel_task_id": "278fa8ae-6ee1-565c-8477-8854e61cc5a9",
    "checkpoint_ns": "router:278fa8ae-6ee1-565c-8477-8854e61cc5a9",
    "ls_provider": "openai",
    "ls_model_name": "gpt-4o",
    "ls_model_type": "chat",
    "ls_temperature": 0.2
  }
}
{
  "event": "on_chat_model_stream",
  "data": {
    "chunk": {
      "lc": 1,
      "type": "constructor",
      "id": [
        "langchain_core",
        "messages",
        "AIMessageChunk"
      ],
      "kwargs": {
        "content": " ",
        "tool_call_chunks": [],
        "additional_kwargs": {},
        "id": "chatcmpl-D6IlC8Fb30n7cEEBUJ6MUwFFX4tje",
        "response_metadata": {
          "model_provider": "openai",
          "usage": {}
        },
        "tool_calls": [],
        "invalid_tool_calls": []
      }
    }
  },
  "run_id": "019c33bb-8248-7ee3-8896-203bb62fa466",
  "name": "ChatOpenAI",
  "tags": [],
  "metadata": {
    "thread_id": "test-session-1770394448994",
    "langgraph_step": 5,
    "langgraph_node": "router",
    "langgraph_triggers": [
      "branch:to:router"
    ],
    "langgraph_path": [
      "__pregel_pull",
      "router"
    ],
    "langgraph_checkpoint_ns": "router:278fa8ae-6ee1-565c-8477-8854e61cc5a9",
    "__pregel_task_id": "278fa8ae-6ee1-565c-8477-8854e61cc5a9",
    "checkpoint_ns": "router:278fa8ae-6ee1-565c-8477-8854e61cc5a9",
    "ls_provider": "openai",
    "ls_model_name": "gpt-4o",
    "ls_model_type": "chat",
    "ls_temperature": 0.2
  }
}
{
  "event": "on_chat_model_stream",
  "data": {
    "chunk": {
      "lc": 1,
      "type": "constructor",
      "id": [
        "langchain_core",
        "messages",
        "AIMessageChunk"
      ],
      "kwargs": {
        "content": " \"",
        "tool_call_chunks": [],
        "additional_kwargs": {},
        "id": "chatcmpl-D6IlC8Fb30n7cEEBUJ6MUwFFX4tje",
        "response_metadata": {
          "model_provider": "openai",
          "usage": {}
        },
        "tool_calls": [],
        "invalid_tool_calls": []
      }
    }
  },
  "run_id": "019c33bb-8248-7ee3-8896-203bb62fa466",
  "name": "ChatOpenAI",
  "tags": [],
  "metadata": {
    "thread_id": "test-session-1770394448994",
    "langgraph_step": 5,
    "langgraph_node": "router",
    "langgraph_triggers": [
      "branch:to:router"
    ],
    "langgraph_path": [
      "__pregel_pull",
      "router"
    ],
    "langgraph_checkpoint_ns": "router:278fa8ae-6ee1-565c-8477-8854e61cc5a9",
    "__pregel_task_id": "278fa8ae-6ee1-565c-8477-8854e61cc5a9",
    "checkpoint_ns": "router:278fa8ae-6ee1-565c-8477-8854e61cc5a9",
    "ls_provider": "openai",
    "ls_model_name": "gpt-4o",
    "ls_model_type": "chat",
    "ls_temperature": 0.2
  }
}
{
  "event": "on_chat_model_stream",
  "data": {
    "chunk": {
      "lc": 1,
      "type": "constructor",
      "id": [
        "langchain_core",
        "messages",
        "AIMessageChunk"
      ],
      "kwargs": {
        "content": "reason",
        "tool_call_chunks": [],
        "additional_kwargs": {},
        "id": "chatcmpl-D6IlC8Fb30n7cEEBUJ6MUwFFX4tje",
        "response_metadata": {
          "model_provider": "openai",
          "usage": {}
        },
        "tool_calls": [],
        "invalid_tool_calls": []
      }
    }
  },
  "run_id": "019c33bb-8248-7ee3-8896-203bb62fa466",
  "name": "ChatOpenAI",
  "tags": [],
  "metadata": {
    "thread_id": "test-session-1770394448994",
    "langgraph_step": 5,
    "langgraph_node": "router",
    "langgraph_triggers": [
      "branch:to:router"
    ],
    "langgraph_path": [
      "__pregel_pull",
      "router"
    ],
    "langgraph_checkpoint_ns": "router:278fa8ae-6ee1-565c-8477-8854e61cc5a9",
    "__pregel_task_id": "278fa8ae-6ee1-565c-8477-8854e61cc5a9",
    "checkpoint_ns": "router:278fa8ae-6ee1-565c-8477-8854e61cc5a9",
    "ls_provider": "openai",
    "ls_model_name": "gpt-4o",
    "ls_model_type": "chat",
    "ls_temperature": 0.2
  }
}
{
  "event": "on_chat_model_stream",
  "data": {
    "chunk": {
      "lc": 1,
      "type": "constructor",
      "id": [
        "langchain_core",
        "messages",
        "AIMessageChunk"
      ],
      "kwargs": {
        "content": "\":",
        "tool_call_chunks": [],
        "additional_kwargs": {},
        "id": "chatcmpl-D6IlC8Fb30n7cEEBUJ6MUwFFX4tje",
        "response_metadata": {
          "model_provider": "openai",
          "usage": {}
        },
        "tool_calls": [],
        "invalid_tool_calls": []
      }
    }
  },
  "run_id": "019c33bb-8248-7ee3-8896-203bb62fa466",
  "name": "ChatOpenAI",
  "tags": [],
  "metadata": {
    "thread_id": "test-session-1770394448994",
    "langgraph_step": 5,
    "langgraph_node": "router",
    "langgraph_triggers": [
      "branch:to:router"
    ],
    "langgraph_path": [
      "__pregel_pull",
      "router"
    ],
    "langgraph_checkpoint_ns": "router:278fa8ae-6ee1-565c-8477-8854e61cc5a9",
    "__pregel_task_id": "278fa8ae-6ee1-565c-8477-8854e61cc5a9",
    "checkpoint_ns": "router:278fa8ae-6ee1-565c-8477-8854e61cc5a9",
    "ls_provider": "openai",
    "ls_model_name": "gpt-4o",
    "ls_model_type": "chat",
    "ls_temperature": 0.2
  }
}
{
  "event": "on_chat_model_stream",
  "data": {
    "chunk": {
      "lc": 1,
      "type": "constructor",
      "id": [
        "langchain_core",
        "messages",
        "AIMessageChunk"
      ],
      "kwargs": {
        "content": " \"",
        "tool_call_chunks": [],
        "additional_kwargs": {},
        "id": "chatcmpl-D6IlC8Fb30n7cEEBUJ6MUwFFX4tje",
        "response_metadata": {
          "model_provider": "openai",
          "usage": {}
        },
        "tool_calls": [],
        "invalid_tool_calls": []
      }
    }
  },
  "run_id": "019c33bb-8248-7ee3-8896-203bb62fa466",
  "name": "ChatOpenAI",
  "tags": [],
  "metadata": {
    "thread_id": "test-session-1770394448994",
    "langgraph_step": 5,
    "langgraph_node": "router",
    "langgraph_triggers": [
      "branch:to:router"
    ],
    "langgraph_path": [
      "__pregel_pull",
      "router"
    ],
    "langgraph_checkpoint_ns": "router:278fa8ae-6ee1-565c-8477-8854e61cc5a9",
    "__pregel_task_id": "278fa8ae-6ee1-565c-8477-8854e61cc5a9",
    "checkpoint_ns": "router:278fa8ae-6ee1-565c-8477-8854e61cc5a9",
    "ls_provider": "openai",
    "ls_model_name": "gpt-4o",
    "ls_model_type": "chat",
    "ls_temperature": 0.2
  }
}
{
  "event": "on_chat_model_stream",
  "data": {
    "chunk": {
      "lc": 1,
      "type": "constructor",
      "id": [
        "langchain_core",
        "messages",
        "AIMessageChunk"
      ],
      "kwargs": {
        "content": "The",
        "tool_call_chunks": [],
        "additional_kwargs": {},
        "id": "chatcmpl-D6IlC8Fb30n7cEEBUJ6MUwFFX4tje",
        "response_metadata": {
          "model_provider": "openai",
          "usage": {}
        },
        "tool_calls": [],
        "invalid_tool_calls": []
      }
    }
  },
  "run_id": "019c33bb-8248-7ee3-8896-203bb62fa466",
  "name": "ChatOpenAI",
  "tags": [],
  "metadata": {
    "thread_id": "test-session-1770394448994",
    "langgraph_step": 5,
    "langgraph_node": "router",
    "langgraph_triggers": [
      "branch:to:router"
    ],
    "langgraph_path": [
      "__pregel_pull",
      "router"
    ],
    "langgraph_checkpoint_ns": "router:278fa8ae-6ee1-565c-8477-8854e61cc5a9",
    "__pregel_task_id": "278fa8ae-6ee1-565c-8477-8854e61cc5a9",
    "checkpoint_ns": "router:278fa8ae-6ee1-565c-8477-8854e61cc5a9",
    "ls_provider": "openai",
    "ls_model_name": "gpt-4o",
    "ls_model_type": "chat",
    "ls_temperature": 0.2
  }
}
{
  "event": "on_chat_model_stream",
  "data": {
    "chunk": {
      "lc": 1,
      "type": "constructor",
      "id": [
        "langchain_core",
        "messages",
        "AIMessageChunk"
      ],
      "kwargs": {
        "content": " customer",
        "tool_call_chunks": [],
        "additional_kwargs": {},
        "id": "chatcmpl-D6IlC8Fb30n7cEEBUJ6MUwFFX4tje",
        "response_metadata": {
          "model_provider": "openai",
          "usage": {}
        },
        "tool_calls": [],
        "invalid_tool_calls": []
      }
    }
  },
  "run_id": "019c33bb-8248-7ee3-8896-203bb62fa466",
  "name": "ChatOpenAI",
  "tags": [],
  "metadata": {
    "thread_id": "test-session-1770394448994",
    "langgraph_step": 5,
    "langgraph_node": "router",
    "langgraph_triggers": [
      "branch:to:router"
    ],
    "langgraph_path": [
      "__pregel_pull",
      "router"
    ],
    "langgraph_checkpoint_ns": "router:278fa8ae-6ee1-565c-8477-8854e61cc5a9",
    "__pregel_task_id": "278fa8ae-6ee1-565c-8477-8854e61cc5a9",
    "checkpoint_ns": "router:278fa8ae-6ee1-565c-8477-8854e61cc5a9",
    "ls_provider": "openai",
    "ls_model_name": "gpt-4o",
    "ls_model_type": "chat",
    "ls_temperature": 0.2
  }
}
{
  "event": "on_chat_model_stream",
  "data": {
    "chunk": {
      "lc": 1,
      "type": "constructor",
      "id": [
        "langchain_core",
        "messages",
        "AIMessageChunk"
      ],
      "kwargs": {
        "content": " is",
        "tool_call_chunks": [],
        "additional_kwargs": {},
        "id": "chatcmpl-D6IlC8Fb30n7cEEBUJ6MUwFFX4tje",
        "response_metadata": {
          "model_provider": "openai",
          "usage": {}
        },
        "tool_calls": [],
        "invalid_tool_calls": []
      }
    }
  },
  "run_id": "019c33bb-8248-7ee3-8896-203bb62fa466",
  "name": "ChatOpenAI",
  "tags": [],
  "metadata": {
    "thread_id": "test-session-1770394448994",
    "langgraph_step": 5,
    "langgraph_node": "router",
    "langgraph_triggers": [
      "branch:to:router"
    ],
    "langgraph_path": [
      "__pregel_pull",
      "router"
    ],
    "langgraph_checkpoint_ns": "router:278fa8ae-6ee1-565c-8477-8854e61cc5a9",
    "__pregel_task_id": "278fa8ae-6ee1-565c-8477-8854e61cc5a9",
    "checkpoint_ns": "router:278fa8ae-6ee1-565c-8477-8854e61cc5a9",
    "ls_provider": "openai",
    "ls_model_name": "gpt-4o",
    "ls_model_type": "chat",
    "ls_temperature": 0.2
  }
}
{
  "event": "on_chat_model_stream",
  "data": {
    "chunk": {
      "lc": 1,
      "type": "constructor",
      "id": [
        "langchain_core",
        "messages",
        "AIMessageChunk"
      ],
      "kwargs": {
        "content": " asking",
        "tool_call_chunks": [],
        "additional_kwargs": {},
        "id": "chatcmpl-D6IlC8Fb30n7cEEBUJ6MUwFFX4tje",
        "response_metadata": {
          "model_provider": "openai",
          "usage": {}
        },
        "tool_calls": [],
        "invalid_tool_calls": []
      }
    }
  },
  "run_id": "019c33bb-8248-7ee3-8896-203bb62fa466",
  "name": "ChatOpenAI",
  "tags": [],
  "metadata": {
    "thread_id": "test-session-1770394448994",
    "langgraph_step": 5,
    "langgraph_node": "router",
    "langgraph_triggers": [
      "branch:to:router"
    ],
    "langgraph_path": [
      "__pregel_pull",
      "router"
    ],
    "langgraph_checkpoint_ns": "router:278fa8ae-6ee1-565c-8477-8854e61cc5a9",
    "__pregel_task_id": "278fa8ae-6ee1-565c-8477-8854e61cc5a9",
    "checkpoint_ns": "router:278fa8ae-6ee1-565c-8477-8854e61cc5a9",
    "ls_provider": "openai",
    "ls_model_name": "gpt-4o",
    "ls_model_type": "chat",
    "ls_temperature": 0.2
  }
}
{
  "event": "on_chat_model_stream",
  "data": {
    "chunk": {
      "lc": 1,
      "type": "constructor",
      "id": [
        "langchain_core",
        "messages",
        "AIMessageChunk"
      ],
      "kwargs": {
        "content": " for",
        "tool_call_chunks": [],
        "additional_kwargs": {},
        "id": "chatcmpl-D6IlC8Fb30n7cEEBUJ6MUwFFX4tje",
        "response_metadata": {
          "model_provider": "openai",
          "usage": {}
        },
        "tool_calls": [],
        "invalid_tool_calls": []
      }
    }
  },
  "run_id": "019c33bb-8248-7ee3-8896-203bb62fa466",
  "name": "ChatOpenAI",
  "tags": [],
  "metadata": {
    "thread_id": "test-session-1770394448994",
    "langgraph_step": 5,
    "langgraph_node": "router",
    "langgraph_triggers": [
      "branch:to:router"
    ],
    "langgraph_path": [
      "__pregel_pull",
      "router"
    ],
    "langgraph_checkpoint_ns": "router:278fa8ae-6ee1-565c-8477-8854e61cc5a9",
    "__pregel_task_id": "278fa8ae-6ee1-565c-8477-8854e61cc5a9",
    "checkpoint_ns": "router:278fa8ae-6ee1-565c-8477-8854e61cc5a9",
    "ls_provider": "openai",
    "ls_model_name": "gpt-4o",
    "ls_model_type": "chat",
    "ls_temperature": 0.2
  }
}
{
  "event": "on_chat_model_stream",
  "data": {
    "chunk": {
      "lc": 1,
      "type": "constructor",
      "id": [
        "langchain_core",
        "messages",
        "AIMessageChunk"
      ],
      "kwargs": {
        "content": " their",
        "tool_call_chunks": [],
        "additional_kwargs": {},
        "id": "chatcmpl-D6IlC8Fb30n7cEEBUJ6MUwFFX4tje",
        "response_metadata": {
          "model_provider": "openai",
          "usage": {}
        },
        "tool_calls": [],
        "invalid_tool_calls": []
      }
    }
  },
  "run_id": "019c33bb-8248-7ee3-8896-203bb62fa466",
  "name": "ChatOpenAI",
  "tags": [],
  "metadata": {
    "thread_id": "test-session-1770394448994",
    "langgraph_step": 5,
    "langgraph_node": "router",
    "langgraph_triggers": [
      "branch:to:router"
    ],
    "langgraph_path": [
      "__pregel_pull",
      "router"
    ],
    "langgraph_checkpoint_ns": "router:278fa8ae-6ee1-565c-8477-8854e61cc5a9",
    "__pregel_task_id": "278fa8ae-6ee1-565c-8477-8854e61cc5a9",
    "checkpoint_ns": "router:278fa8ae-6ee1-565c-8477-8854e61cc5a9",
    "ls_provider": "openai",
    "ls_model_name": "gpt-4o",
    "ls_model_type": "chat",
    "ls_temperature": 0.2
  }
}
{
  "event": "on_chat_model_stream",
  "data": {
    "chunk": {
      "lc": 1,
      "type": "constructor",
      "id": [
        "langchain_core",
        "messages",
        "AIMessageChunk"
      ],
      "kwargs": {
        "content": " name",
        "tool_call_chunks": [],
        "additional_kwargs": {},
        "id": "chatcmpl-D6IlC8Fb30n7cEEBUJ6MUwFFX4tje",
        "response_metadata": {
          "model_provider": "openai",
          "usage": {}
        },
        "tool_calls": [],
        "invalid_tool_calls": []
      }
    }
  },
  "run_id": "019c33bb-8248-7ee3-8896-203bb62fa466",
  "name": "ChatOpenAI",
  "tags": [],
  "metadata": {
    "thread_id": "test-session-1770394448994",
    "langgraph_step": 5,
    "langgraph_node": "router",
    "langgraph_triggers": [
      "branch:to:router"
    ],
    "langgraph_path": [
      "__pregel_pull",
      "router"
    ],
    "langgraph_checkpoint_ns": "router:278fa8ae-6ee1-565c-8477-8854e61cc5a9",
    "__pregel_task_id": "278fa8ae-6ee1-565c-8477-8854e61cc5a9",
    "checkpoint_ns": "router:278fa8ae-6ee1-565c-8477-8854e61cc5a9",
    "ls_provider": "openai",
    "ls_model_name": "gpt-4o",
    "ls_model_type": "chat",
    "ls_temperature": 0.2
  }
}
{
  "event": "on_chat_model_stream",
  "data": {
    "chunk": {
      "lc": 1,
      "type": "constructor",
      "id": [
        "langchain_core",
        "messages",
        "AIMessageChunk"
      ],
      "kwargs": {
        "content": ",",
        "tool_call_chunks": [],
        "additional_kwargs": {},
        "id": "chatcmpl-D6IlC8Fb30n7cEEBUJ6MUwFFX4tje",
        "response_metadata": {
          "model_provider": "openai",
          "usage": {}
        },
        "tool_calls": [],
        "invalid_tool_calls": []
      }
    }
  },
  "run_id": "019c33bb-8248-7ee3-8896-203bb62fa466",
  "name": "ChatOpenAI",
  "tags": [],
  "metadata": {
    "thread_id": "test-session-1770394448994",
    "langgraph_step": 5,
    "langgraph_node": "router",
    "langgraph_triggers": [
      "branch:to:router"
    ],
    "langgraph_path": [
      "__pregel_pull",
      "router"
    ],
    "langgraph_checkpoint_ns": "router:278fa8ae-6ee1-565c-8477-8854e61cc5a9",
    "__pregel_task_id": "278fa8ae-6ee1-565c-8477-8854e61cc5a9",
    "checkpoint_ns": "router:278fa8ae-6ee1-565c-8477-8854e61cc5a9",
    "ls_provider": "openai",
    "ls_model_name": "gpt-4o",
    "ls_model_type": "chat",
    "ls_temperature": 0.2
  }
}
{
  "event": "on_chat_model_stream",
  "data": {
    "chunk": {
      "lc": 1,
      "type": "constructor",
      "id": [
        "langchain_core",
        "messages",
        "AIMessageChunk"
      ],
      "kwargs": {
        "content": " which",
        "tool_call_chunks": [],
        "additional_kwargs": {},
        "id": "chatcmpl-D6IlC8Fb30n7cEEBUJ6MUwFFX4tje",
        "response_metadata": {
          "model_provider": "openai",
          "usage": {}
        },
        "tool_calls": [],
        "invalid_tool_calls": []
      }
    }
  },
  "run_id": "019c33bb-8248-7ee3-8896-203bb62fa466",
  "name": "ChatOpenAI",
  "tags": [],
  "metadata": {
    "thread_id": "test-session-1770394448994",
    "langgraph_step": 5,
    "langgraph_node": "router",
    "langgraph_triggers": [
      "branch:to:router"
    ],
    "langgraph_path": [
      "__pregel_pull",
      "router"
    ],
    "langgraph_checkpoint_ns": "router:278fa8ae-6ee1-565c-8477-8854e61cc5a9",
    "__pregel_task_id": "278fa8ae-6ee1-565c-8477-8854e61cc5a9",
    "checkpoint_ns": "router:278fa8ae-6ee1-565c-8477-8854e61cc5a9",
    "ls_provider": "openai",
    "ls_model_name": "gpt-4o",
    "ls_model_type": "chat",
    "ls_temperature": 0.2
  }
}
{
  "event": "on_chat_model_stream",
  "data": {
    "chunk": {
      "lc": 1,
      "type": "constructor",
      "id": [
        "langchain_core",
        "messages",
        "AIMessageChunk"
      ],
      "kwargs": {
        "content": " is",
        "tool_call_chunks": [],
        "additional_kwargs": {},
        "id": "chatcmpl-D6IlC8Fb30n7cEEBUJ6MUwFFX4tje",
        "response_metadata": {
          "model_provider": "openai",
          "usage": {}
        },
        "tool_calls": [],
        "invalid_tool_calls": []
      }
    }
  },
  "run_id": "019c33bb-8248-7ee3-8896-203bb62fa466",
  "name": "ChatOpenAI",
  "tags": [],
  "metadata": {
    "thread_id": "test-session-1770394448994",
    "langgraph_step": 5,
    "langgraph_node": "router",
    "langgraph_triggers": [
      "branch:to:router"
    ],
    "langgraph_path": [
      "__pregel_pull",
      "router"
    ],
    "langgraph_checkpoint_ns": "router:278fa8ae-6ee1-565c-8477-8854e61cc5a9",
    "__pregel_task_id": "278fa8ae-6ee1-565c-8477-8854e61cc5a9",
    "checkpoint_ns": "router:278fa8ae-6ee1-565c-8477-8854e61cc5a9",
    "ls_provider": "openai",
    "ls_model_name": "gpt-4o",
    "ls_model_type": "chat",
    "ls_temperature": 0.2
  }
}
{
  "event": "on_chat_model_stream",
  "data": {
    "chunk": {
      "lc": 1,
      "type": "constructor",
      "id": [
        "langchain_core",
        "messages",
        "AIMessageChunk"
      ],
      "kwargs": {
        "content": " not",
        "tool_call_chunks": [],
        "additional_kwargs": {},
        "id": "chatcmpl-D6IlC8Fb30n7cEEBUJ6MUwFFX4tje",
        "response_metadata": {
          "model_provider": "openai",
          "usage": {}
        },
        "tool_calls": [],
        "invalid_tool_calls": []
      }
    }
  },
  "run_id": "019c33bb-8248-7ee3-8896-203bb62fa466",
  "name": "ChatOpenAI",
  "tags": [],
  "metadata": {
    "thread_id": "test-session-1770394448994",
    "langgraph_step": 5,
    "langgraph_node": "router",
    "langgraph_triggers": [
      "branch:to:router"
    ],
    "langgraph_path": [
      "__pregel_pull",
      "router"
    ],
    "langgraph_checkpoint_ns": "router:278fa8ae-6ee1-565c-8477-8854e61cc5a9",
    "__pregel_task_id": "278fa8ae-6ee1-565c-8477-8854e61cc5a9",
    "checkpoint_ns": "router:278fa8ae-6ee1-565c-8477-8854e61cc5a9",
    "ls_provider": "openai",
    "ls_model_name": "gpt-4o",
    "ls_model_type": "chat",
    "ls_temperature": 0.2
  }
}
{
  "event": "on_chat_model_stream",
  "data": {
    "chunk": {
      "lc": 1,
      "type": "constructor",
      "id": [
        "langchain_core",
        "messages",
        "AIMessageChunk"
      ],
      "kwargs": {
        "content": " related",
        "tool_call_chunks": [],
        "additional_kwargs": {},
        "id": "chatcmpl-D6IlC8Fb30n7cEEBUJ6MUwFFX4tje",
        "response_metadata": {
          "model_provider": "openai",
          "usage": {}
        },
        "tool_calls": [],
        "invalid_tool_calls": []
      }
    }
  },
  "run_id": "019c33bb-8248-7ee3-8896-203bb62fa466",
  "name": "ChatOpenAI",
  "tags": [],
  "metadata": {
    "thread_id": "test-session-1770394448994",
    "langgraph_step": 5,
    "langgraph_node": "router",
    "langgraph_triggers": [
      "branch:to:router"
    ],
    "langgraph_path": [
      "__pregel_pull",
      "router"
    ],
    "langgraph_checkpoint_ns": "router:278fa8ae-6ee1-565c-8477-8854e61cc5a9",
    "__pregel_task_id": "278fa8ae-6ee1-565c-8477-8854e61cc5a9",
    "checkpoint_ns": "router:278fa8ae-6ee1-565c-8477-8854e61cc5a9",
    "ls_provider": "openai",
    "ls_model_name": "gpt-4o",
    "ls_model_type": "chat",
    "ls_temperature": 0.2
  }
}
{
  "event": "on_chat_model_stream",
  "data": {
    "chunk": {
      "lc": 1,
      "type": "constructor",
      "id": [
        "langchain_core",
        "messages",
        "AIMessageChunk"
      ],
      "kwargs": {
        "content": " to",
        "tool_call_chunks": [],
        "additional_kwargs": {},
        "id": "chatcmpl-D6IlC8Fb30n7cEEBUJ6MUwFFX4tje",
        "response_metadata": {
          "model_provider": "openai",
          "usage": {}
        },
        "tool_calls": [],
        "invalid_tool_calls": []
      }
    }
  },
  "run_id": "019c33bb-8248-7ee3-8896-203bb62fa466",
  "name": "ChatOpenAI",
  "tags": [],
  "metadata": {
    "thread_id": "test-session-1770394448994",
    "langgraph_step": 5,
    "langgraph_node": "router",
    "langgraph_triggers": [
      "branch:to:router"
    ],
    "langgraph_path": [
      "__pregel_pull",
      "router"
    ],
    "langgraph_checkpoint_ns": "router:278fa8ae-6ee1-565c-8477-8854e61cc5a9",
    "__pregel_task_id": "278fa8ae-6ee1-565c-8477-8854e61cc5a9",
    "checkpoint_ns": "router:278fa8ae-6ee1-565c-8477-8854e61cc5a9",
    "ls_provider": "openai",
    "ls_model_name": "gpt-4o",
    "ls_model_type": "chat",
    "ls_temperature": 0.2
  }
}
{
  "event": "on_chat_model_stream",
  "data": {
    "chunk": {
      "lc": 1,
      "type": "constructor",
      "id": [
        "langchain_core",
        "messages",
        "AIMessageChunk"
      ],
      "kwargs": {
        "content": " any",
        "tool_call_chunks": [],
        "additional_kwargs": {},
        "id": "chatcmpl-D6IlC8Fb30n7cEEBUJ6MUwFFX4tje",
        "response_metadata": {
          "model_provider": "openai",
          "usage": {}
        },
        "tool_calls": [],
        "invalid_tool_calls": []
      }
    }
  },
  "run_id": "019c33bb-8248-7ee3-8896-203bb62fa466",
  "name": "ChatOpenAI",
  "tags": [],
  "metadata": {
    "thread_id": "test-session-1770394448994",
    "langgraph_step": 5,
    "langgraph_node": "router",
    "langgraph_triggers": [
      "branch:to:router"
    ],
    "langgraph_path": [
      "__pregel_pull",
      "router"
    ],
    "langgraph_checkpoint_ns": "router:278fa8ae-6ee1-565c-8477-8854e61cc5a9",
    "__pregel_task_id": "278fa8ae-6ee1-565c-8477-8854e61cc5a9",
    "checkpoint_ns": "router:278fa8ae-6ee1-565c-8477-8854e61cc5a9",
    "ls_provider": "openai",
    "ls_model_name": "gpt-4o",
    "ls_model_type": "chat",
    "ls_temperature": 0.2
  }
}
{
  "event": "on_chat_model_stream",
  "data": {
    "chunk": {
      "lc": 1,
      "type": "constructor",
      "id": [
        "langchain_core",
        "messages",
        "AIMessageChunk"
      ],
      "kwargs": {
        "content": " ecommerce",
        "tool_call_chunks": [],
        "additional_kwargs": {},
        "id": "chatcmpl-D6IlC8Fb30n7cEEBUJ6MUwFFX4tje",
        "response_metadata": {
          "model_provider": "openai",
          "usage": {}
        },
        "tool_calls": [],
        "invalid_tool_calls": []
      }
    }
  },
  "run_id": "019c33bb-8248-7ee3-8896-203bb62fa466",
  "name": "ChatOpenAI",
  "tags": [],
  "metadata": {
    "thread_id": "test-session-1770394448994",
    "langgraph_step": 5,
    "langgraph_node": "router",
    "langgraph_triggers": [
      "branch:to:router"
    ],
    "langgraph_path": [
      "__pregel_pull",
      "router"
    ],
    "langgraph_checkpoint_ns": "router:278fa8ae-6ee1-565c-8477-8854e61cc5a9",
    "__pregel_task_id": "278fa8ae-6ee1-565c-8477-8854e61cc5a9",
    "checkpoint_ns": "router:278fa8ae-6ee1-565c-8477-8854e61cc5a9",
    "ls_provider": "openai",
    "ls_model_name": "gpt-4o",
    "ls_model_type": "chat",
    "ls_temperature": 0.2
  }
}
{
  "event": "on_chat_model_stream",
  "data": {
    "chunk": {
      "lc": 1,
      "type": "constructor",
      "id": [
        "langchain_core",
        "messages",
        "AIMessageChunk"
      ],
      "kwargs": {
        "content": " support",
        "tool_call_chunks": [],
        "additional_kwargs": {},
        "id": "chatcmpl-D6IlC8Fb30n7cEEBUJ6MUwFFX4tje",
        "response_metadata": {
          "model_provider": "openai",
          "usage": {}
        },
        "tool_calls": [],
        "invalid_tool_calls": []
      }
    }
  },
  "run_id": "019c33bb-8248-7ee3-8896-203bb62fa466",
  "name": "ChatOpenAI",
  "tags": [],
  "metadata": {
    "thread_id": "test-session-1770394448994",
    "langgraph_step": 5,
    "langgraph_node": "router",
    "langgraph_triggers": [
      "branch:to:router"
    ],
    "langgraph_path": [
      "__pregel_pull",
      "router"
    ],
    "langgraph_checkpoint_ns": "router:278fa8ae-6ee1-565c-8477-8854e61cc5a9",
    "__pregel_task_id": "278fa8ae-6ee1-565c-8477-8854e61cc5a9",
    "checkpoint_ns": "router:278fa8ae-6ee1-565c-8477-8854e61cc5a9",
    "ls_provider": "openai",
    "ls_model_name": "gpt-4o",
    "ls_model_type": "chat",
    "ls_temperature": 0.2
  }
}
{
  "event": "on_chat_model_stream",
  "data": {
    "chunk": {
      "lc": 1,
      "type": "constructor",
      "id": [
        "langchain_core",
        "messages",
        "AIMessageChunk"
      ],
      "kwargs": {
        "content": " issue",
        "tool_call_chunks": [],
        "additional_kwargs": {},
        "id": "chatcmpl-D6IlC8Fb30n7cEEBUJ6MUwFFX4tje",
        "response_metadata": {
          "model_provider": "openai",
          "usage": {}
        },
        "tool_calls": [],
        "invalid_tool_calls": []
      }
    }
  },
  "run_id": "019c33bb-8248-7ee3-8896-203bb62fa466",
  "name": "ChatOpenAI",
  "tags": [],
  "metadata": {
    "thread_id": "test-session-1770394448994",
    "langgraph_step": 5,
    "langgraph_node": "router",
    "langgraph_triggers": [
      "branch:to:router"
    ],
    "langgraph_path": [
      "__pregel_pull",
      "router"
    ],
    "langgraph_checkpoint_ns": "router:278fa8ae-6ee1-565c-8477-8854e61cc5a9",
    "__pregel_task_id": "278fa8ae-6ee1-565c-8477-8854e61cc5a9",
    "checkpoint_ns": "router:278fa8ae-6ee1-565c-8477-8854e61cc5a9",
    "ls_provider": "openai",
    "ls_model_name": "gpt-4o",
    "ls_model_type": "chat",
    "ls_temperature": 0.2
  }
}
{
  "event": "on_chat_model_stream",
  "data": {
    "chunk": {
      "lc": 1,
      "type": "constructor",
      "id": [
        "langchain_core",
        "messages",
        "AIMessageChunk"
      ],
      "kwargs": {
        "content": " or",
        "tool_call_chunks": [],
        "additional_kwargs": {},
        "id": "chatcmpl-D6IlC8Fb30n7cEEBUJ6MUwFFX4tje",
        "response_metadata": {
          "model_provider": "openai",
          "usage": {}
        },
        "tool_calls": [],
        "invalid_tool_calls": []
      }
    }
  },
  "run_id": "019c33bb-8248-7ee3-8896-203bb62fa466",
  "name": "ChatOpenAI",
  "tags": [],
  "metadata": {
    "thread_id": "test-session-1770394448994",
    "langgraph_step": 5,
    "langgraph_node": "router",
    "langgraph_triggers": [
      "branch:to:router"
    ],
    "langgraph_path": [
      "__pregel_pull",
      "router"
    ],
    "langgraph_checkpoint_ns": "router:278fa8ae-6ee1-565c-8477-8854e61cc5a9",
    "__pregel_task_id": "278fa8ae-6ee1-565c-8477-8854e61cc5a9",
    "checkpoint_ns": "router:278fa8ae-6ee1-565c-8477-8854e61cc5a9",
    "ls_provider": "openai",
    "ls_model_name": "gpt-4o",
    "ls_model_type": "chat",
    "ls_temperature": 0.2
  }
}
{
  "event": "on_chat_model_stream",
  "data": {
    "chunk": {
      "lc": 1,
      "type": "constructor",
      "id": [
        "langchain_core",
        "messages",
        "AIMessageChunk"
      ],
      "kwargs": {
        "content": " tool",
        "tool_call_chunks": [],
        "additional_kwargs": {},
        "id": "chatcmpl-D6IlC8Fb30n7cEEBUJ6MUwFFX4tje",
        "response_metadata": {
          "model_provider": "openai",
          "usage": {}
        },
        "tool_calls": [],
        "invalid_tool_calls": []
      }
    }
  },
  "run_id": "019c33bb-8248-7ee3-8896-203bb62fa466",
  "name": "ChatOpenAI",
  "tags": [],
  "metadata": {
    "thread_id": "test-session-1770394448994",
    "langgraph_step": 5,
    "langgraph_node": "router",
    "langgraph_triggers": [
      "branch:to:router"
    ],
    "langgraph_path": [
      "__pregel_pull",
      "router"
    ],
    "langgraph_checkpoint_ns": "router:278fa8ae-6ee1-565c-8477-8854e61cc5a9",
    "__pregel_task_id": "278fa8ae-6ee1-565c-8477-8854e61cc5a9",
    "checkpoint_ns": "router:278fa8ae-6ee1-565c-8477-8854e61cc5a9",
    "ls_provider": "openai",
    "ls_model_name": "gpt-4o",
    "ls_model_type": "chat",
    "ls_temperature": 0.2
  }
}
{
  "event": "on_chat_model_stream",
  "data": {
    "chunk": {
      "lc": 1,
      "type": "constructor",
      "id": [
        "langchain_core",
        "messages",
        "AIMessageChunk"
      ],
      "kwargs": {
        "content": " available",
        "tool_call_chunks": [],
        "additional_kwargs": {},
        "id": "chatcmpl-D6IlC8Fb30n7cEEBUJ6MUwFFX4tje",
        "response_metadata": {
          "model_provider": "openai",
          "usage": {}
        },
        "tool_calls": [],
        "invalid_tool_calls": []
      }
    }
  },
  "run_id": "019c33bb-8248-7ee3-8896-203bb62fa466",
  "name": "ChatOpenAI",
  "tags": [],
  "metadata": {
    "thread_id": "test-session-1770394448994",
    "langgraph_step": 5,
    "langgraph_node": "router",
    "langgraph_triggers": [
      "branch:to:router"
    ],
    "langgraph_path": [
      "__pregel_pull",
      "router"
    ],
    "langgraph_checkpoint_ns": "router:278fa8ae-6ee1-565c-8477-8854e61cc5a9",
    "__pregel_task_id": "278fa8ae-6ee1-565c-8477-8854e61cc5a9",
    "checkpoint_ns": "router:278fa8ae-6ee1-565c-8477-8854e61cc5a9",
    "ls_provider": "openai",
    "ls_model_name": "gpt-4o",
    "ls_model_type": "chat",
    "ls_temperature": 0.2
  }
}
{
  "event": "on_chat_model_stream",
  "data": {
    "chunk": {
      "lc": 1,
      "type": "constructor",
      "id": [
        "langchain_core",
        "messages",
        "AIMessageChunk"
      ],
      "kwargs": {
        "content": " to",
        "tool_call_chunks": [],
        "additional_kwargs": {},
        "id": "chatcmpl-D6IlC8Fb30n7cEEBUJ6MUwFFX4tje",
        "response_metadata": {
          "model_provider": "openai",
          "usage": {}
        },
        "tool_calls": [],
        "invalid_tool_calls": []
      }
    }
  },
  "run_id": "019c33bb-8248-7ee3-8896-203bb62fa466",
  "name": "ChatOpenAI",
  "tags": [],
  "metadata": {
    "thread_id": "test-session-1770394448994",
    "langgraph_step": 5,
    "langgraph_node": "router",
    "langgraph_triggers": [
      "branch:to:router"
    ],
    "langgraph_path": [
      "__pregel_pull",
      "router"
    ],
    "langgraph_checkpoint_ns": "router:278fa8ae-6ee1-565c-8477-8854e61cc5a9",
    "__pregel_task_id": "278fa8ae-6ee1-565c-8477-8854e61cc5a9",
    "checkpoint_ns": "router:278fa8ae-6ee1-565c-8477-8854e61cc5a9",
    "ls_provider": "openai",
    "ls_model_name": "gpt-4o",
    "ls_model_type": "chat",
    "ls_temperature": 0.2
  }
}
{
  "event": "on_chat_model_stream",
  "data": {
    "chunk": {
      "lc": 1,
      "type": "constructor",
      "id": [
        "langchain_core",
        "messages",
        "AIMessageChunk"
      ],
      "kwargs": {
        "content": " the",
        "tool_call_chunks": [],
        "additional_kwargs": {},
        "id": "chatcmpl-D6IlC8Fb30n7cEEBUJ6MUwFFX4tje",
        "response_metadata": {
          "model_provider": "openai",
          "usage": {}
        },
        "tool_calls": [],
        "invalid_tool_calls": []
      }
    }
  },
  "run_id": "019c33bb-8248-7ee3-8896-203bb62fa466",
  "name": "ChatOpenAI",
  "tags": [],
  "metadata": {
    "thread_id": "test-session-1770394448994",
    "langgraph_step": 5,
    "langgraph_node": "router",
    "langgraph_triggers": [
      "branch:to:router"
    ],
    "langgraph_path": [
      "__pregel_pull",
      "router"
    ],
    "langgraph_checkpoint_ns": "router:278fa8ae-6ee1-565c-8477-8854e61cc5a9",
    "__pregel_task_id": "278fa8ae-6ee1-565c-8477-8854e61cc5a9",
    "checkpoint_ns": "router:278fa8ae-6ee1-565c-8477-8854e61cc5a9",
    "ls_provider": "openai",
    "ls_model_name": "gpt-4o",
    "ls_model_type": "chat",
    "ls_temperature": 0.2
  }
}
{
  "event": "on_chat_model_stream",
  "data": {
    "chunk": {
      "lc": 1,
      "type": "constructor",
      "id": [
        "langchain_core",
        "messages",
        "AIMessageChunk"
      ],
      "kwargs": {
        "content": " agents",
        "tool_call_chunks": [],
        "additional_kwargs": {},
        "id": "chatcmpl-D6IlC8Fb30n7cEEBUJ6MUwFFX4tje",
        "response_metadata": {
          "model_provider": "openai",
          "usage": {}
        },
        "tool_calls": [],
        "invalid_tool_calls": []
      }
    }
  },
  "run_id": "019c33bb-8248-7ee3-8896-203bb62fa466",
  "name": "ChatOpenAI",
  "tags": [],
  "metadata": {
    "thread_id": "test-session-1770394448994",
    "langgraph_step": 5,
    "langgraph_node": "router",
    "langgraph_triggers": [
      "branch:to:router"
    ],
    "langgraph_path": [
      "__pregel_pull",
      "router"
    ],
    "langgraph_checkpoint_ns": "router:278fa8ae-6ee1-565c-8477-8854e61cc5a9",
    "__pregel_task_id": "278fa8ae-6ee1-565c-8477-8854e61cc5a9",
    "checkpoint_ns": "router:278fa8ae-6ee1-565c-8477-8854e61cc5a9",
    "ls_provider": "openai",
    "ls_model_name": "gpt-4o",
    "ls_model_type": "chat",
    "ls_temperature": 0.2
  }
}
{
  "event": "on_chat_model_stream",
  "data": {
    "chunk": {
      "lc": 1,
      "type": "constructor",
      "id": [
        "langchain_core",
        "messages",
        "AIMessageChunk"
      ],
      "kwargs": {
        "content": ".\"\n",
        "tool_call_chunks": [],
        "additional_kwargs": {},
        "id": "chatcmpl-D6IlC8Fb30n7cEEBUJ6MUwFFX4tje",
        "response_metadata": {
          "model_provider": "openai",
          "usage": {}
        },
        "tool_calls": [],
        "invalid_tool_calls": []
      }
    }
  },
  "run_id": "019c33bb-8248-7ee3-8896-203bb62fa466",
  "name": "ChatOpenAI",
  "tags": [],
  "metadata": {
    "thread_id": "test-session-1770394448994",
    "langgraph_step": 5,
    "langgraph_node": "router",
    "langgraph_triggers": [
      "branch:to:router"
    ],
    "langgraph_path": [
      "__pregel_pull",
      "router"
    ],
    "langgraph_checkpoint_ns": "router:278fa8ae-6ee1-565c-8477-8854e61cc5a9",
    "__pregel_task_id": "278fa8ae-6ee1-565c-8477-8854e61cc5a9",
    "checkpoint_ns": "router:278fa8ae-6ee1-565c-8477-8854e61cc5a9",
    "ls_provider": "openai",
    "ls_model_name": "gpt-4o",
    "ls_model_type": "chat",
    "ls_temperature": 0.2
  }
}
{
  "event": "on_chat_model_stream",
  "data": {
    "chunk": {
      "lc": 1,
      "type": "constructor",
      "id": [
        "langchain_core",
        "messages",
        "AIMessageChunk"
      ],
      "kwargs": {
        "content": "}",
        "tool_call_chunks": [],
        "additional_kwargs": {},
        "id": "chatcmpl-D6IlC8Fb30n7cEEBUJ6MUwFFX4tje",
        "response_metadata": {
          "model_provider": "openai",
          "usage": {}
        },
        "tool_calls": [],
        "invalid_tool_calls": []
      }
    }
  },
  "run_id": "019c33bb-8248-7ee3-8896-203bb62fa466",
  "name": "ChatOpenAI",
  "tags": [],
  "metadata": {
    "thread_id": "test-session-1770394448994",
    "langgraph_step": 5,
    "langgraph_node": "router",
    "langgraph_triggers": [
      "branch:to:router"
    ],
    "langgraph_path": [
      "__pregel_pull",
      "router"
    ],
    "langgraph_checkpoint_ns": "router:278fa8ae-6ee1-565c-8477-8854e61cc5a9",
    "__pregel_task_id": "278fa8ae-6ee1-565c-8477-8854e61cc5a9",
    "checkpoint_ns": "router:278fa8ae-6ee1-565c-8477-8854e61cc5a9",
    "ls_provider": "openai",
    "ls_model_name": "gpt-4o",
    "ls_model_type": "chat",
    "ls_temperature": 0.2
  }
}
{
  "event": "on_chat_model_stream",
  "data": {
    "chunk": {
      "lc": 1,
      "type": "constructor",
      "id": [
        "langchain_core",
        "messages",
        "AIMessageChunk"
      ],
      "kwargs": {
        "content": "",
        "tool_call_chunks": [],
        "additional_kwargs": {},
        "id": "chatcmpl-D6IlC8Fb30n7cEEBUJ6MUwFFX4tje",
        "response_metadata": {
          "model_provider": "openai",
          "usage": {}
        },
        "tool_calls": [],
        "invalid_tool_calls": []
      }
    }
  },
  "run_id": "019c33bb-8248-7ee3-8896-203bb62fa466",
  "name": "ChatOpenAI",
  "tags": [],
  "metadata": {
    "thread_id": "test-session-1770394448994",
    "langgraph_step": 5,
    "langgraph_node": "router",
    "langgraph_triggers": [
      "branch:to:router"
    ],
    "langgraph_path": [
      "__pregel_pull",
      "router"
    ],
    "langgraph_checkpoint_ns": "router:278fa8ae-6ee1-565c-8477-8854e61cc5a9",
    "__pregel_task_id": "278fa8ae-6ee1-565c-8477-8854e61cc5a9",
    "checkpoint_ns": "router:278fa8ae-6ee1-565c-8477-8854e61cc5a9",
    "ls_provider": "openai",
    "ls_model_name": "gpt-4o",
    "ls_model_type": "chat",
    "ls_temperature": 0.2
  }
}
{
  "event": "on_chat_model_stream",
  "data": {
    "chunk": {
      "lc": 1,
      "type": "constructor",
      "id": [
        "langchain_core",
        "messages",
        "AIMessageChunk"
      ],
      "kwargs": {
        "content": "",
        "tool_call_chunks": [],
        "additional_kwargs": {},
        "id": "chatcmpl-D6IlDciTKBbdZ9B9oOxQLOIZuClEX",
        "response_metadata": {
          "model_provider": "openai",
          "usage": {}
        },
        "tool_calls": [],
        "invalid_tool_calls": []
      }
    }
  },
  "run_id": "019c33bb-86b5-7ee3-8896-439b9961ea19",
  "name": "ChatOpenAI",
  "tags": [],
  "metadata": {
    "thread_id": "test-session-1770394448994",
    "langgraph_step": 6,
    "langgraph_node": "sales_product",
    "langgraph_triggers": [
      "branch:to:sales_product"
    ],
    "langgraph_path": [
      "__pregel_pull",
      "sales_product"
    ],
    "langgraph_checkpoint_ns": "sales_product:dce523f9-54b0-5faa-a8fc-28a90e5a133c",
    "__pregel_task_id": "dce523f9-54b0-5faa-a8fc-28a90e5a133c",
    "checkpoint_ns": "sales_product:dce523f9-54b0-5faa-a8fc-28a90e5a133c",
    "ls_provider": "openai",
    "ls_model_name": "gpt-4o",
    "ls_model_type": "chat",
    "ls_temperature": 0.2
  }
}
{
  "event": "on_chat_model_stream",
  "data": {
    "chunk": {
      "lc": 1,
      "type": "constructor",
      "id": [
        "langchain_core",
        "messages",
        "AIMessageChunk"
      ],
      "kwargs": {
        "content": "Ad",
        "tool_call_chunks": [],
        "additional_kwargs": {},
        "id": "chatcmpl-D6IlDciTKBbdZ9B9oOxQLOIZuClEX",
        "response_metadata": {
          "model_provider": "openai",
          "usage": {}
        },
        "tool_calls": [],
        "invalid_tool_calls": []
      }
    }
  },
  "run_id": "019c33bb-86b5-7ee3-8896-439b9961ea19",
  "name": "ChatOpenAI",
  "tags": [],
  "metadata": {
    "thread_id": "test-session-1770394448994",
    "langgraph_step": 6,
    "langgraph_node": "sales_product",
    "langgraph_triggers": [
      "branch:to:sales_product"
    ],
    "langgraph_path": [
      "__pregel_pull",
      "sales_product"
    ],
    "langgraph_checkpoint_ns": "sales_product:dce523f9-54b0-5faa-a8fc-28a90e5a133c",
    "__pregel_task_id": "dce523f9-54b0-5faa-a8fc-28a90e5a133c",
    "checkpoint_ns": "sales_product:dce523f9-54b0-5faa-a8fc-28a90e5a133c",
    "ls_provider": "openai",
    "ls_model_name": "gpt-4o",
    "ls_model_type": "chat",
    "ls_temperature": 0.2
  }
}
{
  "event": "on_chat_model_stream",
  "data": {
    "chunk": {
      "lc": 1,
      "type": "constructor",
      "id": [
        "langchain_core",
        "messages",
        "AIMessageChunk"
      ],
      "kwargs": {
        "content": "─▒n─▒z",
        "tool_call_chunks": [],
        "additional_kwargs": {},
        "id": "chatcmpl-D6IlDciTKBbdZ9B9oOxQLOIZuClEX",
        "response_metadata": {
          "model_provider": "openai",
          "usage": {}
        },
        "tool_calls": [],
        "invalid_tool_calls": []
      }
    }
  },
  "run_id": "019c33bb-86b5-7ee3-8896-439b9961ea19",
  "name": "ChatOpenAI",
  "tags": [],
  "metadata": {
    "thread_id": "test-session-1770394448994",
    "langgraph_step": 6,
    "langgraph_node": "sales_product",
    "langgraph_triggers": [
      "branch:to:sales_product"
    ],
    "langgraph_path": [
      "__pregel_pull",
      "sales_product"
    ],
    "langgraph_checkpoint_ns": "sales_product:dce523f9-54b0-5faa-a8fc-28a90e5a133c",
    "__pregel_task_id": "dce523f9-54b0-5faa-a8fc-28a90e5a133c",
    "checkpoint_ns": "sales_product:dce523f9-54b0-5faa-a8fc-28a90e5a133c",
    "ls_provider": "openai",
    "ls_model_name": "gpt-4o",
    "ls_model_type": "chat",
    "ls_temperature": 0.2
  }
}
{
  "event": "on_chat_model_stream",
  "data": {
    "chunk": {
      "lc": 1,
      "type": "constructor",
      "id": [
        "langchain_core",
        "messages",
        "AIMessageChunk"
      ],
      "kwargs": {
        "content": " Ah",
        "tool_call_chunks": [],
        "additional_kwargs": {},
        "id": "chatcmpl-D6IlDciTKBbdZ9B9oOxQLOIZuClEX",
        "response_metadata": {
          "model_provider": "openai",
          "usage": {}
        },
        "tool_calls": [],
        "invalid_tool_calls": []
      }
    }
  },
  "run_id": "019c33bb-86b5-7ee3-8896-439b9961ea19",
  "name": "ChatOpenAI",
  "tags": [],
  "metadata": {
    "thread_id": "test-session-1770394448994",
    "langgraph_step": 6,
    "langgraph_node": "sales_product",
    "langgraph_triggers": [
      "branch:to:sales_product"
    ],
    "langgraph_path": [
      "__pregel_pull",
      "sales_product"
    ],
    "langgraph_checkpoint_ns": "sales_product:dce523f9-54b0-5faa-a8fc-28a90e5a133c",
    "__pregel_task_id": "dce523f9-54b0-5faa-a8fc-28a90e5a133c",
    "checkpoint_ns": "sales_product:dce523f9-54b0-5faa-a8fc-28a90e5a133c",
    "ls_provider": "openai",
    "ls_model_name": "gpt-4o",
    "ls_model_type": "chat",
    "ls_temperature": 0.2
  }
}
{
  "event": "on_chat_model_stream",
  "data": {
    "chunk": {
      "lc": 1,
      "type": "constructor",
      "id": [
        "langchain_core",
        "messages",
        "AIMessageChunk"
      ],
      "kwargs": {
        "content": "met",
        "tool_call_chunks": [],
        "additional_kwargs": {},
        "id": "chatcmpl-D6IlDciTKBbdZ9B9oOxQLOIZuClEX",
        "response_metadata": {
          "model_provider": "openai",
          "usage": {}
        },
        "tool_calls": [],
        "invalid_tool_calls": []
      }
    }
  },
  "run_id": "019c33bb-86b5-7ee3-8896-439b9961ea19",
  "name": "ChatOpenAI",
  "tags": [],
  "metadata": {
    "thread_id": "test-session-1770394448994",
    "langgraph_step": 6,
    "langgraph_node": "sales_product",
    "langgraph_triggers": [
      "branch:to:sales_product"
    ],
    "langgraph_path": [
      "__pregel_pull",
      "sales_product"
    ],
    "langgraph_checkpoint_ns": "sales_product:dce523f9-54b0-5faa-a8fc-28a90e5a133c",
    "__pregel_task_id": "dce523f9-54b0-5faa-a8fc-28a90e5a133c",
    "checkpoint_ns": "sales_product:dce523f9-54b0-5faa-a8fc-28a90e5a133c",
    "ls_provider": "openai",
    "ls_model_name": "gpt-4o",
    "ls_model_type": "chat",
    "ls_temperature": 0.2
  }
}
{
  "event": "on_chat_model_stream",
  "data": {
    "chunk": {
      "lc": 1,
      "type": "constructor",
      "id": [
        "langchain_core",
        "messages",
        "AIMessageChunk"
      ],
      "kwargs": {
        "content": "'t",
        "tool_call_chunks": [],
        "additional_kwargs": {},
        "id": "chatcmpl-D6IlDciTKBbdZ9B9oOxQLOIZuClEX",
        "response_metadata": {
          "model_provider": "openai",
          "usage": {}
        },
        "tool_calls": [],
        "invalid_tool_calls": []
      }
    }
  },
  "run_id": "019c33bb-86b5-7ee3-8896-439b9961ea19",
  "name": "ChatOpenAI",
  "tags": [],
  "metadata": {
    "thread_id": "test-session-1770394448994",
    "langgraph_step": 6,
    "langgraph_node": "sales_product",
    "langgraph_triggers": [
      "branch:to:sales_product"
    ],
    "langgraph_path": [
      "__pregel_pull",
      "sales_product"
    ],
    "langgraph_checkpoint_ns": "sales_product:dce523f9-54b0-5faa-a8fc-28a90e5a133c",
    "__pregel_task_id": "dce523f9-54b0-5faa-a8fc-28a90e5a133c",
    "checkpoint_ns": "sales_product:dce523f9-54b0-5faa-a8fc-28a90e5a133c",
    "ls_provider": "openai",
    "ls_model_name": "gpt-4o",
    "ls_model_type": "chat",
    "ls_temperature": 0.2
  }
}
{
  "event": "on_chat_model_stream",
  "data": {
    "chunk": {
      "lc": 1,
      "type": "constructor",
      "id": [
        "langchain_core",
        "messages",
        "AIMessageChunk"
      ],
      "kwargs": {
        "content": "i",
        "tool_call_chunks": [],
        "additional_kwargs": {},
        "id": "chatcmpl-D6IlDciTKBbdZ9B9oOxQLOIZuClEX",
        "response_metadata": {
          "model_provider": "openai",
          "usage": {}
        },
        "tool_calls": [],
        "invalid_tool_calls": []
      }
    }
  },
  "run_id": "019c33bb-86b5-7ee3-8896-439b9961ea19",
  "name": "ChatOpenAI",
  "tags": [],
  "metadata": {
    "thread_id": "test-session-1770394448994",
    "langgraph_step": 6,
    "langgraph_node": "sales_product",
    "langgraph_triggers": [
      "branch:to:sales_product"
    ],
    "langgraph_path": [
      "__pregel_pull",
      "sales_product"
    ],
    "langgraph_checkpoint_ns": "sales_product:dce523f9-54b0-5faa-a8fc-28a90e5a133c",
    "__pregel_task_id": "dce523f9-54b0-5faa-a8fc-28a90e5a133c",
    "checkpoint_ns": "sales_product:dce523f9-54b0-5faa-a8fc-28a90e5a133c",
    "ls_provider": "openai",
    "ls_model_name": "gpt-4o",
    "ls_model_type": "chat",
    "ls_temperature": 0.2
  }
}
{
  "event": "on_chat_model_stream",
  "data": {
    "chunk": {
      "lc": 1,
      "type": "constructor",
      "id": [
        "langchain_core",
        "messages",
        "AIMessageChunk"
      ],
      "kwargs": {
        "content": ".",
        "tool_call_chunks": [],
        "additional_kwargs": {},
        "id": "chatcmpl-D6IlDciTKBbdZ9B9oOxQLOIZuClEX",
        "response_metadata": {
          "model_provider": "openai",
          "usage": {}
        },
        "tool_calls": [],
        "invalid_tool_calls": []
      }
    }
  },
  "run_id": "019c33bb-86b5-7ee3-8896-439b9961ea19",
  "name": "ChatOpenAI",
  "tags": [],
  "metadata": {
    "thread_id": "test-session-1770394448994",
    "langgraph_step": 6,
    "langgraph_node": "sales_product",
    "langgraph_triggers": [
      "branch:to:sales_product"
    ],
    "langgraph_path": [
      "__pregel_pull",
      "sales_product"
    ],
    "langgraph_checkpoint_ns": "sales_product:dce523f9-54b0-5faa-a8fc-28a90e5a133c",
    "__pregel_task_id": "dce523f9-54b0-5faa-a8fc-28a90e5a133c",
    "checkpoint_ns": "sales_product:dce523f9-54b0-5faa-a8fc-28a90e5a133c",
    "ls_provider": "openai",
    "ls_model_name": "gpt-4o",
    "ls_model_type": "chat",
    "ls_temperature": 0.2
  }
}
{
  "event": "on_chat_model_stream",
  "data": {
    "chunk": {
      "lc": 1,
      "type": "constructor",
      "id": [
        "langchain_core",
        "messages",
        "AIMessageChunk"
      ],
      "kwargs": {
        "content": " Ba┼ş",
        "tool_call_chunks": [],
        "additional_kwargs": {},
        "id": "chatcmpl-D6IlDciTKBbdZ9B9oOxQLOIZuClEX",
        "response_metadata": {
          "model_provider": "openai",
          "usage": {}
        },
        "tool_calls": [],
        "invalid_tool_calls": []
      }
    }
  },
  "run_id": "019c33bb-86b5-7ee3-8896-439b9961ea19",
  "name": "ChatOpenAI",
  "tags": [],
  "metadata": {
    "thread_id": "test-session-1770394448994",
    "langgraph_step": 6,
    "langgraph_node": "sales_product",
    "langgraph_triggers": [
      "branch:to:sales_product"
    ],
    "langgraph_path": [
      "__pregel_pull",
      "sales_product"
    ],
    "langgraph_checkpoint_ns": "sales_product:dce523f9-54b0-5faa-a8fc-28a90e5a133c",
    "__pregel_task_id": "dce523f9-54b0-5faa-a8fc-28a90e5a133c",
    "checkpoint_ns": "sales_product:dce523f9-54b0-5faa-a8fc-28a90e5a133c",
    "ls_provider": "openai",
    "ls_model_name": "gpt-4o",
    "ls_model_type": "chat",
    "ls_temperature": 0.2
  }
}
{
  "event": "on_chat_model_stream",
  "data": {
    "chunk": {
      "lc": 1,
      "type": "constructor",
      "id": [
        "langchain_core",
        "messages",
        "AIMessageChunk"
      ],
      "kwargs": {
        "content": "ka",
        "tool_call_chunks": [],
        "additional_kwargs": {},
        "id": "chatcmpl-D6IlDciTKBbdZ9B9oOxQLOIZuClEX",
        "response_metadata": {
          "model_provider": "openai",
          "usage": {}
        },
        "tool_calls": [],
        "invalid_tool_calls": []
      }
    }
  },
  "run_id": "019c33bb-86b5-7ee3-8896-439b9961ea19",
  "name": "ChatOpenAI",
  "tags": [],
  "metadata": {
    "thread_id": "test-session-1770394448994",
    "langgraph_step": 6,
    "langgraph_node": "sales_product",
    "langgraph_triggers": [
      "branch:to:sales_product"
    ],
    "langgraph_path": [
      "__pregel_pull",
      "sales_product"
    ],
    "langgraph_checkpoint_ns": "sales_product:dce523f9-54b0-5faa-a8fc-28a90e5a133c",
    "__pregel_task_id": "dce523f9-54b0-5faa-a8fc-28a90e5a133c",
    "checkpoint_ns": "sales_product:dce523f9-54b0-5faa-a8fc-28a90e5a133c",
    "ls_provider": "openai",
    "ls_model_name": "gpt-4o",
    "ls_model_type": "chat",
    "ls_temperature": 0.2
  }
}
{
  "event": "on_chat_model_stream",
  "data": {
    "chunk": {
      "lc": 1,
      "type": "constructor",
      "id": [
        "langchain_core",
        "messages",
        "AIMessageChunk"
      ],
      "kwargs": {
        "content": " bir",
        "tool_call_chunks": [],
        "additional_kwargs": {},
        "id": "chatcmpl-D6IlDciTKBbdZ9B9oOxQLOIZuClEX",
        "response_metadata": {
          "model_provider": "openai",
          "usage": {}
        },
        "tool_calls": [],
        "invalid_tool_calls": []
      }
    }
  },
  "run_id": "019c33bb-86b5-7ee3-8896-439b9961ea19",
  "name": "ChatOpenAI",
  "tags": [],
  "metadata": {
    "thread_id": "test-session-1770394448994",
    "langgraph_step": 6,
    "langgraph_node": "sales_product",
    "langgraph_triggers": [
      "branch:to:sales_product"
    ],
    "langgraph_path": [
      "__pregel_pull",
      "sales_product"
    ],
    "langgraph_checkpoint_ns": "sales_product:dce523f9-54b0-5faa-a8fc-28a90e5a133c",
    "__pregel_task_id": "dce523f9-54b0-5faa-a8fc-28a90e5a133c",
    "checkpoint_ns": "sales_product:dce523f9-54b0-5faa-a8fc-28a90e5a133c",
    "ls_provider": "openai",
    "ls_model_name": "gpt-4o",
    "ls_model_type": "chat",
    "ls_temperature": 0.2
  }
}
{
  "event": "on_chat_model_stream",
  "data": {
    "chunk": {
      "lc": 1,
      "type": "constructor",
      "id": [
        "langchain_core",
        "messages",
        "AIMessageChunk"
      ],
      "kwargs": {
        "content": " konuda",
        "tool_call_chunks": [],
        "additional_kwargs": {},
        "id": "chatcmpl-D6IlDciTKBbdZ9B9oOxQLOIZuClEX",
        "response_metadata": {
          "model_provider": "openai",
          "usage": {}
        },
        "tool_calls": [],
        "invalid_tool_calls": []
      }
    }
  },
  "run_id": "019c33bb-86b5-7ee3-8896-439b9961ea19",
  "name": "ChatOpenAI",
  "tags": [],
  "metadata": {
    "thread_id": "test-session-1770394448994",
    "langgraph_step": 6,
    "langgraph_node": "sales_product",
    "langgraph_triggers": [
      "branch:to:sales_product"
    ],
    "langgraph_path": [
      "__pregel_pull",
      "sales_product"
    ],
    "langgraph_checkpoint_ns": "sales_product:dce523f9-54b0-5faa-a8fc-28a90e5a133c",
    "__pregel_task_id": "dce523f9-54b0-5faa-a8fc-28a90e5a133c",
    "checkpoint_ns": "sales_product:dce523f9-54b0-5faa-a8fc-28a90e5a133c",
    "ls_provider": "openai",
    "ls_model_name": "gpt-4o",
    "ls_model_type": "chat",
    "ls_temperature": 0.2
  }
}
{
  "event": "on_chat_model_stream",
  "data": {
    "chunk": {
      "lc": 1,
      "type": "constructor",
      "id": [
        "langchain_core",
        "messages",
        "AIMessageChunk"
      ],
      "kwargs": {
        "content": " yard─▒mc─▒",
        "tool_call_chunks": [],
        "additional_kwargs": {},
        "id": "chatcmpl-D6IlDciTKBbdZ9B9oOxQLOIZuClEX",
        "response_metadata": {
          "model_provider": "openai",
          "usage": {}
        },
        "tool_calls": [],
        "invalid_tool_calls": []
      }
    }
  },
  "run_id": "019c33bb-86b5-7ee3-8896-439b9961ea19",
  "name": "ChatOpenAI",
  "tags": [],
  "metadata": {
    "thread_id": "test-session-1770394448994",
    "langgraph_step": 6,
    "langgraph_node": "sales_product",
    "langgraph_triggers": [
      "branch:to:sales_product"
    ],
    "langgraph_path": [
      "__pregel_pull",
      "sales_product"
    ],
    "langgraph_checkpoint_ns": "sales_product:dce523f9-54b0-5faa-a8fc-28a90e5a133c",
    "__pregel_task_id": "dce523f9-54b0-5faa-a8fc-28a90e5a133c",
    "checkpoint_ns": "sales_product:dce523f9-54b0-5faa-a8fc-28a90e5a133c",
    "ls_provider": "openai",
    "ls_model_name": "gpt-4o",
    "ls_model_type": "chat",
    "ls_temperature": 0.2
  }
}
{
  "event": "on_chat_model_stream",
  "data": {
    "chunk": {
      "lc": 1,
      "type": "constructor",
      "id": [
        "langchain_core",
        "messages",
        "AIMessageChunk"
      ],
      "kwargs": {
        "content": " olabilir",
        "tool_call_chunks": [],
        "additional_kwargs": {},
        "id": "chatcmpl-D6IlDciTKBbdZ9B9oOxQLOIZuClEX",
        "response_metadata": {
          "model_provider": "openai",
          "usage": {}
        },
        "tool_calls": [],
        "invalid_tool_calls": []
      }
    }
  },
  "run_id": "019c33bb-86b5-7ee3-8896-439b9961ea19",
  "name": "ChatOpenAI",
  "tags": [],
  "metadata": {
    "thread_id": "test-session-1770394448994",
    "langgraph_step": 6,
    "langgraph_node": "sales_product",
    "langgraph_triggers": [
      "branch:to:sales_product"
    ],
    "langgraph_path": [
      "__pregel_pull",
      "sales_product"
    ],
    "langgraph_checkpoint_ns": "sales_product:dce523f9-54b0-5faa-a8fc-28a90e5a133c",
    "__pregel_task_id": "dce523f9-54b0-5faa-a8fc-28a90e5a133c",
    "checkpoint_ns": "sales_product:dce523f9-54b0-5faa-a8fc-28a90e5a133c",
    "ls_provider": "openai",
    "ls_model_name": "gpt-4o",
    "ls_model_type": "chat",
    "ls_temperature": 0.2
  }
}
{
  "event": "on_chat_model_stream",
  "data": {
    "chunk": {
      "lc": 1,
      "type": "constructor",
      "id": [
        "langchain_core",
        "messages",
        "AIMessageChunk"
      ],
      "kwargs": {
        "content": " miy",
        "tool_call_chunks": [],
        "additional_kwargs": {},
        "id": "chatcmpl-D6IlDciTKBbdZ9B9oOxQLOIZuClEX",
        "response_metadata": {
          "model_provider": "openai",
          "usage": {}
        },
        "tool_calls": [],
        "invalid_tool_calls": []
      }
    }
  },
  "run_id": "019c33bb-86b5-7ee3-8896-439b9961ea19",
  "name": "ChatOpenAI",
  "tags": [],
  "metadata": {
    "thread_id": "test-session-1770394448994",
    "langgraph_step": 6,
    "langgraph_node": "sales_product",
    "langgraph_triggers": [
      "branch:to:sales_product"
    ],
    "langgraph_path": [
      "__pregel_pull",
      "sales_product"
    ],
    "langgraph_checkpoint_ns": "sales_product:dce523f9-54b0-5faa-a8fc-28a90e5a133c",
    "__pregel_task_id": "dce523f9-54b0-5faa-a8fc-28a90e5a133c",
    "checkpoint_ns": "sales_product:dce523f9-54b0-5faa-a8fc-28a90e5a133c",
    "ls_provider": "openai",
    "ls_model_name": "gpt-4o",
    "ls_model_type": "chat",
    "ls_temperature": 0.2
  }
}
{
  "event": "on_chat_model_stream",
  "data": {
    "chunk": {
      "lc": 1,
      "type": "constructor",
      "id": [
        "langchain_core",
        "messages",
        "AIMessageChunk"
      ],
      "kwargs": {
        "content": "im",
        "tool_call_chunks": [],
        "additional_kwargs": {},
        "id": "chatcmpl-D6IlDciTKBbdZ9B9oOxQLOIZuClEX",
        "response_metadata": {
          "model_provider": "openai",
          "usage": {}
        },
        "tool_calls": [],
        "invalid_tool_calls": []
      }
    }
  },
  "run_id": "019c33bb-86b5-7ee3-8896-439b9961ea19",
  "name": "ChatOpenAI",
  "tags": [],
  "metadata": {
    "thread_id": "test-session-1770394448994",
    "langgraph_step": 6,
    "langgraph_node": "sales_product",
    "langgraph_triggers": [
      "branch:to:sales_product"
    ],
    "langgraph_path": [
      "__pregel_pull",
      "sales_product"
    ],
    "langgraph_checkpoint_ns": "sales_product:dce523f9-54b0-5faa-a8fc-28a90e5a133c",
    "__pregel_task_id": "dce523f9-54b0-5faa-a8fc-28a90e5a133c",
    "checkpoint_ns": "sales_product:dce523f9-54b0-5faa-a8fc-28a90e5a133c",
    "ls_provider": "openai",
    "ls_model_name": "gpt-4o",
    "ls_model_type": "chat",
    "ls_temperature": 0.2
  }
}
{
  "event": "on_chat_model_stream",
  "data": {
    "chunk": {
      "lc": 1,
      "type": "constructor",
      "id": [
        "langchain_core",
        "messages",
        "AIMessageChunk"
      ],
      "kwargs": {
        "content": "?",
        "tool_call_chunks": [],
        "additional_kwargs": {},
        "id": "chatcmpl-D6IlDciTKBbdZ9B9oOxQLOIZuClEX",
        "response_metadata": {
          "model_provider": "openai",
          "usage": {}
        },
        "tool_calls": [],
        "invalid_tool_calls": []
      }
    }
  },
  "run_id": "019c33bb-86b5-7ee3-8896-439b9961ea19",
  "name": "ChatOpenAI",
  "tags": [],
  "metadata": {
    "thread_id": "test-session-1770394448994",
    "langgraph_step": 6,
    "langgraph_node": "sales_product",
    "langgraph_triggers": [
      "branch:to:sales_product"
    ],
    "langgraph_path": [
      "__pregel_pull",
      "sales_product"
    ],
    "langgraph_checkpoint_ns": "sales_product:dce523f9-54b0-5faa-a8fc-28a90e5a133c",
    "__pregel_task_id": "dce523f9-54b0-5faa-a8fc-28a90e5a133c",
    "checkpoint_ns": "sales_product:dce523f9-54b0-5faa-a8fc-28a90e5a133c",
    "ls_provider": "openai",
    "ls_model_name": "gpt-4o",
    "ls_model_type": "chat",
    "ls_temperature": 0.2
  }
}
{
  "event": "on_chat_model_stream",
  "data": {
    "chunk": {
      "lc": 1,
      "type": "constructor",
      "id": [
        "langchain_core",
        "messages",
        "AIMessageChunk"
      ],
      "kwargs": {
        "content": "",
        "tool_call_chunks": [],
        "additional_kwargs": {},
        "id": "chatcmpl-D6IlDciTKBbdZ9B9oOxQLOIZuClEX",
        "response_metadata": {
          "model_provider": "openai",
          "usage": {}
        },
        "tool_calls": [],
        "invalid_tool_calls": []
      }
    }
  },
  "run_id": "019c33bb-86b5-7ee3-8896-439b9961ea19",
  "name": "ChatOpenAI",
  "tags": [],
  "metadata": {
    "thread_id": "test-session-1770394448994",
    "langgraph_step": 6,
    "langgraph_node": "sales_product",
    "langgraph_triggers": [
      "branch:to:sales_product"
    ],
    "langgraph_path": [
      "__pregel_pull",
      "sales_product"
    ],
    "langgraph_checkpoint_ns": "sales_product:dce523f9-54b0-5faa-a8fc-28a90e5a133c",
    "__pregel_task_id": "dce523f9-54b0-5faa-a8fc-28a90e5a133c",
    "checkpoint_ns": "sales_product:dce523f9-54b0-5faa-a8fc-28a90e5a133c",
    "ls_provider": "openai",
    "ls_model_name": "gpt-4o",
    "ls_model_type": "chat",
    "ls_temperature": 0.2
  }
}
­şşó Stream Complete

­şöÁ Sending: "Aboneli─şimi iptal etmek istiyorum."
{
  "event": "on_chat_model_stream",
  "data": {
    "chunk": {
      "lc": 1,
      "type": "constructor",
      "id": [
        "langchain_core",
        "messages",
        "AIMessageChunk"
      ],
      "kwargs": {
        "content": "",
        "tool_call_chunks": [],
        "additional_kwargs": {},
        "id": "chatcmpl-D6IlEVthI5nYea01afU129AIwiMo1",
        "response_metadata": {
          "model_provider": "openai",
          "usage": {}
        },
        "tool_calls": [],
        "invalid_tool_calls": []
      }
    }
  },
  "run_id": "019c33bb-8ab8-7ee3-8896-7d3359805e6d",
  "name": "ChatOpenAI",
  "tags": [],
  "metadata": {
    "thread_id": "test-session-1770394448994",
    "langgraph_step": 9,
    "langgraph_node": "router",
    "langgraph_triggers": [
      "branch:to:router"
    ],
    "langgraph_path": [
      "__pregel_pull",
      "router"
    ],
    "langgraph_checkpoint_ns": "router:07b65740-5ee2-52d2-ba66-01ad4870bc7b",
    "__pregel_task_id": "07b65740-5ee2-52d2-ba66-01ad4870bc7b",
    "checkpoint_ns": "router:07b65740-5ee2-52d2-ba66-01ad4870bc7b",
    "ls_provider": "openai",
    "ls_model_name": "gpt-4o",
    "ls_model_type": "chat",
    "ls_temperature": 0.2
  }
}
{
  "event": "on_chat_model_stream",
  "data": {
    "chunk": {
      "lc": 1,
      "type": "constructor",
      "id": [
        "langchain_core",
        "messages",
        "AIMessageChunk"
      ],
      "kwargs": {
        "content": "{\n",
        "tool_call_chunks": [],
        "additional_kwargs": {},
        "id": "chatcmpl-D6IlEVthI5nYea01afU129AIwiMo1",
        "response_metadata": {
          "model_provider": "openai",
          "usage": {}
        },
        "tool_calls": [],
        "invalid_tool_calls": []
      }
    }
  },
  "run_id": "019c33bb-8ab8-7ee3-8896-7d3359805e6d",
  "name": "ChatOpenAI",
  "tags": [],
  "metadata": {
    "thread_id": "test-session-1770394448994",
    "langgraph_step": 9,
    "langgraph_node": "router",
    "langgraph_triggers": [
      "branch:to:router"
    ],
    "langgraph_path": [
      "__pregel_pull",
      "router"
    ],
    "langgraph_checkpoint_ns": "router:07b65740-5ee2-52d2-ba66-01ad4870bc7b",
    "__pregel_task_id": "07b65740-5ee2-52d2-ba66-01ad4870bc7b",
    "checkpoint_ns": "router:07b65740-5ee2-52d2-ba66-01ad4870bc7b",
    "ls_provider": "openai",
    "ls_model_name": "gpt-4o",
    "ls_model_type": "chat",
    "ls_temperature": 0.2
  }
}
{
  "event": "on_chat_model_stream",
  "data": {
    "chunk": {
      "lc": 1,
      "type": "constructor",
      "id": [
        "langchain_core",
        "messages",
        "AIMessageChunk"
      ],
      "kwargs": {
        "content": " ",
        "tool_call_chunks": [],
        "additional_kwargs": {},
        "id": "chatcmpl-D6IlEVthI5nYea01afU129AIwiMo1",
        "response_metadata": {
          "model_provider": "openai",
          "usage": {}
        },
        "tool_calls": [],
        "invalid_tool_calls": []
      }
    }
  },
  "run_id": "019c33bb-8ab8-7ee3-8896-7d3359805e6d",
  "name": "ChatOpenAI",
  "tags": [],
  "metadata": {
    "thread_id": "test-session-1770394448994",
    "langgraph_step": 9,
    "langgraph_node": "router",
    "langgraph_triggers": [
      "branch:to:router"
    ],
    "langgraph_path": [
      "__pregel_pull",
      "router"
    ],
    "langgraph_checkpoint_ns": "router:07b65740-5ee2-52d2-ba66-01ad4870bc7b",
    "__pregel_task_id": "07b65740-5ee2-52d2-ba66-01ad4870bc7b",
    "checkpoint_ns": "router:07b65740-5ee2-52d2-ba66-01ad4870bc7b",
    "ls_provider": "openai",
    "ls_model_name": "gpt-4o",
    "ls_model_type": "chat",
    "ls_temperature": 0.2
  }
}
{
  "event": "on_chat_model_stream",
  "data": {
    "chunk": {
      "lc": 1,
      "type": "constructor",
      "id": [
        "langchain_core",
        "messages",
        "AIMessageChunk"
      ],
      "kwargs": {
        "content": " \"",
        "tool_call_chunks": [],
        "additional_kwargs": {},
        "id": "chatcmpl-D6IlEVthI5nYea01afU129AIwiMo1",
        "response_metadata": {
          "model_provider": "openai",
          "usage": {}
        },
        "tool_calls": [],
        "invalid_tool_calls": []
      }
    }
  },
  "run_id": "019c33bb-8ab8-7ee3-8896-7d3359805e6d",
  "name": "ChatOpenAI",
  "tags": [],
  "metadata": {
    "thread_id": "test-session-1770394448994",
    "langgraph_step": 9,
    "langgraph_node": "router",
    "langgraph_triggers": [
      "branch:to:router"
    ],
    "langgraph_path": [
      "__pregel_pull",
      "router"
    ],
    "langgraph_checkpoint_ns": "router:07b65740-5ee2-52d2-ba66-01ad4870bc7b",
    "__pregel_task_id": "07b65740-5ee2-52d2-ba66-01ad4870bc7b",
    "checkpoint_ns": "router:07b65740-5ee2-52d2-ba66-01ad4870bc7b",
    "ls_provider": "openai",
    "ls_model_name": "gpt-4o",
    "ls_model_type": "chat",
    "ls_temperature": 0.2
  }
}
{
  "event": "on_chat_model_stream",
  "data": {
    "chunk": {
      "lc": 1,
      "type": "constructor",
      "id": [
        "langchain_core",
        "messages",
        "AIMessageChunk"
      ],
      "kwargs": {
        "content": "intent",
        "tool_call_chunks": [],
        "additional_kwargs": {},
        "id": "chatcmpl-D6IlEVthI5nYea01afU129AIwiMo1",
        "response_metadata": {
          "model_provider": "openai",
          "usage": {}
        },
        "tool_calls": [],
        "invalid_tool_calls": []
      }
    }
  },
  "run_id": "019c33bb-8ab8-7ee3-8896-7d3359805e6d",
  "name": "ChatOpenAI",
  "tags": [],
  "metadata": {
    "thread_id": "test-session-1770394448994",
    "langgraph_step": 9,
    "langgraph_node": "router",
    "langgraph_triggers": [
      "branch:to:router"
    ],
    "langgraph_path": [
      "__pregel_pull",
      "router"
    ],
    "langgraph_checkpoint_ns": "router:07b65740-5ee2-52d2-ba66-01ad4870bc7b",
    "__pregel_task_id": "07b65740-5ee2-52d2-ba66-01ad4870bc7b",
    "checkpoint_ns": "router:07b65740-5ee2-52d2-ba66-01ad4870bc7b",
    "ls_provider": "openai",
    "ls_model_name": "gpt-4o",
    "ls_model_type": "chat",
    "ls_temperature": 0.2
  }
}
{
  "event": "on_chat_model_stream",
  "data": {
    "chunk": {
      "lc": 1,
      "type": "constructor",
      "id": [
        "langchain_core",
        "messages",
        "AIMessageChunk"
      ],
      "kwargs": {
        "content": "\":",
        "tool_call_chunks": [],
        "additional_kwargs": {},
        "id": "chatcmpl-D6IlEVthI5nYea01afU129AIwiMo1",
        "response_metadata": {
          "model_provider": "openai",
          "usage": {}
        },
        "tool_calls": [],
        "invalid_tool_calls": []
      }
    }
  },
  "run_id": "019c33bb-8ab8-7ee3-8896-7d3359805e6d",
  "name": "ChatOpenAI",
  "tags": [],
  "metadata": {
    "thread_id": "test-session-1770394448994",
    "langgraph_step": 9,
    "langgraph_node": "router",
    "langgraph_triggers": [
      "branch:to:router"
    ],
    "langgraph_path": [
      "__pregel_pull",
      "router"
    ],
    "langgraph_checkpoint_ns": "router:07b65740-5ee2-52d2-ba66-01ad4870bc7b",
    "__pregel_task_id": "07b65740-5ee2-52d2-ba66-01ad4870bc7b",
    "checkpoint_ns": "router:07b65740-5ee2-52d2-ba66-01ad4870bc7b",
    "ls_provider": "openai",
    "ls_model_name": "gpt-4o",
    "ls_model_type": "chat",
    "ls_temperature": 0.2
  }
}
{
  "event": "on_chat_model_stream",
  "data": {
    "chunk": {
      "lc": 1,
      "type": "constructor",
      "id": [
        "langchain_core",
        "messages",
        "AIMessageChunk"
      ],
      "kwargs": {
        "content": " \"",
        "tool_call_chunks": [],
        "additional_kwargs": {},
        "id": "chatcmpl-D6IlEVthI5nYea01afU129AIwiMo1",
        "response_metadata": {
          "model_provider": "openai",
          "usage": {}
        },
        "tool_calls": [],
        "invalid_tool_calls": []
      }
    }
  },
  "run_id": "019c33bb-8ab8-7ee3-8896-7d3359805e6d",
  "name": "ChatOpenAI",
  "tags": [],
  "metadata": {
    "thread_id": "test-session-1770394448994",
    "langgraph_step": 9,
    "langgraph_node": "router",
    "langgraph_triggers": [
      "branch:to:router"
    ],
    "langgraph_path": [
      "__pregel_pull",
      "router"
    ],
    "langgraph_checkpoint_ns": "router:07b65740-5ee2-52d2-ba66-01ad4870bc7b",
    "__pregel_task_id": "07b65740-5ee2-52d2-ba66-01ad4870bc7b",
    "checkpoint_ns": "router:07b65740-5ee2-52d2-ba66-01ad4870bc7b",
    "ls_provider": "openai",
    "ls_model_name": "gpt-4o",
    "ls_model_type": "chat",
    "ls_temperature": 0.2
  }
}
{
  "event": "on_chat_model_stream",
  "data": {
    "chunk": {
      "lc": 1,
      "type": "constructor",
      "id": [
        "langchain_core",
        "messages",
        "AIMessageChunk"
      ],
      "kwargs": {
        "content": "SUB",
        "tool_call_chunks": [],
        "additional_kwargs": {},
        "id": "chatcmpl-D6IlEVthI5nYea01afU129AIwiMo1",
        "response_metadata": {
          "model_provider": "openai",
          "usage": {}
        },
        "tool_calls": [],
        "invalid_tool_calls": []
      }
    }
  },
  "run_id": "019c33bb-8ab8-7ee3-8896-7d3359805e6d",
  "name": "ChatOpenAI",
  "tags": [],
  "metadata": {
    "thread_id": "test-session-1770394448994",
    "langgraph_step": 9,
    "langgraph_node": "router",
    "langgraph_triggers": [
      "branch:to:router"
    ],
    "langgraph_path": [
      "__pregel_pull",
      "router"
    ],
    "langgraph_checkpoint_ns": "router:07b65740-5ee2-52d2-ba66-01ad4870bc7b",
    "__pregel_task_id": "07b65740-5ee2-52d2-ba66-01ad4870bc7b",
    "checkpoint_ns": "router:07b65740-5ee2-52d2-ba66-01ad4870bc7b",
    "ls_provider": "openai",
    "ls_model_name": "gpt-4o",
    "ls_model_type": "chat",
    "ls_temperature": 0.2
  }
}
{
  "event": "on_chat_model_stream",
  "data": {
    "chunk": {
      "lc": 1,
      "type": "constructor",
      "id": [
        "langchain_core",
        "messages",
        "AIMessageChunk"
      ],
      "kwargs": {
        "content": "S",
        "tool_call_chunks": [],
        "additional_kwargs": {},
        "id": "chatcmpl-D6IlEVthI5nYea01afU129AIwiMo1",
        "response_metadata": {
          "model_provider": "openai",
          "usage": {}
        },
        "tool_calls": [],
        "invalid_tool_calls": []
      }
    }
  },
  "run_id": "019c33bb-8ab8-7ee3-8896-7d3359805e6d",
  "name": "ChatOpenAI",
  "tags": [],
  "metadata": {
    "thread_id": "test-session-1770394448994",
    "langgraph_step": 9,
    "langgraph_node": "router",
    "langgraph_triggers": [
      "branch:to:router"
    ],
    "langgraph_path": [
      "__pregel_pull",
      "router"
    ],
    "langgraph_checkpoint_ns": "router:07b65740-5ee2-52d2-ba66-01ad4870bc7b",
    "__pregel_task_id": "07b65740-5ee2-52d2-ba66-01ad4870bc7b",
    "checkpoint_ns": "router:07b65740-5ee2-52d2-ba66-01ad4870bc7b",
    "ls_provider": "openai",
    "ls_model_name": "gpt-4o",
    "ls_model_type": "chat",
    "ls_temperature": 0.2
  }
}
{
  "event": "on_chat_model_stream",
  "data": {
    "chunk": {
      "lc": 1,
      "type": "constructor",
      "id": [
        "langchain_core",
        "messages",
        "AIMessageChunk"
      ],
      "kwargs": {
        "content": "CRIPTION",
        "tool_call_chunks": [],
        "additional_kwargs": {},
        "id": "chatcmpl-D6IlEVthI5nYea01afU129AIwiMo1",
        "response_metadata": {
          "model_provider": "openai",
          "usage": {}
        },
        "tool_calls": [],
        "invalid_tool_calls": []
      }
    }
  },
  "run_id": "019c33bb-8ab8-7ee3-8896-7d3359805e6d",
  "name": "ChatOpenAI",
  "tags": [],
  "metadata": {
    "thread_id": "test-session-1770394448994",
    "langgraph_step": 9,
    "langgraph_node": "router",
    "langgraph_triggers": [
      "branch:to:router"
    ],
    "langgraph_path": [
      "__pregel_pull",
      "router"
    ],
    "langgraph_checkpoint_ns": "router:07b65740-5ee2-52d2-ba66-01ad4870bc7b",
    "__pregel_task_id": "07b65740-5ee2-52d2-ba66-01ad4870bc7b",
    "checkpoint_ns": "router:07b65740-5ee2-52d2-ba66-01ad4870bc7b",
    "ls_provider": "openai",
    "ls_model_name": "gpt-4o",
    "ls_model_type": "chat",
    "ls_temperature": 0.2
  }
}
{
  "event": "on_chat_model_stream",
  "data": {
    "chunk": {
      "lc": 1,
      "type": "constructor",
      "id": [
        "langchain_core",
        "messages",
        "AIMessageChunk"
      ],
      "kwargs": {
        "content": "_RET",
        "tool_call_chunks": [],
        "additional_kwargs": {},
        "id": "chatcmpl-D6IlEVthI5nYea01afU129AIwiMo1",
        "response_metadata": {
          "model_provider": "openai",
          "usage": {}
        },
        "tool_calls": [],
        "invalid_tool_calls": []
      }
    }
  },
  "run_id": "019c33bb-8ab8-7ee3-8896-7d3359805e6d",
  "name": "ChatOpenAI",
  "tags": [],
  "metadata": {
    "thread_id": "test-session-1770394448994",
    "langgraph_step": 9,
    "langgraph_node": "router",
    "langgraph_triggers": [
      "branch:to:router"
    ],
    "langgraph_path": [
      "__pregel_pull",
      "router"
    ],
    "langgraph_checkpoint_ns": "router:07b65740-5ee2-52d2-ba66-01ad4870bc7b",
    "__pregel_task_id": "07b65740-5ee2-52d2-ba66-01ad4870bc7b",
    "checkpoint_ns": "router:07b65740-5ee2-52d2-ba66-01ad4870bc7b",
    "ls_provider": "openai",
    "ls_model_name": "gpt-4o",
    "ls_model_type": "chat",
    "ls_temperature": 0.2
  }
}
{
  "event": "on_chat_model_stream",
  "data": {
    "chunk": {
      "lc": 1,
      "type": "constructor",
      "id": [
        "langchain_core",
        "messages",
        "AIMessageChunk"
      ],
      "kwargs": {
        "content": "ENTION",
        "tool_call_chunks": [],
        "additional_kwargs": {},
        "id": "chatcmpl-D6IlEVthI5nYea01afU129AIwiMo1",
        "response_metadata": {
          "model_provider": "openai",
          "usage": {}
        },
        "tool_calls": [],
        "invalid_tool_calls": []
      }
    }
  },
  "run_id": "019c33bb-8ab8-7ee3-8896-7d3359805e6d",
  "name": "ChatOpenAI",
  "tags": [],
  "metadata": {
    "thread_id": "test-session-1770394448994",
    "langgraph_step": 9,
    "langgraph_node": "router",
    "langgraph_triggers": [
      "branch:to:router"
    ],
    "langgraph_path": [
      "__pregel_pull",
      "router"
    ],
    "langgraph_checkpoint_ns": "router:07b65740-5ee2-52d2-ba66-01ad4870bc7b",
    "__pregel_task_id": "07b65740-5ee2-52d2-ba66-01ad4870bc7b",
    "checkpoint_ns": "router:07b65740-5ee2-52d2-ba66-01ad4870bc7b",
    "ls_provider": "openai",
    "ls_model_name": "gpt-4o",
    "ls_model_type": "chat",
    "ls_temperature": 0.2
  }
}
{
  "event": "on_chat_model_stream",
  "data": {
    "chunk": {
      "lc": 1,
      "type": "constructor",
      "id": [
        "langchain_core",
        "messages",
        "AIMessageChunk"
      ],
      "kwargs": {
        "content": "\",\n",
        "tool_call_chunks": [],
        "additional_kwargs": {},
        "id": "chatcmpl-D6IlEVthI5nYea01afU129AIwiMo1",
        "response_metadata": {
          "model_provider": "openai",
          "usage": {}
        },
        "tool_calls": [],
        "invalid_tool_calls": []
      }
    }
  },
  "run_id": "019c33bb-8ab8-7ee3-8896-7d3359805e6d",
  "name": "ChatOpenAI",
  "tags": [],
  "metadata": {
    "thread_id": "test-session-1770394448994",
    "langgraph_step": 9,
    "langgraph_node": "router",
    "langgraph_triggers": [
      "branch:to:router"
    ],
    "langgraph_path": [
      "__pregel_pull",
      "router"
    ],
    "langgraph_checkpoint_ns": "router:07b65740-5ee2-52d2-ba66-01ad4870bc7b",
    "__pregel_task_id": "07b65740-5ee2-52d2-ba66-01ad4870bc7b",
    "checkpoint_ns": "router:07b65740-5ee2-52d2-ba66-01ad4870bc7b",
    "ls_provider": "openai",
    "ls_model_name": "gpt-4o",
    "ls_model_type": "chat",
    "ls_temperature": 0.2
  }
}
{
  "event": "on_chat_model_stream",
  "data": {
    "chunk": {
      "lc": 1,
      "type": "constructor",
      "id": [
        "langchain_core",
        "messages",
        "AIMessageChunk"
      ],
      "kwargs": {
        "content": " ",
        "tool_call_chunks": [],
        "additional_kwargs": {},
        "id": "chatcmpl-D6IlEVthI5nYea01afU129AIwiMo1",
        "response_metadata": {
          "model_provider": "openai",
          "usage": {}
        },
        "tool_calls": [],
        "invalid_tool_calls": []
      }
    }
  },
  "run_id": "019c33bb-8ab8-7ee3-8896-7d3359805e6d",
  "name": "ChatOpenAI",
  "tags": [],
  "metadata": {
    "thread_id": "test-session-1770394448994",
    "langgraph_step": 9,
    "langgraph_node": "router",
    "langgraph_triggers": [
      "branch:to:router"
    ],
    "langgraph_path": [
      "__pregel_pull",
      "router"
    ],
    "langgraph_checkpoint_ns": "router:07b65740-5ee2-52d2-ba66-01ad4870bc7b",
    "__pregel_task_id": "07b65740-5ee2-52d2-ba66-01ad4870bc7b",
    "checkpoint_ns": "router:07b65740-5ee2-52d2-ba66-01ad4870bc7b",
    "ls_provider": "openai",
    "ls_model_name": "gpt-4o",
    "ls_model_type": "chat",
    "ls_temperature": 0.2
  }
}
{
  "event": "on_chat_model_stream",
  "data": {
    "chunk": {
      "lc": 1,
      "type": "constructor",
      "id": [
        "langchain_core",
        "messages",
        "AIMessageChunk"
      ],
      "kwargs": {
        "content": " \"",
        "tool_call_chunks": [],
        "additional_kwargs": {},
        "id": "chatcmpl-D6IlEVthI5nYea01afU129AIwiMo1",
        "response_metadata": {
          "model_provider": "openai",
          "usage": {}
        },
        "tool_calls": [],
        "invalid_tool_calls": []
      }
    }
  },
  "run_id": "019c33bb-8ab8-7ee3-8896-7d3359805e6d",
  "name": "ChatOpenAI",
  "tags": [],
  "metadata": {
    "thread_id": "test-session-1770394448994",
    "langgraph_step": 9,
    "langgraph_node": "router",
    "langgraph_triggers": [
      "branch:to:router"
    ],
    "langgraph_path": [
      "__pregel_pull",
      "router"
    ],
    "langgraph_checkpoint_ns": "router:07b65740-5ee2-52d2-ba66-01ad4870bc7b",
    "__pregel_task_id": "07b65740-5ee2-52d2-ba66-01ad4870bc7b",
    "checkpoint_ns": "router:07b65740-5ee2-52d2-ba66-01ad4870bc7b",
    "ls_provider": "openai",
    "ls_model_name": "gpt-4o",
    "ls_model_type": "chat",
    "ls_temperature": 0.2
  }
}
{
  "event": "on_chat_model_stream",
  "data": {
    "chunk": {
      "lc": 1,
      "type": "constructor",
      "id": [
        "langchain_core",
        "messages",
        "AIMessageChunk"
      ],
      "kwargs": {
        "content": "confidence",
        "tool_call_chunks": [],
        "additional_kwargs": {},
        "id": "chatcmpl-D6IlEVthI5nYea01afU129AIwiMo1",
        "response_metadata": {
          "model_provider": "openai",
          "usage": {}
        },
        "tool_calls": [],
        "invalid_tool_calls": []
      }
    }
  },
  "run_id": "019c33bb-8ab8-7ee3-8896-7d3359805e6d",
  "name": "ChatOpenAI",
  "tags": [],
  "metadata": {
    "thread_id": "test-session-1770394448994",
    "langgraph_step": 9,
    "langgraph_node": "router",
    "langgraph_triggers": [
      "branch:to:router"
    ],
    "langgraph_path": [
      "__pregel_pull",
      "router"
    ],
    "langgraph_checkpoint_ns": "router:07b65740-5ee2-52d2-ba66-01ad4870bc7b",
    "__pregel_task_id": "07b65740-5ee2-52d2-ba66-01ad4870bc7b",
    "checkpoint_ns": "router:07b65740-5ee2-52d2-ba66-01ad4870bc7b",
    "ls_provider": "openai",
    "ls_model_name": "gpt-4o",
    "ls_model_type": "chat",
    "ls_temperature": 0.2
  }
}
{
  "event": "on_chat_model_stream",
  "data": {
    "chunk": {
      "lc": 1,
      "type": "constructor",
      "id": [
        "langchain_core",
        "messages",
        "AIMessageChunk"
      ],
      "kwargs": {
        "content": "\":",
        "tool_call_chunks": [],
        "additional_kwargs": {},
        "id": "chatcmpl-D6IlEVthI5nYea01afU129AIwiMo1",
        "response_metadata": {
          "model_provider": "openai",
          "usage": {}
        },
        "tool_calls": [],
        "invalid_tool_calls": []
      }
    }
  },
  "run_id": "019c33bb-8ab8-7ee3-8896-7d3359805e6d",
  "name": "ChatOpenAI",
  "tags": [],
  "metadata": {
    "thread_id": "test-session-1770394448994",
    "langgraph_step": 9,
    "langgraph_node": "router",
    "langgraph_triggers": [
      "branch:to:router"
    ],
    "langgraph_path": [
      "__pregel_pull",
      "router"
    ],
    "langgraph_checkpoint_ns": "router:07b65740-5ee2-52d2-ba66-01ad4870bc7b",
    "__pregel_task_id": "07b65740-5ee2-52d2-ba66-01ad4870bc7b",
    "checkpoint_ns": "router:07b65740-5ee2-52d2-ba66-01ad4870bc7b",
    "ls_provider": "openai",
    "ls_model_name": "gpt-4o",
    "ls_model_type": "chat",
    "ls_temperature": 0.2
  }
}
{
  "event": "on_chat_model_stream",
  "data": {
    "chunk": {
      "lc": 1,
      "type": "constructor",
      "id": [
        "langchain_core",
        "messages",
        "AIMessageChunk"
      ],
      "kwargs": {
        "content": " ",
        "tool_call_chunks": [],
        "additional_kwargs": {},
        "id": "chatcmpl-D6IlEVthI5nYea01afU129AIwiMo1",
        "response_metadata": {
          "model_provider": "openai",
          "usage": {}
        },
        "tool_calls": [],
        "invalid_tool_calls": []
      }
    }
  },
  "run_id": "019c33bb-8ab8-7ee3-8896-7d3359805e6d",
  "name": "ChatOpenAI",
  "tags": [],
  "metadata": {
    "thread_id": "test-session-1770394448994",
    "langgraph_step": 9,
    "langgraph_node": "router",
    "langgraph_triggers": [
      "branch:to:router"
    ],
    "langgraph_path": [
      "__pregel_pull",
      "router"
    ],
    "langgraph_checkpoint_ns": "router:07b65740-5ee2-52d2-ba66-01ad4870bc7b",
    "__pregel_task_id": "07b65740-5ee2-52d2-ba66-01ad4870bc7b",
    "checkpoint_ns": "router:07b65740-5ee2-52d2-ba66-01ad4870bc7b",
    "ls_provider": "openai",
    "ls_model_name": "gpt-4o",
    "ls_model_type": "chat",
    "ls_temperature": 0.2
  }
}
{
  "event": "on_chat_model_stream",
  "data": {
    "chunk": {
      "lc": 1,
      "type": "constructor",
      "id": [
        "langchain_core",
        "messages",
        "AIMessageChunk"
      ],
      "kwargs": {
        "content": "1",
        "tool_call_chunks": [],
        "additional_kwargs": {},
        "id": "chatcmpl-D6IlEVthI5nYea01afU129AIwiMo1",
        "response_metadata": {
          "model_provider": "openai",
          "usage": {}
        },
        "tool_calls": [],
        "invalid_tool_calls": []
      }
    }
  },
  "run_id": "019c33bb-8ab8-7ee3-8896-7d3359805e6d",
  "name": "ChatOpenAI",
  "tags": [],
  "metadata": {
    "thread_id": "test-session-1770394448994",
    "langgraph_step": 9,
    "langgraph_node": "router",
    "langgraph_triggers": [
      "branch:to:router"
    ],
    "langgraph_path": [
      "__pregel_pull",
      "router"
    ],
    "langgraph_checkpoint_ns": "router:07b65740-5ee2-52d2-ba66-01ad4870bc7b",
    "__pregel_task_id": "07b65740-5ee2-52d2-ba66-01ad4870bc7b",
    "checkpoint_ns": "router:07b65740-5ee2-52d2-ba66-01ad4870bc7b",
    "ls_provider": "openai",
    "ls_model_name": "gpt-4o",
    "ls_model_type": "chat",
    "ls_temperature": 0.2
  }
}
{
  "event": "on_chat_model_stream",
  "data": {
    "chunk": {
      "lc": 1,
      "type": "constructor",
      "id": [
        "langchain_core",
        "messages",
        "AIMessageChunk"
      ],
      "kwargs": {
        "content": ".",
        "tool_call_chunks": [],
        "additional_kwargs": {},
        "id": "chatcmpl-D6IlEVthI5nYea01afU129AIwiMo1",
        "response_metadata": {
          "model_provider": "openai",
          "usage": {}
        },
        "tool_calls": [],
        "invalid_tool_calls": []
      }
    }
  },
  "run_id": "019c33bb-8ab8-7ee3-8896-7d3359805e6d",
  "name": "ChatOpenAI",
  "tags": [],
  "metadata": {
    "thread_id": "test-session-1770394448994",
    "langgraph_step": 9,
    "langgraph_node": "router",
    "langgraph_triggers": [
      "branch:to:router"
    ],
    "langgraph_path": [
      "__pregel_pull",
      "router"
    ],
    "langgraph_checkpoint_ns": "router:07b65740-5ee2-52d2-ba66-01ad4870bc7b",
    "__pregel_task_id": "07b65740-5ee2-52d2-ba66-01ad4870bc7b",
    "checkpoint_ns": "router:07b65740-5ee2-52d2-ba66-01ad4870bc7b",
    "ls_provider": "openai",
    "ls_model_name": "gpt-4o",
    "ls_model_type": "chat",
    "ls_temperature": 0.2
  }
}
{
  "event": "on_chat_model_stream",
  "data": {
    "chunk": {
      "lc": 1,
      "type": "constructor",
      "id": [
        "langchain_core",
        "messages",
        "AIMessageChunk"
      ],
      "kwargs": {
        "content": "0",
        "tool_call_chunks": [],
        "additional_kwargs": {},
        "id": "chatcmpl-D6IlEVthI5nYea01afU129AIwiMo1",
        "response_metadata": {
          "model_provider": "openai",
          "usage": {}
        },
        "tool_calls": [],
        "invalid_tool_calls": []
      }
    }
  },
  "run_id": "019c33bb-8ab8-7ee3-8896-7d3359805e6d",
  "name": "ChatOpenAI",
  "tags": [],
  "metadata": {
    "thread_id": "test-session-1770394448994",
    "langgraph_step": 9,
    "langgraph_node": "router",
    "langgraph_triggers": [
      "branch:to:router"
    ],
    "langgraph_path": [
      "__pregel_pull",
      "router"
    ],
    "langgraph_checkpoint_ns": "router:07b65740-5ee2-52d2-ba66-01ad4870bc7b",
    "__pregel_task_id": "07b65740-5ee2-52d2-ba66-01ad4870bc7b",
    "checkpoint_ns": "router:07b65740-5ee2-52d2-ba66-01ad4870bc7b",
    "ls_provider": "openai",
    "ls_model_name": "gpt-4o",
    "ls_model_type": "chat",
    "ls_temperature": 0.2
  }
}
{
  "event": "on_chat_model_stream",
  "data": {
    "chunk": {
      "lc": 1,
      "type": "constructor",
      "id": [
        "langchain_core",
        "messages",
        "AIMessageChunk"
      ],
      "kwargs": {
        "content": ",\n",
        "tool_call_chunks": [],
        "additional_kwargs": {},
        "id": "chatcmpl-D6IlEVthI5nYea01afU129AIwiMo1",
        "response_metadata": {
          "model_provider": "openai",
          "usage": {}
        },
        "tool_calls": [],
        "invalid_tool_calls": []
      }
    }
  },
  "run_id": "019c33bb-8ab8-7ee3-8896-7d3359805e6d",
  "name": "ChatOpenAI",
  "tags": [],
  "metadata": {
    "thread_id": "test-session-1770394448994",
    "langgraph_step": 9,
    "langgraph_node": "router",
    "langgraph_triggers": [
      "branch:to:router"
    ],
    "langgraph_path": [
      "__pregel_pull",
      "router"
    ],
    "langgraph_checkpoint_ns": "router:07b65740-5ee2-52d2-ba66-01ad4870bc7b",
    "__pregel_task_id": "07b65740-5ee2-52d2-ba66-01ad4870bc7b",
    "checkpoint_ns": "router:07b65740-5ee2-52d2-ba66-01ad4870bc7b",
    "ls_provider": "openai",
    "ls_model_name": "gpt-4o",
    "ls_model_type": "chat",
    "ls_temperature": 0.2
  }
}
{
  "event": "on_chat_model_stream",
  "data": {
    "chunk": {
      "lc": 1,
      "type": "constructor",
      "id": [
        "langchain_core",
        "messages",
        "AIMessageChunk"
      ],
      "kwargs": {
        "content": " ",
        "tool_call_chunks": [],
        "additional_kwargs": {},
        "id": "chatcmpl-D6IlEVthI5nYea01afU129AIwiMo1",
        "response_metadata": {
          "model_provider": "openai",
          "usage": {}
        },
        "tool_calls": [],
        "invalid_tool_calls": []
      }
    }
  },
  "run_id": "019c33bb-8ab8-7ee3-8896-7d3359805e6d",
  "name": "ChatOpenAI",
  "tags": [],
  "metadata": {
    "thread_id": "test-session-1770394448994",
    "langgraph_step": 9,
    "langgraph_node": "router",
    "langgraph_triggers": [
      "branch:to:router"
    ],
    "langgraph_path": [
      "__pregel_pull",
      "router"
    ],
    "langgraph_checkpoint_ns": "router:07b65740-5ee2-52d2-ba66-01ad4870bc7b",
    "__pregel_task_id": "07b65740-5ee2-52d2-ba66-01ad4870bc7b",
    "checkpoint_ns": "router:07b65740-5ee2-52d2-ba66-01ad4870bc7b",
    "ls_provider": "openai",
    "ls_model_name": "gpt-4o",
    "ls_model_type": "chat",
    "ls_temperature": 0.2
  }
}
{
  "event": "on_chat_model_stream",
  "data": {
    "chunk": {
      "lc": 1,
      "type": "constructor",
      "id": [
        "langchain_core",
        "messages",
        "AIMessageChunk"
      ],
      "kwargs": {
        "content": " \"",
        "tool_call_chunks": [],
        "additional_kwargs": {},
        "id": "chatcmpl-D6IlEVthI5nYea01afU129AIwiMo1",
        "response_metadata": {
          "model_provider": "openai",
          "usage": {}
        },
        "tool_calls": [],
        "invalid_tool_calls": []
      }
    }
  },
  "run_id": "019c33bb-8ab8-7ee3-8896-7d3359805e6d",
  "name": "ChatOpenAI",
  "tags": [],
  "metadata": {
    "thread_id": "test-session-1770394448994",
    "langgraph_step": 9,
    "langgraph_node": "router",
    "langgraph_triggers": [
      "branch:to:router"
    ],
    "langgraph_path": [
      "__pregel_pull",
      "router"
    ],
    "langgraph_checkpoint_ns": "router:07b65740-5ee2-52d2-ba66-01ad4870bc7b",
    "__pregel_task_id": "07b65740-5ee2-52d2-ba66-01ad4870bc7b",
    "checkpoint_ns": "router:07b65740-5ee2-52d2-ba66-01ad4870bc7b",
    "ls_provider": "openai",
    "ls_model_name": "gpt-4o",
    "ls_model_type": "chat",
    "ls_temperature": 0.2
  }
}
{
  "event": "on_chat_model_stream",
  "data": {
    "chunk": {
      "lc": 1,
      "type": "constructor",
      "id": [
        "langchain_core",
        "messages",
        "AIMessageChunk"
      ],
      "kwargs": {
        "content": "reason",
        "tool_call_chunks": [],
        "additional_kwargs": {},
        "id": "chatcmpl-D6IlEVthI5nYea01afU129AIwiMo1",
        "response_metadata": {
          "model_provider": "openai",
          "usage": {}
        },
        "tool_calls": [],
        "invalid_tool_calls": []
      }
    }
  },
  "run_id": "019c33bb-8ab8-7ee3-8896-7d3359805e6d",
  "name": "ChatOpenAI",
  "tags": [],
  "metadata": {
    "thread_id": "test-session-1770394448994",
    "langgraph_step": 9,
    "langgraph_node": "router",
    "langgraph_triggers": [
      "branch:to:router"
    ],
    "langgraph_path": [
      "__pregel_pull",
      "router"
    ],
    "langgraph_checkpoint_ns": "router:07b65740-5ee2-52d2-ba66-01ad4870bc7b",
    "__pregel_task_id": "07b65740-5ee2-52d2-ba66-01ad4870bc7b",
    "checkpoint_ns": "router:07b65740-5ee2-52d2-ba66-01ad4870bc7b",
    "ls_provider": "openai",
    "ls_model_name": "gpt-4o",
    "ls_model_type": "chat",
    "ls_temperature": 0.2
  }
}
{
  "event": "on_chat_model_stream",
  "data": {
    "chunk": {
      "lc": 1,
      "type": "constructor",
      "id": [
        "langchain_core",
        "messages",
        "AIMessageChunk"
      ],
      "kwargs": {
        "content": "\":",
        "tool_call_chunks": [],
        "additional_kwargs": {},
        "id": "chatcmpl-D6IlEVthI5nYea01afU129AIwiMo1",
        "response_metadata": {
          "model_provider": "openai",
          "usage": {}
        },
        "tool_calls": [],
        "invalid_tool_calls": []
      }
    }
  },
  "run_id": "019c33bb-8ab8-7ee3-8896-7d3359805e6d",
  "name": "ChatOpenAI",
  "tags": [],
  "metadata": {
    "thread_id": "test-session-1770394448994",
    "langgraph_step": 9,
    "langgraph_node": "router",
    "langgraph_triggers": [
      "branch:to:router"
    ],
    "langgraph_path": [
      "__pregel_pull",
      "router"
    ],
    "langgraph_checkpoint_ns": "router:07b65740-5ee2-52d2-ba66-01ad4870bc7b",
    "__pregel_task_id": "07b65740-5ee2-52d2-ba66-01ad4870bc7b",
    "checkpoint_ns": "router:07b65740-5ee2-52d2-ba66-01ad4870bc7b",
    "ls_provider": "openai",
    "ls_model_name": "gpt-4o",
    "ls_model_type": "chat",
    "ls_temperature": 0.2
  }
}
{
  "event": "on_chat_model_stream",
  "data": {
    "chunk": {
      "lc": 1,
      "type": "constructor",
      "id": [
        "langchain_core",
        "messages",
        "AIMessageChunk"
      ],
      "kwargs": {
        "content": " \"",
        "tool_call_chunks": [],
        "additional_kwargs": {},
        "id": "chatcmpl-D6IlEVthI5nYea01afU129AIwiMo1",
        "response_metadata": {
          "model_provider": "openai",
          "usage": {}
        },
        "tool_calls": [],
        "invalid_tool_calls": []
      }
    }
  },
  "run_id": "019c33bb-8ab8-7ee3-8896-7d3359805e6d",
  "name": "ChatOpenAI",
  "tags": [],
  "metadata": {
    "thread_id": "test-session-1770394448994",
    "langgraph_step": 9,
    "langgraph_node": "router",
    "langgraph_triggers": [
      "branch:to:router"
    ],
    "langgraph_path": [
      "__pregel_pull",
      "router"
    ],
    "langgraph_checkpoint_ns": "router:07b65740-5ee2-52d2-ba66-01ad4870bc7b",
    "__pregel_task_id": "07b65740-5ee2-52d2-ba66-01ad4870bc7b",
    "checkpoint_ns": "router:07b65740-5ee2-52d2-ba66-01ad4870bc7b",
    "ls_provider": "openai",
    "ls_model_name": "gpt-4o",
    "ls_model_type": "chat",
    "ls_temperature": 0.2
  }
}
{
  "event": "on_chat_model_stream",
  "data": {
    "chunk": {
      "lc": 1,
      "type": "constructor",
      "id": [
        "langchain_core",
        "messages",
        "AIMessageChunk"
      ],
      "kwargs": {
        "content": "The",
        "tool_call_chunks": [],
        "additional_kwargs": {},
        "id": "chatcmpl-D6IlEVthI5nYea01afU129AIwiMo1",
        "response_metadata": {
          "model_provider": "openai",
          "usage": {}
        },
        "tool_calls": [],
        "invalid_tool_calls": []
      }
    }
  },
  "run_id": "019c33bb-8ab8-7ee3-8896-7d3359805e6d",
  "name": "ChatOpenAI",
  "tags": [],
  "metadata": {
    "thread_id": "test-session-1770394448994",
    "langgraph_step": 9,
    "langgraph_node": "router",
    "langgraph_triggers": [
      "branch:to:router"
    ],
    "langgraph_path": [
      "__pregel_pull",
      "router"
    ],
    "langgraph_checkpoint_ns": "router:07b65740-5ee2-52d2-ba66-01ad4870bc7b",
    "__pregel_task_id": "07b65740-5ee2-52d2-ba66-01ad4870bc7b",
    "checkpoint_ns": "router:07b65740-5ee2-52d2-ba66-01ad4870bc7b",
    "ls_provider": "openai",
    "ls_model_name": "gpt-4o",
    "ls_model_type": "chat",
    "ls_temperature": 0.2
  }
}
{
  "event": "on_chat_model_stream",
  "data": {
    "chunk": {
      "lc": 1,
      "type": "constructor",
      "id": [
        "langchain_core",
        "messages",
        "AIMessageChunk"
      ],
      "kwargs": {
        "content": " customer",
        "tool_call_chunks": [],
        "additional_kwargs": {},
        "id": "chatcmpl-D6IlEVthI5nYea01afU129AIwiMo1",
        "response_metadata": {
          "model_provider": "openai",
          "usage": {}
        },
        "tool_calls": [],
        "invalid_tool_calls": []
      }
    }
  },
  "run_id": "019c33bb-8ab8-7ee3-8896-7d3359805e6d",
  "name": "ChatOpenAI",
  "tags": [],
  "metadata": {
    "thread_id": "test-session-1770394448994",
    "langgraph_step": 9,
    "langgraph_node": "router",
    "langgraph_triggers": [
      "branch:to:router"
    ],
    "langgraph_path": [
      "__pregel_pull",
      "router"
    ],
    "langgraph_checkpoint_ns": "router:07b65740-5ee2-52d2-ba66-01ad4870bc7b",
    "__pregel_task_id": "07b65740-5ee2-52d2-ba66-01ad4870bc7b",
    "checkpoint_ns": "router:07b65740-5ee2-52d2-ba66-01ad4870bc7b",
    "ls_provider": "openai",
    "ls_model_name": "gpt-4o",
    "ls_model_type": "chat",
    "ls_temperature": 0.2
  }
}
{
  "event": "on_chat_model_stream",
  "data": {
    "chunk": {
      "lc": 1,
      "type": "constructor",
      "id": [
        "langchain_core",
        "messages",
        "AIMessageChunk"
      ],
      "kwargs": {
        "content": " wants",
        "tool_call_chunks": [],
        "additional_kwargs": {},
        "id": "chatcmpl-D6IlEVthI5nYea01afU129AIwiMo1",
        "response_metadata": {
          "model_provider": "openai",
          "usage": {}
        },
        "tool_calls": [],
        "invalid_tool_calls": []
      }
    }
  },
  "run_id": "019c33bb-8ab8-7ee3-8896-7d3359805e6d",
  "name": "ChatOpenAI",
  "tags": [],
  "metadata": {
    "thread_id": "test-session-1770394448994",
    "langgraph_step": 9,
    "langgraph_node": "router",
    "langgraph_triggers": [
      "branch:to:router"
    ],
    "langgraph_path": [
      "__pregel_pull",
      "router"
    ],
    "langgraph_checkpoint_ns": "router:07b65740-5ee2-52d2-ba66-01ad4870bc7b",
    "__pregel_task_id": "07b65740-5ee2-52d2-ba66-01ad4870bc7b",
    "checkpoint_ns": "router:07b65740-5ee2-52d2-ba66-01ad4870bc7b",
    "ls_provider": "openai",
    "ls_model_name": "gpt-4o",
    "ls_model_type": "chat",
    "ls_temperature": 0.2
  }
}
{
  "event": "on_chat_model_stream",
  "data": {
    "chunk": {
      "lc": 1,
      "type": "constructor",
      "id": [
        "langchain_core",
        "messages",
        "AIMessageChunk"
      ],
      "kwargs": {
        "content": " to",
        "tool_call_chunks": [],
        "additional_kwargs": {},
        "id": "chatcmpl-D6IlEVthI5nYea01afU129AIwiMo1",
        "response_metadata": {
          "model_provider": "openai",
          "usage": {}
        },
        "tool_calls": [],
        "invalid_tool_calls": []
      }
    }
  },
  "run_id": "019c33bb-8ab8-7ee3-8896-7d3359805e6d",
  "name": "ChatOpenAI",
  "tags": [],
  "metadata": {
    "thread_id": "test-session-1770394448994",
    "langgraph_step": 9,
    "langgraph_node": "router",
    "langgraph_triggers": [
      "branch:to:router"
    ],
    "langgraph_path": [
      "__pregel_pull",
      "router"
    ],
    "langgraph_checkpoint_ns": "router:07b65740-5ee2-52d2-ba66-01ad4870bc7b",
    "__pregel_task_id": "07b65740-5ee2-52d2-ba66-01ad4870bc7b",
    "checkpoint_ns": "router:07b65740-5ee2-52d2-ba66-01ad4870bc7b",
    "ls_provider": "openai",
    "ls_model_name": "gpt-4o",
    "ls_model_type": "chat",
    "ls_temperature": 0.2
  }
}
{
  "event": "on_chat_model_stream",
  "data": {
    "chunk": {
      "lc": 1,
      "type": "constructor",
      "id": [
        "langchain_core",
        "messages",
        "AIMessageChunk"
      ],
      "kwargs": {
        "content": " cancel",
        "tool_call_chunks": [],
        "additional_kwargs": {},
        "id": "chatcmpl-D6IlEVthI5nYea01afU129AIwiMo1",
        "response_metadata": {
          "model_provider": "openai",
          "usage": {}
        },
        "tool_calls": [],
        "invalid_tool_calls": []
      }
    }
  },
  "run_id": "019c33bb-8ab8-7ee3-8896-7d3359805e6d",
  "name": "ChatOpenAI",
  "tags": [],
  "metadata": {
    "thread_id": "test-session-1770394448994",
    "langgraph_step": 9,
    "langgraph_node": "router",
    "langgraph_triggers": [
      "branch:to:router"
    ],
    "langgraph_path": [
      "__pregel_pull",
      "router"
    ],
    "langgraph_checkpoint_ns": "router:07b65740-5ee2-52d2-ba66-01ad4870bc7b",
    "__pregel_task_id": "07b65740-5ee2-52d2-ba66-01ad4870bc7b",
    "checkpoint_ns": "router:07b65740-5ee2-52d2-ba66-01ad4870bc7b",
    "ls_provider": "openai",
    "ls_model_name": "gpt-4o",
    "ls_model_type": "chat",
    "ls_temperature": 0.2
  }
}
{
  "event": "on_chat_model_stream",
  "data": {
    "chunk": {
      "lc": 1,
      "type": "constructor",
      "id": [
        "langchain_core",
        "messages",
        "AIMessageChunk"
      ],
      "kwargs": {
        "content": " their",
        "tool_call_chunks": [],
        "additional_kwargs": {},
        "id": "chatcmpl-D6IlEVthI5nYea01afU129AIwiMo1",
        "response_metadata": {
          "model_provider": "openai",
          "usage": {}
        },
        "tool_calls": [],
        "invalid_tool_calls": []
      }
    }
  },
  "run_id": "019c33bb-8ab8-7ee3-8896-7d3359805e6d",
  "name": "ChatOpenAI",
  "tags": [],
  "metadata": {
    "thread_id": "test-session-1770394448994",
    "langgraph_step": 9,
    "langgraph_node": "router",
    "langgraph_triggers": [
      "branch:to:router"
    ],
    "langgraph_path": [
      "__pregel_pull",
      "router"
    ],
    "langgraph_checkpoint_ns": "router:07b65740-5ee2-52d2-ba66-01ad4870bc7b",
    "__pregel_task_id": "07b65740-5ee2-52d2-ba66-01ad4870bc7b",
    "checkpoint_ns": "router:07b65740-5ee2-52d2-ba66-01ad4870bc7b",
    "ls_provider": "openai",
    "ls_model_name": "gpt-4o",
    "ls_model_type": "chat",
    "ls_temperature": 0.2
  }
}
{
  "event": "on_chat_model_stream",
  "data": {
    "chunk": {
      "lc": 1,
      "type": "constructor",
      "id": [
        "langchain_core",
        "messages",
        "AIMessageChunk"
      ],
      "kwargs": {
        "content": " subscription",
        "tool_call_chunks": [],
        "additional_kwargs": {},
        "id": "chatcmpl-D6IlEVthI5nYea01afU129AIwiMo1",
        "response_metadata": {
          "model_provider": "openai",
          "usage": {}
        },
        "tool_calls": [],
        "invalid_tool_calls": []
      }
    }
  },
  "run_id": "019c33bb-8ab8-7ee3-8896-7d3359805e6d",
  "name": "ChatOpenAI",
  "tags": [],
  "metadata": {
    "thread_id": "test-session-1770394448994",
    "langgraph_step": 9,
    "langgraph_node": "router",
    "langgraph_triggers": [
      "branch:to:router"
    ],
    "langgraph_path": [
      "__pregel_pull",
      "router"
    ],
    "langgraph_checkpoint_ns": "router:07b65740-5ee2-52d2-ba66-01ad4870bc7b",
    "__pregel_task_id": "07b65740-5ee2-52d2-ba66-01ad4870bc7b",
    "checkpoint_ns": "router:07b65740-5ee2-52d2-ba66-01ad4870bc7b",
    "ls_provider": "openai",
    "ls_model_name": "gpt-4o",
    "ls_model_type": "chat",
    "ls_temperature": 0.2
  }
}
{
  "event": "on_chat_model_stream",
  "data": {
    "chunk": {
      "lc": 1,
      "type": "constructor",
      "id": [
        "langchain_core",
        "messages",
        "AIMessageChunk"
      ],
      "kwargs": {
        "content": ",",
        "tool_call_chunks": [],
        "additional_kwargs": {},
        "id": "chatcmpl-D6IlEVthI5nYea01afU129AIwiMo1",
        "response_metadata": {
          "model_provider": "openai",
          "usage": {}
        },
        "tool_calls": [],
        "invalid_tool_calls": []
      }
    }
  },
  "run_id": "019c33bb-8ab8-7ee3-8896-7d3359805e6d",
  "name": "ChatOpenAI",
  "tags": [],
  "metadata": {
    "thread_id": "test-session-1770394448994",
    "langgraph_step": 9,
    "langgraph_node": "router",
    "langgraph_triggers": [
      "branch:to:router"
    ],
    "langgraph_path": [
      "__pregel_pull",
      "router"
    ],
    "langgraph_checkpoint_ns": "router:07b65740-5ee2-52d2-ba66-01ad4870bc7b",
    "__pregel_task_id": "07b65740-5ee2-52d2-ba66-01ad4870bc7b",
    "checkpoint_ns": "router:07b65740-5ee2-52d2-ba66-01ad4870bc7b",
    "ls_provider": "openai",
    "ls_model_name": "gpt-4o",
    "ls_model_type": "chat",
    "ls_temperature": 0.2
  }
}
{
  "event": "on_chat_model_stream",
  "data": {
    "chunk": {
      "lc": 1,
      "type": "constructor",
      "id": [
        "langchain_core",
        "messages",
        "AIMessageChunk"
      ],
      "kwargs": {
        "content": " which",
        "tool_call_chunks": [],
        "additional_kwargs": {},
        "id": "chatcmpl-D6IlEVthI5nYea01afU129AIwiMo1",
        "response_metadata": {
          "model_provider": "openai",
          "usage": {}
        },
        "tool_calls": [],
        "invalid_tool_calls": []
      }
    }
  },
  "run_id": "019c33bb-8ab8-7ee3-8896-7d3359805e6d",
  "name": "ChatOpenAI",
  "tags": [],
  "metadata": {
    "thread_id": "test-session-1770394448994",
    "langgraph_step": 9,
    "langgraph_node": "router",
    "langgraph_triggers": [
      "branch:to:router"
    ],
    "langgraph_path": [
      "__pregel_pull",
      "router"
    ],
    "langgraph_checkpoint_ns": "router:07b65740-5ee2-52d2-ba66-01ad4870bc7b",
    "__pregel_task_id": "07b65740-5ee2-52d2-ba66-01ad4870bc7b",
    "checkpoint_ns": "router:07b65740-5ee2-52d2-ba66-01ad4870bc7b",
    "ls_provider": "openai",
    "ls_model_name": "gpt-4o",
    "ls_model_type": "chat",
    "ls_temperature": 0.2
  }
}
{
  "event": "on_chat_model_stream",
  "data": {
    "chunk": {
      "lc": 1,
      "type": "constructor",
      "id": [
        "langchain_core",
        "messages",
        "AIMessageChunk"
      ],
      "kwargs": {
        "content": " requires",
        "tool_call_chunks": [],
        "additional_kwargs": {},
        "id": "chatcmpl-D6IlEVthI5nYea01afU129AIwiMo1",
        "response_metadata": {
          "model_provider": "openai",
          "usage": {}
        },
        "tool_calls": [],
        "invalid_tool_calls": []
      }
    }
  },
  "run_id": "019c33bb-8ab8-7ee3-8896-7d3359805e6d",
  "name": "ChatOpenAI",
  "tags": [],
  "metadata": {
    "thread_id": "test-session-1770394448994",
    "langgraph_step": 9,
    "langgraph_node": "router",
    "langgraph_triggers": [
      "branch:to:router"
    ],
    "langgraph_path": [
      "__pregel_pull",
      "router"
    ],
    "langgraph_checkpoint_ns": "router:07b65740-5ee2-52d2-ba66-01ad4870bc7b",
    "__pregel_task_id": "07b65740-5ee2-52d2-ba66-01ad4870bc7b",
    "checkpoint_ns": "router:07b65740-5ee2-52d2-ba66-01ad4870bc7b",
    "ls_provider": "openai",
    "ls_model_name": "gpt-4o",
    "ls_model_type": "chat",
    "ls_temperature": 0.2
  }
}
{
  "event": "on_chat_model_stream",
  "data": {
    "chunk": {
      "lc": 1,
      "type": "constructor",
      "id": [
        "langchain_core",
        "messages",
        "AIMessageChunk"
      ],
      "kwargs": {
        "content": " the",
        "tool_call_chunks": [],
        "additional_kwargs": {},
        "id": "chatcmpl-D6IlEVthI5nYea01afU129AIwiMo1",
        "response_metadata": {
          "model_provider": "openai",
          "usage": {}
        },
        "tool_calls": [],
        "invalid_tool_calls": []
      }
    }
  },
  "run_id": "019c33bb-8ab8-7ee3-8896-7d3359805e6d",
  "name": "ChatOpenAI",
  "tags": [],
  "metadata": {
    "thread_id": "test-session-1770394448994",
    "langgraph_step": 9,
    "langgraph_node": "router",
    "langgraph_triggers": [
      "branch:to:router"
    ],
    "langgraph_path": [
      "__pregel_pull",
      "router"
    ],
    "langgraph_checkpoint_ns": "router:07b65740-5ee2-52d2-ba66-01ad4870bc7b",
    "__pregel_task_id": "07b65740-5ee2-52d2-ba66-01ad4870bc7b",
    "checkpoint_ns": "router:07b65740-5ee2-52d2-ba66-01ad4870bc7b",
    "ls_provider": "openai",
    "ls_model_name": "gpt-4o",
    "ls_model_type": "chat",
    "ls_temperature": 0.2
  }
}
{
  "event": "on_chat_model_stream",
  "data": {
    "chunk": {
      "lc": 1,
      "type": "constructor",
      "id": [
        "langchain_core",
        "messages",
        "AIMessageChunk"
      ],
      "kwargs": {
        "content": " use",
        "tool_call_chunks": [],
        "additional_kwargs": {},
        "id": "chatcmpl-D6IlEVthI5nYea01afU129AIwiMo1",
        "response_metadata": {
          "model_provider": "openai",
          "usage": {}
        },
        "tool_calls": [],
        "invalid_tool_calls": []
      }
    }
  },
  "run_id": "019c33bb-8ab8-7ee3-8896-7d3359805e6d",
  "name": "ChatOpenAI",
  "tags": [],
  "metadata": {
    "thread_id": "test-session-1770394448994",
    "langgraph_step": 9,
    "langgraph_node": "router",
    "langgraph_triggers": [
      "branch:to:router"
    ],
    "langgraph_path": [
      "__pregel_pull",
      "router"
    ],
    "langgraph_checkpoint_ns": "router:07b65740-5ee2-52d2-ba66-01ad4870bc7b",
    "__pregel_task_id": "07b65740-5ee2-52d2-ba66-01ad4870bc7b",
    "checkpoint_ns": "router:07b65740-5ee2-52d2-ba66-01ad4870bc7b",
    "ls_provider": "openai",
    "ls_model_name": "gpt-4o",
    "ls_model_type": "chat",
    "ls_temperature": 0.2
  }
}
{
  "event": "on_chat_model_stream",
  "data": {
    "chunk": {
      "lc": 1,
      "type": "constructor",
      "id": [
        "langchain_core",
        "messages",
        "AIMessageChunk"
      ],
      "kwargs": {
        "content": " of",
        "tool_call_chunks": [],
        "additional_kwargs": {},
        "id": "chatcmpl-D6IlEVthI5nYea01afU129AIwiMo1",
        "response_metadata": {
          "model_provider": "openai",
          "usage": {}
        },
        "tool_calls": [],
        "invalid_tool_calls": []
      }
    }
  },
  "run_id": "019c33bb-8ab8-7ee3-8896-7d3359805e6d",
  "name": "ChatOpenAI",
  "tags": [],
  "metadata": {
    "thread_id": "test-session-1770394448994",
    "langgraph_step": 9,
    "langgraph_node": "router",
    "langgraph_triggers": [
      "branch:to:router"
    ],
    "langgraph_path": [
      "__pregel_pull",
      "router"
    ],
    "langgraph_checkpoint_ns": "router:07b65740-5ee2-52d2-ba66-01ad4870bc7b",
    "__pregel_task_id": "07b65740-5ee2-52d2-ba66-01ad4870bc7b",
    "checkpoint_ns": "router:07b65740-5ee2-52d2-ba66-01ad4870bc7b",
    "ls_provider": "openai",
    "ls_model_name": "gpt-4o",
    "ls_model_type": "chat",
    "ls_temperature": 0.2
  }
}
{
  "event": "on_chat_model_stream",
  "data": {
    "chunk": {
      "lc": 1,
      "type": "constructor",
      "id": [
        "langchain_core",
        "messages",
        "AIMessageChunk"
      ],
      "kwargs": {
        "content": " the",
        "tool_call_chunks": [],
        "additional_kwargs": {},
        "id": "chatcmpl-D6IlEVthI5nYea01afU129AIwiMo1",
        "response_metadata": {
          "model_provider": "openai",
          "usage": {}
        },
        "tool_calls": [],
        "invalid_tool_calls": []
      }
    }
  },
  "run_id": "019c33bb-8ab8-7ee3-8896-7d3359805e6d",
  "name": "ChatOpenAI",
  "tags": [],
  "metadata": {
    "thread_id": "test-session-1770394448994",
    "langgraph_step": 9,
    "langgraph_node": "router",
    "langgraph_triggers": [
      "branch:to:router"
    ],
    "langgraph_path": [
      "__pregel_pull",
      "router"
    ],
    "langgraph_checkpoint_ns": "router:07b65740-5ee2-52d2-ba66-01ad4870bc7b",
    "__pregel_task_id": "07b65740-5ee2-52d2-ba66-01ad4870bc7b",
    "checkpoint_ns": "router:07b65740-5ee2-52d2-ba66-01ad4870bc7b",
    "ls_provider": "openai",
    "ls_model_name": "gpt-4o",
    "ls_model_type": "chat",
    "ls_temperature": 0.2
  }
}
{
  "event": "on_chat_model_stream",
  "data": {
    "chunk": {
      "lc": 1,
      "type": "constructor",
      "id": [
        "langchain_core",
        "messages",
        "AIMessageChunk"
      ],
      "kwargs": {
        "content": " sk",
        "tool_call_chunks": [],
        "additional_kwargs": {},
        "id": "chatcmpl-D6IlEVthI5nYea01afU129AIwiMo1",
        "response_metadata": {
          "model_provider": "openai",
          "usage": {}
        },
        "tool_calls": [],
        "invalid_tool_calls": []
      }
    }
  },
  "run_id": "019c33bb-8ab8-7ee3-8896-7d3359805e6d",
  "name": "ChatOpenAI",
  "tags": [],
  "metadata": {
    "thread_id": "test-session-1770394448994",
    "langgraph_step": 9,
    "langgraph_node": "router",
    "langgraph_triggers": [
      "branch:to:router"
    ],
    "langgraph_path": [
      "__pregel_pull",
      "router"
    ],
    "langgraph_checkpoint_ns": "router:07b65740-5ee2-52d2-ba66-01ad4870bc7b",
    "__pregel_task_id": "07b65740-5ee2-52d2-ba66-01ad4870bc7b",
    "checkpoint_ns": "router:07b65740-5ee2-52d2-ba66-01ad4870bc7b",
    "ls_provider": "openai",
    "ls_model_name": "gpt-4o",
    "ls_model_type": "chat",
    "ls_temperature": 0.2
  }
}
{
  "event": "on_chat_model_stream",
  "data": {
    "chunk": {
      "lc": 1,
      "type": "constructor",
      "id": [
        "langchain_core",
        "messages",
        "AIMessageChunk"
      ],
      "kwargs": {
        "content": "io",
        "tool_call_chunks": [],
        "additional_kwargs": {},
        "id": "chatcmpl-D6IlEVthI5nYea01afU129AIwiMo1",
        "response_metadata": {
          "model_provider": "openai",
          "usage": {}
        },
        "tool_calls": [],
        "invalid_tool_calls": []
      }
    }
  },
  "run_id": "019c33bb-8ab8-7ee3-8896-7d3359805e6d",
  "name": "ChatOpenAI",
  "tags": [],
  "metadata": {
    "thread_id": "test-session-1770394448994",
    "langgraph_step": 9,
    "langgraph_node": "router",
    "langgraph_triggers": [
      "branch:to:router"
    ],
    "langgraph_path": [
      "__pregel_pull",
      "router"
    ],
    "langgraph_checkpoint_ns": "router:07b65740-5ee2-52d2-ba66-01ad4870bc7b",
    "__pregel_task_id": "07b65740-5ee2-52d2-ba66-01ad4870bc7b",
    "checkpoint_ns": "router:07b65740-5ee2-52d2-ba66-01ad4870bc7b",
    "ls_provider": "openai",
    "ls_model_name": "gpt-4o",
    "ls_model_type": "chat",
    "ls_temperature": 0.2
  }
}
{
  "event": "on_chat_model_stream",
  "data": {
    "chunk": {
      "lc": 1,
      "type": "constructor",
      "id": [
        "langchain_core",
        "messages",
        "AIMessageChunk"
      ],
      "kwargs": {
        "content": "_cancel",
        "tool_call_chunks": [],
        "additional_kwargs": {},
        "id": "chatcmpl-D6IlEVthI5nYea01afU129AIwiMo1",
        "response_metadata": {
          "model_provider": "openai",
          "usage": {}
        },
        "tool_calls": [],
        "invalid_tool_calls": []
      }
    }
  },
  "run_id": "019c33bb-8ab8-7ee3-8896-7d3359805e6d",
  "name": "ChatOpenAI",
  "tags": [],
  "metadata": {
    "thread_id": "test-session-1770394448994",
    "langgraph_step": 9,
    "langgraph_node": "router",
    "langgraph_triggers": [
      "branch:to:router"
    ],
    "langgraph_path": [
      "__pregel_pull",
      "router"
    ],
    "langgraph_checkpoint_ns": "router:07b65740-5ee2-52d2-ba66-01ad4870bc7b",
    "__pregel_task_id": "07b65740-5ee2-52d2-ba66-01ad4870bc7b",
    "checkpoint_ns": "router:07b65740-5ee2-52d2-ba66-01ad4870bc7b",
    "ls_provider": "openai",
    "ls_model_name": "gpt-4o",
    "ls_model_type": "chat",
    "ls_temperature": 0.2
  }
}
{
  "event": "on_chat_model_stream",
  "data": {
    "chunk": {
      "lc": 1,
      "type": "constructor",
      "id": [
        "langchain_core",
        "messages",
        "AIMessageChunk"
      ],
      "kwargs": {
        "content": "_subscription",
        "tool_call_chunks": [],
        "additional_kwargs": {},
        "id": "chatcmpl-D6IlEVthI5nYea01afU129AIwiMo1",
        "response_metadata": {
          "model_provider": "openai",
          "usage": {}
        },
        "tool_calls": [],
        "invalid_tool_calls": []
      }
    }
  },
  "run_id": "019c33bb-8ab8-7ee3-8896-7d3359805e6d",
  "name": "ChatOpenAI",
  "tags": [],
  "metadata": {
    "thread_id": "test-session-1770394448994",
    "langgraph_step": 9,
    "langgraph_node": "router",
    "langgraph_triggers": [
      "branch:to:router"
    ],
    "langgraph_path": [
      "__pregel_pull",
      "router"
    ],
    "langgraph_checkpoint_ns": "router:07b65740-5ee2-52d2-ba66-01ad4870bc7b",
    "__pregel_task_id": "07b65740-5ee2-52d2-ba66-01ad4870bc7b",
    "checkpoint_ns": "router:07b65740-5ee2-52d2-ba66-01ad4870bc7b",
    "ls_provider": "openai",
    "ls_model_name": "gpt-4o",
    "ls_model_type": "chat",
    "ls_temperature": 0.2
  }
}
{
  "event": "on_chat_model_stream",
  "data": {
    "chunk": {
      "lc": 1,
      "type": "constructor",
      "id": [
        "langchain_core",
        "messages",
        "AIMessageChunk"
      ],
      "kwargs": {
        "content": " tool",
        "tool_call_chunks": [],
        "additional_kwargs": {},
        "id": "chatcmpl-D6IlEVthI5nYea01afU129AIwiMo1",
        "response_metadata": {
          "model_provider": "openai",
          "usage": {}
        },
        "tool_calls": [],
        "invalid_tool_calls": []
      }
    }
  },
  "run_id": "019c33bb-8ab8-7ee3-8896-7d3359805e6d",
  "name": "ChatOpenAI",
  "tags": [],
  "metadata": {
    "thread_id": "test-session-1770394448994",
    "langgraph_step": 9,
    "langgraph_node": "router",
    "langgraph_triggers": [
      "branch:to:router"
    ],
    "langgraph_path": [
      "__pregel_pull",
      "router"
    ],
    "langgraph_checkpoint_ns": "router:07b65740-5ee2-52d2-ba66-01ad4870bc7b",
    "__pregel_task_id": "07b65740-5ee2-52d2-ba66-01ad4870bc7b",
    "checkpoint_ns": "router:07b65740-5ee2-52d2-ba66-01ad4870bc7b",
    "ls_provider": "openai",
    "ls_model_name": "gpt-4o",
    "ls_model_type": "chat",
    "ls_temperature": 0.2
  }
}
{
  "event": "on_chat_model_stream",
  "data": {
    "chunk": {
      "lc": 1,
      "type": "constructor",
      "id": [
        "langchain_core",
        "messages",
        "AIMessageChunk"
      ],
      "kwargs": {
        "content": ".\"\n",
        "tool_call_chunks": [],
        "additional_kwargs": {},
        "id": "chatcmpl-D6IlEVthI5nYea01afU129AIwiMo1",
        "response_metadata": {
          "model_provider": "openai",
          "usage": {}
        },
        "tool_calls": [],
        "invalid_tool_calls": []
      }
    }
  },
  "run_id": "019c33bb-8ab8-7ee3-8896-7d3359805e6d",
  "name": "ChatOpenAI",
  "tags": [],
  "metadata": {
    "thread_id": "test-session-1770394448994",
    "langgraph_step": 9,
    "langgraph_node": "router",
    "langgraph_triggers": [
      "branch:to:router"
    ],
    "langgraph_path": [
      "__pregel_pull",
      "router"
    ],
    "langgraph_checkpoint_ns": "router:07b65740-5ee2-52d2-ba66-01ad4870bc7b",
    "__pregel_task_id": "07b65740-5ee2-52d2-ba66-01ad4870bc7b",
    "checkpoint_ns": "router:07b65740-5ee2-52d2-ba66-01ad4870bc7b",
    "ls_provider": "openai",
    "ls_model_name": "gpt-4o",
    "ls_model_type": "chat",
    "ls_temperature": 0.2
  }
}
{
  "event": "on_chat_model_stream",
  "data": {
    "chunk": {
      "lc": 1,
      "type": "constructor",
      "id": [
        "langchain_core",
        "messages",
        "AIMessageChunk"
      ],
      "kwargs": {
        "content": "}",
        "tool_call_chunks": [],
        "additional_kwargs": {},
        "id": "chatcmpl-D6IlEVthI5nYea01afU129AIwiMo1",
        "response_metadata": {
          "model_provider": "openai",
          "usage": {}
        },
        "tool_calls": [],
        "invalid_tool_calls": []
      }
    }
  },
  "run_id": "019c33bb-8ab8-7ee3-8896-7d3359805e6d",
  "name": "ChatOpenAI",
  "tags": [],
  "metadata": {
    "thread_id": "test-session-1770394448994",
    "langgraph_step": 9,
    "langgraph_node": "router",
    "langgraph_triggers": [
      "branch:to:router"
    ],
    "langgraph_path": [
      "__pregel_pull",
      "router"
    ],
    "langgraph_checkpoint_ns": "router:07b65740-5ee2-52d2-ba66-01ad4870bc7b",
    "__pregel_task_id": "07b65740-5ee2-52d2-ba66-01ad4870bc7b",
    "checkpoint_ns": "router:07b65740-5ee2-52d2-ba66-01ad4870bc7b",
    "ls_provider": "openai",
    "ls_model_name": "gpt-4o",
    "ls_model_type": "chat",
    "ls_temperature": 0.2
  }
}
{
  "event": "on_chat_model_stream",
  "data": {
    "chunk": {
      "lc": 1,
      "type": "constructor",
      "id": [
        "langchain_core",
        "messages",
        "AIMessageChunk"
      ],
      "kwargs": {
        "content": "",
        "tool_call_chunks": [],
        "additional_kwargs": {},
        "id": "chatcmpl-D6IlEVthI5nYea01afU129AIwiMo1",
        "response_metadata": {
          "model_provider": "openai",
          "usage": {}
        },
        "tool_calls": [],
        "invalid_tool_calls": []
      }
    }
  },
  "run_id": "019c33bb-8ab8-7ee3-8896-7d3359805e6d",
  "name": "ChatOpenAI",
  "tags": [],
  "metadata": {
    "thread_id": "test-session-1770394448994",
    "langgraph_step": 9,
    "langgraph_node": "router",
    "langgraph_triggers": [
      "branch:to:router"
    ],
    "langgraph_path": [
      "__pregel_pull",
      "router"
    ],
    "langgraph_checkpoint_ns": "router:07b65740-5ee2-52d2-ba66-01ad4870bc7b",
    "__pregel_task_id": "07b65740-5ee2-52d2-ba66-01ad4870bc7b",
    "checkpoint_ns": "router:07b65740-5ee2-52d2-ba66-01ad4870bc7b",
    "ls_provider": "openai",
    "ls_model_name": "gpt-4o",
    "ls_model_type": "chat",
    "ls_temperature": 0.2
  }
}
{
  "event": "on_chat_model_stream",
  "data": {
    "chunk": {
      "lc": 1,
      "type": "constructor",
      "id": [
        "langchain_core",
        "messages",
        "AIMessageChunk"
      ],
      "kwargs": {
        "content": "",
        "tool_call_chunks": [],
        "additional_kwargs": {},
        "id": "chatcmpl-D6IlFIkpT9G0xNDXca6Z7X5qNhujn",
        "response_metadata": {
          "model_provider": "openai",
          "usage": {}
        },
        "tool_calls": [],
        "invalid_tool_calls": []
      }
    }
  },
  "run_id": "019c33bb-8fcb-7ee3-8896-9b788da75bae",
  "name": "ChatOpenAI",
  "tags": [],
  "metadata": {
    "thread_id": "test-session-1770394448994",
    "langgraph_step": 10,
    "langgraph_node": "subscription_retention",
    "langgraph_triggers": [
      "branch:to:subscription_retention"
    ],
    "langgraph_path": [
      "__pregel_pull",
      "subscription_retention"
    ],
    "langgraph_checkpoint_ns": "subscription_retention:92fbaacd-e648-59d9-80e9-def1d123ce07",
    "__pregel_task_id": "92fbaacd-e648-59d9-80e9-def1d123ce07",
    "checkpoint_ns": "subscription_retention:92fbaacd-e648-59d9-80e9-def1d123ce07",
    "ls_provider": "openai",
    "ls_model_name": "gpt-4o",
    "ls_model_type": "chat",
    "ls_temperature": 0.2
  }
}
{
  "event": "on_chat_model_stream",
  "data": {
    "chunk": {
      "lc": 1,
      "type": "constructor",
      "id": [
        "langchain_core",
        "messages",
        "AIMessageChunk"
      ],
      "kwargs": {
        "content": "├£",
        "tool_call_chunks": [],
        "additional_kwargs": {},
        "id": "chatcmpl-D6IlFIkpT9G0xNDXca6Z7X5qNhujn",
        "response_metadata": {
          "model_provider": "openai",
          "usage": {}
        },
        "tool_calls": [],
        "invalid_tool_calls": []
      }
    }
  },
  "run_id": "019c33bb-8fcb-7ee3-8896-9b788da75bae",
  "name": "ChatOpenAI",
  "tags": [],
  "metadata": {
    "thread_id": "test-session-1770394448994",
    "langgraph_step": 10,
    "langgraph_node": "subscription_retention",
    "langgraph_triggers": [
      "branch:to:subscription_retention"
    ],
    "langgraph_path": [
      "__pregel_pull",
      "subscription_retention"
    ],
    "langgraph_checkpoint_ns": "subscription_retention:92fbaacd-e648-59d9-80e9-def1d123ce07",
    "__pregel_task_id": "92fbaacd-e648-59d9-80e9-def1d123ce07",
    "checkpoint_ns": "subscription_retention:92fbaacd-e648-59d9-80e9-def1d123ce07",
    "ls_provider": "openai",
    "ls_model_name": "gpt-4o",
    "ls_model_type": "chat",
    "ls_temperature": 0.2
  }
}
{
  "event": "on_chat_model_stream",
  "data": {
    "chunk": {
      "lc": 1,
      "type": "constructor",
      "id": [
        "langchain_core",
        "messages",
        "AIMessageChunk"
      ],
      "kwargs": {
        "content": "zg",
        "tool_call_chunks": [],
        "additional_kwargs": {},
        "id": "chatcmpl-D6IlFIkpT9G0xNDXca6Z7X5qNhujn",
        "response_metadata": {
          "model_provider": "openai",
          "usage": {}
        },
        "tool_calls": [],
        "invalid_tool_calls": []
      }
    }
  },
  "run_id": "019c33bb-8fcb-7ee3-8896-9b788da75bae",
  "name": "ChatOpenAI",
  "tags": [],
  "metadata": {
    "thread_id": "test-session-1770394448994",
    "langgraph_step": 10,
    "langgraph_node": "subscription_retention",
    "langgraph_triggers": [
      "branch:to:subscription_retention"
    ],
    "langgraph_path": [
      "__pregel_pull",
      "subscription_retention"
    ],
    "langgraph_checkpoint_ns": "subscription_retention:92fbaacd-e648-59d9-80e9-def1d123ce07",
    "__pregel_task_id": "92fbaacd-e648-59d9-80e9-def1d123ce07",
    "checkpoint_ns": "subscription_retention:92fbaacd-e648-59d9-80e9-def1d123ce07",
    "ls_provider": "openai",
    "ls_model_name": "gpt-4o",
    "ls_model_type": "chat",
    "ls_temperature": 0.2
  }
}
{
  "event": "on_chat_model_stream",
  "data": {
    "chunk": {
      "lc": 1,
      "type": "constructor",
      "id": [
        "langchain_core",
        "messages",
        "AIMessageChunk"
      ],
      "kwargs": {
        "content": "├╝n",
        "tool_call_chunks": [],
        "additional_kwargs": {},
        "id": "chatcmpl-D6IlFIkpT9G0xNDXca6Z7X5qNhujn",
        "response_metadata": {
          "model_provider": "openai",
          "usage": {}
        },
        "tool_calls": [],
        "invalid_tool_calls": []
      }
    }
  },
  "run_id": "019c33bb-8fcb-7ee3-8896-9b788da75bae",
  "name": "ChatOpenAI",
  "tags": [],
  "metadata": {
    "thread_id": "test-session-1770394448994",
    "langgraph_step": 10,
    "langgraph_node": "subscription_retention",
    "langgraph_triggers": [
      "branch:to:subscription_retention"
    ],
    "langgraph_path": [
      "__pregel_pull",
      "subscription_retention"
    ],
    "langgraph_checkpoint_ns": "subscription_retention:92fbaacd-e648-59d9-80e9-def1d123ce07",
    "__pregel_task_id": "92fbaacd-e648-59d9-80e9-def1d123ce07",
    "checkpoint_ns": "subscription_retention:92fbaacd-e648-59d9-80e9-def1d123ce07",
    "ls_provider": "openai",
    "ls_model_name": "gpt-4o",
    "ls_model_type": "chat",
    "ls_temperature": 0.2
  }
}
{
  "event": "on_chat_model_stream",
  "data": {
    "chunk": {
      "lc": 1,
      "type": "constructor",
      "id": [
        "langchain_core",
        "messages",
        "AIMessageChunk"
      ],
      "kwargs": {
        "content": "├╝m",
        "tool_call_chunks": [],
        "additional_kwargs": {},
        "id": "chatcmpl-D6IlFIkpT9G0xNDXca6Z7X5qNhujn",
        "response_metadata": {
          "model_provider": "openai",
          "usage": {}
        },
        "tool_calls": [],
        "invalid_tool_calls": []
      }
    }
  },
  "run_id": "019c33bb-8fcb-7ee3-8896-9b788da75bae",
  "name": "ChatOpenAI",
  "tags": [],
  "metadata": {
    "thread_id": "test-session-1770394448994",
    "langgraph_step": 10,
    "langgraph_node": "subscription_retention",
    "langgraph_triggers": [
      "branch:to:subscription_retention"
    ],
    "langgraph_path": [
      "__pregel_pull",
      "subscription_retention"
    ],
    "langgraph_checkpoint_ns": "subscription_retention:92fbaacd-e648-59d9-80e9-def1d123ce07",
    "__pregel_task_id": "92fbaacd-e648-59d9-80e9-def1d123ce07",
    "checkpoint_ns": "subscription_retention:92fbaacd-e648-59d9-80e9-def1d123ce07",
    "ls_provider": "openai",
    "ls_model_name": "gpt-4o",
    "ls_model_type": "chat",
    "ls_temperature": 0.2
  }
}
{
  "event": "on_chat_model_stream",
  "data": {
    "chunk": {
      "lc": 1,
      "type": "constructor",
      "id": [
        "langchain_core",
        "messages",
        "AIMessageChunk"
      ],
      "kwargs": {
        "content": ",",
        "tool_call_chunks": [],
        "additional_kwargs": {},
        "id": "chatcmpl-D6IlFIkpT9G0xNDXca6Z7X5qNhujn",
        "response_metadata": {
          "model_provider": "openai",
          "usage": {}
        },
        "tool_calls": [],
        "invalid_tool_calls": []
      }
    }
  },
  "run_id": "019c33bb-8fcb-7ee3-8896-9b788da75bae",
  "name": "ChatOpenAI",
  "tags": [],
  "metadata": {
    "thread_id": "test-session-1770394448994",
    "langgraph_step": 10,
    "langgraph_node": "subscription_retention",
    "langgraph_triggers": [
      "branch:to:subscription_retention"
    ],
    "langgraph_path": [
      "__pregel_pull",
      "subscription_retention"
    ],
    "langgraph_checkpoint_ns": "subscription_retention:92fbaacd-e648-59d9-80e9-def1d123ce07",
    "__pregel_task_id": "92fbaacd-e648-59d9-80e9-def1d123ce07",
    "checkpoint_ns": "subscription_retention:92fbaacd-e648-59d9-80e9-def1d123ce07",
    "ls_provider": "openai",
    "ls_model_name": "gpt-4o",
    "ls_model_type": "chat",
    "ls_temperature": 0.2
  }
}
{
  "event": "on_chat_model_stream",
  "data": {
    "chunk": {
      "lc": 1,
      "type": "constructor",
      "id": [
        "langchain_core",
        "messages",
        "AIMessageChunk"
      ],
      "kwargs": {
        "content": " abon",
        "tool_call_chunks": [],
        "additional_kwargs": {},
        "id": "chatcmpl-D6IlFIkpT9G0xNDXca6Z7X5qNhujn",
        "response_metadata": {
          "model_provider": "openai",
          "usage": {}
        },
        "tool_calls": [],
        "invalid_tool_calls": []
      }
    }
  },
  "run_id": "019c33bb-8fcb-7ee3-8896-9b788da75bae",
  "name": "ChatOpenAI",
  "tags": [],
  "metadata": {
    "thread_id": "test-session-1770394448994",
    "langgraph_step": 10,
    "langgraph_node": "subscription_retention",
    "langgraph_triggers": [
      "branch:to:subscription_retention"
    ],
    "langgraph_path": [
      "__pregel_pull",
      "subscription_retention"
    ],
    "langgraph_checkpoint_ns": "subscription_retention:92fbaacd-e648-59d9-80e9-def1d123ce07",
    "__pregel_task_id": "92fbaacd-e648-59d9-80e9-def1d123ce07",
    "checkpoint_ns": "subscription_retention:92fbaacd-e648-59d9-80e9-def1d123ce07",
    "ls_provider": "openai",
    "ls_model_name": "gpt-4o",
    "ls_model_type": "chat",
    "ls_temperature": 0.2
  }
}
{
  "event": "on_chat_model_stream",
  "data": {
    "chunk": {
      "lc": 1,
      "type": "constructor",
      "id": [
        "langchain_core",
        "messages",
        "AIMessageChunk"
      ],
      "kwargs": {
        "content": "eli",
        "tool_call_chunks": [],
        "additional_kwargs": {},
        "id": "chatcmpl-D6IlFIkpT9G0xNDXca6Z7X5qNhujn",
        "response_metadata": {
          "model_provider": "openai",
          "usage": {}
        },
        "tool_calls": [],
        "invalid_tool_calls": []
      }
    }
  },
  "run_id": "019c33bb-8fcb-7ee3-8896-9b788da75bae",
  "name": "ChatOpenAI",
  "tags": [],
  "metadata": {
    "thread_id": "test-session-1770394448994",
    "langgraph_step": 10,
    "langgraph_node": "subscription_retention",
    "langgraph_triggers": [
      "branch:to:subscription_retention"
    ],
    "langgraph_path": [
      "__pregel_pull",
      "subscription_retention"
    ],
    "langgraph_checkpoint_ns": "subscription_retention:92fbaacd-e648-59d9-80e9-def1d123ce07",
    "__pregel_task_id": "92fbaacd-e648-59d9-80e9-def1d123ce07",
    "checkpoint_ns": "subscription_retention:92fbaacd-e648-59d9-80e9-def1d123ce07",
    "ls_provider": "openai",
    "ls_model_name": "gpt-4o",
    "ls_model_type": "chat",
    "ls_temperature": 0.2
  }
}
{
  "event": "on_chat_model_stream",
  "data": {
    "chunk": {
      "lc": 1,
      "type": "constructor",
      "id": [
        "langchain_core",
        "messages",
        "AIMessageChunk"
      ],
      "kwargs": {
        "content": "─şin",
        "tool_call_chunks": [],
        "additional_kwargs": {},
        "id": "chatcmpl-D6IlFIkpT9G0xNDXca6Z7X5qNhujn",
        "response_metadata": {
          "model_provider": "openai",
          "usage": {}
        },
        "tool_calls": [],
        "invalid_tool_calls": []
      }
    }
  },
  "run_id": "019c33bb-8fcb-7ee3-8896-9b788da75bae",
  "name": "ChatOpenAI",
  "tags": [],
  "metadata": {
    "thread_id": "test-session-1770394448994",
    "langgraph_step": 10,
    "langgraph_node": "subscription_retention",
    "langgraph_triggers": [
      "branch:to:subscription_retention"
    ],
    "langgraph_path": [
      "__pregel_pull",
      "subscription_retention"
    ],
    "langgraph_checkpoint_ns": "subscription_retention:92fbaacd-e648-59d9-80e9-def1d123ce07",
    "__pregel_task_id": "92fbaacd-e648-59d9-80e9-def1d123ce07",
    "checkpoint_ns": "subscription_retention:92fbaacd-e648-59d9-80e9-def1d123ce07",
    "ls_provider": "openai",
    "ls_model_name": "gpt-4o",
    "ls_model_type": "chat",
    "ls_temperature": 0.2
  }
}
{
  "event": "on_chat_model_stream",
  "data": {
    "chunk": {
      "lc": 1,
      "type": "constructor",
      "id": [
        "langchain_core",
        "messages",
        "AIMessageChunk"
      ],
      "kwargs": {
        "content": "izi",
        "tool_call_chunks": [],
        "additional_kwargs": {},
        "id": "chatcmpl-D6IlFIkpT9G0xNDXca6Z7X5qNhujn",
        "response_metadata": {
          "model_provider": "openai",
          "usage": {}
        },
        "tool_calls": [],
        "invalid_tool_calls": []
      }
    }
  },
  "run_id": "019c33bb-8fcb-7ee3-8896-9b788da75bae",
  "name": "ChatOpenAI",
  "tags": [],
  "metadata": {
    "thread_id": "test-session-1770394448994",
    "langgraph_step": 10,
    "langgraph_node": "subscription_retention",
    "langgraph_triggers": [
      "branch:to:subscription_retention"
    ],
    "langgraph_path": [
      "__pregel_pull",
      "subscription_retention"
    ],
    "langgraph_checkpoint_ns": "subscription_retention:92fbaacd-e648-59d9-80e9-def1d123ce07",
    "__pregel_task_id": "92fbaacd-e648-59d9-80e9-def1d123ce07",
    "checkpoint_ns": "subscription_retention:92fbaacd-e648-59d9-80e9-def1d123ce07",
    "ls_provider": "openai",
    "ls_model_name": "gpt-4o",
    "ls_model_type": "chat",
    "ls_temperature": 0.2
  }
}
{
  "event": "on_chat_model_stream",
  "data": {
    "chunk": {
      "lc": 1,
      "type": "constructor",
      "id": [
        "langchain_core",
        "messages",
        "AIMessageChunk"
      ],
      "kwargs": {
        "content": " ip",
        "tool_call_chunks": [],
        "additional_kwargs": {},
        "id": "chatcmpl-D6IlFIkpT9G0xNDXca6Z7X5qNhujn",
        "response_metadata": {
          "model_provider": "openai",
          "usage": {}
        },
        "tool_calls": [],
        "invalid_tool_calls": []
      }
    }
  },
  "run_id": "019c33bb-8fcb-7ee3-8896-9b788da75bae",
  "name": "ChatOpenAI",
  "tags": [],
  "metadata": {
    "thread_id": "test-session-1770394448994",
    "langgraph_step": 10,
    "langgraph_node": "subscription_retention",
    "langgraph_triggers": [
      "branch:to:subscription_retention"
    ],
    "langgraph_path": [
      "__pregel_pull",
      "subscription_retention"
    ],
    "langgraph_checkpoint_ns": "subscription_retention:92fbaacd-e648-59d9-80e9-def1d123ce07",
    "__pregel_task_id": "92fbaacd-e648-59d9-80e9-def1d123ce07",
    "checkpoint_ns": "subscription_retention:92fbaacd-e648-59d9-80e9-def1d123ce07",
    "ls_provider": "openai",
    "ls_model_name": "gpt-4o",
    "ls_model_type": "chat",
    "ls_temperature": 0.2
  }
}
{
  "event": "on_chat_model_stream",
  "data": {
    "chunk": {
      "lc": 1,
      "type": "constructor",
      "id": [
        "langchain_core",
        "messages",
        "AIMessageChunk"
      ],
      "kwargs": {
        "content": "tal",
        "tool_call_chunks": [],
        "additional_kwargs": {},
        "id": "chatcmpl-D6IlFIkpT9G0xNDXca6Z7X5qNhujn",
        "response_metadata": {
          "model_provider": "openai",
          "usage": {}
        },
        "tool_calls": [],
        "invalid_tool_calls": []
      }
    }
  },
  "run_id": "019c33bb-8fcb-7ee3-8896-9b788da75bae",
  "name": "ChatOpenAI",
  "tags": [],
  "metadata": {
    "thread_id": "test-session-1770394448994",
    "langgraph_step": 10,
    "langgraph_node": "subscription_retention",
    "langgraph_triggers": [
      "branch:to:subscription_retention"
    ],
    "langgraph_path": [
      "__pregel_pull",
      "subscription_retention"
    ],
    "langgraph_checkpoint_ns": "subscription_retention:92fbaacd-e648-59d9-80e9-def1d123ce07",
    "__pregel_task_id": "92fbaacd-e648-59d9-80e9-def1d123ce07",
    "checkpoint_ns": "subscription_retention:92fbaacd-e648-59d9-80e9-def1d123ce07",
    "ls_provider": "openai",
    "ls_model_name": "gpt-4o",
    "ls_model_type": "chat",
    "ls_temperature": 0.2
  }
}
{
  "event": "on_chat_model_stream",
  "data": {
    "chunk": {
      "lc": 1,
      "type": "constructor",
      "id": [
        "langchain_core",
        "messages",
        "AIMessageChunk"
      ],
      "kwargs": {
        "content": " etmek",
        "tool_call_chunks": [],
        "additional_kwargs": {},
        "id": "chatcmpl-D6IlFIkpT9G0xNDXca6Z7X5qNhujn",
        "response_metadata": {
          "model_provider": "openai",
          "usage": {}
        },
        "tool_calls": [],
        "invalid_tool_calls": []
      }
    }
  },
  "run_id": "019c33bb-8fcb-7ee3-8896-9b788da75bae",
  "name": "ChatOpenAI",
  "tags": [],
  "metadata": {
    "thread_id": "test-session-1770394448994",
    "langgraph_step": 10,
    "langgraph_node": "subscription_retention",
    "langgraph_triggers": [
      "branch:to:subscription_retention"
    ],
    "langgraph_path": [
      "__pregel_pull",
      "subscription_retention"
    ],
    "langgraph_checkpoint_ns": "subscription_retention:92fbaacd-e648-59d9-80e9-def1d123ce07",
    "__pregel_task_id": "92fbaacd-e648-59d9-80e9-def1d123ce07",
    "checkpoint_ns": "subscription_retention:92fbaacd-e648-59d9-80e9-def1d123ce07",
    "ls_provider": "openai",
    "ls_model_name": "gpt-4o",
    "ls_model_type": "chat",
    "ls_temperature": 0.2
  }
}
{
  "event": "on_chat_model_stream",
  "data": {
    "chunk": {
      "lc": 1,
      "type": "constructor",
      "id": [
        "langchain_core",
        "messages",
        "AIMessageChunk"
      ],
      "kwargs": {
        "content": " istedi",
        "tool_call_chunks": [],
        "additional_kwargs": {},
        "id": "chatcmpl-D6IlFIkpT9G0xNDXca6Z7X5qNhujn",
        "response_metadata": {
          "model_provider": "openai",
          "usage": {}
        },
        "tool_calls": [],
        "invalid_tool_calls": []
      }
    }
  },
  "run_id": "019c33bb-8fcb-7ee3-8896-9b788da75bae",
  "name": "ChatOpenAI",
  "tags": [],
  "metadata": {
    "thread_id": "test-session-1770394448994",
    "langgraph_step": 10,
    "langgraph_node": "subscription_retention",
    "langgraph_triggers": [
      "branch:to:subscription_retention"
    ],
    "langgraph_path": [
      "__pregel_pull",
      "subscription_retention"
    ],
    "langgraph_checkpoint_ns": "subscription_retention:92fbaacd-e648-59d9-80e9-def1d123ce07",
    "__pregel_task_id": "92fbaacd-e648-59d9-80e9-def1d123ce07",
    "checkpoint_ns": "subscription_retention:92fbaacd-e648-59d9-80e9-def1d123ce07",
    "ls_provider": "openai",
    "ls_model_name": "gpt-4o",
    "ls_model_type": "chat",
    "ls_temperature": 0.2
  }
}
{
  "event": "on_chat_model_stream",
  "data": {
    "chunk": {
      "lc": 1,
      "type": "constructor",
      "id": [
        "langchain_core",
        "messages",
        "AIMessageChunk"
      ],
      "kwargs": {
        "content": "─şin",
        "tool_call_chunks": [],
        "additional_kwargs": {},
        "id": "chatcmpl-D6IlFIkpT9G0xNDXca6Z7X5qNhujn",
        "response_metadata": {
          "model_provider": "openai",
          "usage": {}
        },
        "tool_calls": [],
        "invalid_tool_calls": []
      }
    }
  },
  "run_id": "019c33bb-8fcb-7ee3-8896-9b788da75bae",
  "name": "ChatOpenAI",
  "tags": [],
  "metadata": {
    "thread_id": "test-session-1770394448994",
    "langgraph_step": 10,
    "langgraph_node": "subscription_retention",
    "langgraph_triggers": [
      "branch:to:subscription_retention"
    ],
    "langgraph_path": [
      "__pregel_pull",
      "subscription_retention"
    ],
    "langgraph_checkpoint_ns": "subscription_retention:92fbaacd-e648-59d9-80e9-def1d123ce07",
    "__pregel_task_id": "92fbaacd-e648-59d9-80e9-def1d123ce07",
    "checkpoint_ns": "subscription_retention:92fbaacd-e648-59d9-80e9-def1d123ce07",
    "ls_provider": "openai",
    "ls_model_name": "gpt-4o",
    "ls_model_type": "chat",
    "ls_temperature": 0.2
  }
}
{
  "event": "on_chat_model_stream",
  "data": {
    "chunk": {
      "lc": 1,
      "type": "constructor",
      "id": [
        "langchain_core",
        "messages",
        "AIMessageChunk"
      ],
      "kwargs": {
        "content": "izi",
        "tool_call_chunks": [],
        "additional_kwargs": {},
        "id": "chatcmpl-D6IlFIkpT9G0xNDXca6Z7X5qNhujn",
        "response_metadata": {
          "model_provider": "openai",
          "usage": {}
        },
        "tool_calls": [],
        "invalid_tool_calls": []
      }
    }
  },
  "run_id": "019c33bb-8fcb-7ee3-8896-9b788da75bae",
  "name": "ChatOpenAI",
  "tags": [],
  "metadata": {
    "thread_id": "test-session-1770394448994",
    "langgraph_step": 10,
    "langgraph_node": "subscription_retention",
    "langgraph_triggers": [
      "branch:to:subscription_retention"
    ],
    "langgraph_path": [
      "__pregel_pull",
      "subscription_retention"
    ],
    "langgraph_checkpoint_ns": "subscription_retention:92fbaacd-e648-59d9-80e9-def1d123ce07",
    "__pregel_task_id": "92fbaacd-e648-59d9-80e9-def1d123ce07",
    "checkpoint_ns": "subscription_retention:92fbaacd-e648-59d9-80e9-def1d123ce07",
    "ls_provider": "openai",
    "ls_model_name": "gpt-4o",
    "ls_model_type": "chat",
    "ls_temperature": 0.2
  }
}
{
  "event": "on_chat_model_stream",
  "data": {
    "chunk": {
      "lc": 1,
      "type": "constructor",
      "id": [
        "langchain_core",
        "messages",
        "AIMessageChunk"
      ],
      "kwargs": {
        "content": " duy",
        "tool_call_chunks": [],
        "additional_kwargs": {},
        "id": "chatcmpl-D6IlFIkpT9G0xNDXca6Z7X5qNhujn",
        "response_metadata": {
          "model_provider": "openai",
          "usage": {}
        },
        "tool_calls": [],
        "invalid_tool_calls": []
      }
    }
  },
  "run_id": "019c33bb-8fcb-7ee3-8896-9b788da75bae",
  "name": "ChatOpenAI",
  "tags": [],
  "metadata": {
    "thread_id": "test-session-1770394448994",
    "langgraph_step": 10,
    "langgraph_node": "subscription_retention",
    "langgraph_triggers": [
      "branch:to:subscription_retention"
    ],
    "langgraph_path": [
      "__pregel_pull",
      "subscription_retention"
    ],
    "langgraph_checkpoint_ns": "subscription_retention:92fbaacd-e648-59d9-80e9-def1d123ce07",
    "__pregel_task_id": "92fbaacd-e648-59d9-80e9-def1d123ce07",
    "checkpoint_ns": "subscription_retention:92fbaacd-e648-59d9-80e9-def1d123ce07",
    "ls_provider": "openai",
    "ls_model_name": "gpt-4o",
    "ls_model_type": "chat",
    "ls_temperature": 0.2
  }
}
{
  "event": "on_chat_model_stream",
  "data": {
    "chunk": {
      "lc": 1,
      "type": "constructor",
      "id": [
        "langchain_core",
        "messages",
        "AIMessageChunk"
      ],
      "kwargs": {
        "content": "du",
        "tool_call_chunks": [],
        "additional_kwargs": {},
        "id": "chatcmpl-D6IlFIkpT9G0xNDXca6Z7X5qNhujn",
        "response_metadata": {
          "model_provider": "openai",
          "usage": {}
        },
        "tool_calls": [],
        "invalid_tool_calls": []
      }
    }
  },
  "run_id": "019c33bb-8fcb-7ee3-8896-9b788da75bae",
  "name": "ChatOpenAI",
  "tags": [],
  "metadata": {
    "thread_id": "test-session-1770394448994",
    "langgraph_step": 10,
    "langgraph_node": "subscription_retention",
    "langgraph_triggers": [
      "branch:to:subscription_retention"
    ],
    "langgraph_path": [
      "__pregel_pull",
      "subscription_retention"
    ],
    "langgraph_checkpoint_ns": "subscription_retention:92fbaacd-e648-59d9-80e9-def1d123ce07",
    "__pregel_task_id": "92fbaacd-e648-59d9-80e9-def1d123ce07",
    "checkpoint_ns": "subscription_retention:92fbaacd-e648-59d9-80e9-def1d123ce07",
    "ls_provider": "openai",
    "ls_model_name": "gpt-4o",
    "ls_model_type": "chat",
    "ls_temperature": 0.2
  }
}
{
  "event": "on_chat_model_stream",
  "data": {
    "chunk": {
      "lc": 1,
      "type": "constructor",
      "id": [
        "langchain_core",
        "messages",
        "AIMessageChunk"
      ],
      "kwargs": {
        "content": "─ş",
        "tool_call_chunks": [],
        "additional_kwargs": {},
        "id": "chatcmpl-D6IlFIkpT9G0xNDXca6Z7X5qNhujn",
        "response_metadata": {
          "model_provider": "openai",
          "usage": {}
        },
        "tool_calls": [],
        "invalid_tool_calls": []
      }
    }
  },
  "run_id": "019c33bb-8fcb-7ee3-8896-9b788da75bae",
  "name": "ChatOpenAI",
  "tags": [],
  "metadata": {
    "thread_id": "test-session-1770394448994",
    "langgraph_step": 10,
    "langgraph_node": "subscription_retention",
    "langgraph_triggers": [
      "branch:to:subscription_retention"
    ],
    "langgraph_path": [
      "__pregel_pull",
      "subscription_retention"
    ],
    "langgraph_checkpoint_ns": "subscription_retention:92fbaacd-e648-59d9-80e9-def1d123ce07",
    "__pregel_task_id": "92fbaacd-e648-59d9-80e9-def1d123ce07",
    "checkpoint_ns": "subscription_retention:92fbaacd-e648-59d9-80e9-def1d123ce07",
    "ls_provider": "openai",
    "ls_model_name": "gpt-4o",
    "ls_model_type": "chat",
    "ls_temperature": 0.2
  }
}
{
  "event": "on_chat_model_stream",
  "data": {
    "chunk": {
      "lc": 1,
      "type": "constructor",
      "id": [
        "langchain_core",
        "messages",
        "AIMessageChunk"
      ],
      "kwargs": {
        "content": "uma",
        "tool_call_chunks": [],
        "additional_kwargs": {},
        "id": "chatcmpl-D6IlFIkpT9G0xNDXca6Z7X5qNhujn",
        "response_metadata": {
          "model_provider": "openai",
          "usage": {}
        },
        "tool_calls": [],
        "invalid_tool_calls": []
      }
    }
  },
  "run_id": "019c33bb-8fcb-7ee3-8896-9b788da75bae",
  "name": "ChatOpenAI",
  "tags": [],
  "metadata": {
    "thread_id": "test-session-1770394448994",
    "langgraph_step": 10,
    "langgraph_node": "subscription_retention",
    "langgraph_triggers": [
      "branch:to:subscription_retention"
    ],
    "langgraph_path": [
      "__pregel_pull",
      "subscription_retention"
    ],
    "langgraph_checkpoint_ns": "subscription_retention:92fbaacd-e648-59d9-80e9-def1d123ce07",
    "__pregel_task_id": "92fbaacd-e648-59d9-80e9-def1d123ce07",
    "checkpoint_ns": "subscription_retention:92fbaacd-e648-59d9-80e9-def1d123ce07",
    "ls_provider": "openai",
    "ls_model_name": "gpt-4o",
    "ls_model_type": "chat",
    "ls_temperature": 0.2
  }
}
{
  "event": "on_chat_model_stream",
  "data": {
    "chunk": {
      "lc": 1,
      "type": "constructor",
      "id": [
        "langchain_core",
        "messages",
        "AIMessageChunk"
      ],
      "kwargs": {
        "content": " ├╝",
        "tool_call_chunks": [],
        "additional_kwargs": {},
        "id": "chatcmpl-D6IlFIkpT9G0xNDXca6Z7X5qNhujn",
        "response_metadata": {
          "model_provider": "openai",
          "usage": {}
        },
        "tool_calls": [],
        "invalid_tool_calls": []
      }
    }
  },
  "run_id": "019c33bb-8fcb-7ee3-8896-9b788da75bae",
  "name": "ChatOpenAI",
  "tags": [],
  "metadata": {
    "thread_id": "test-session-1770394448994",
    "langgraph_step": 10,
    "langgraph_node": "subscription_retention",
    "langgraph_triggers": [
      "branch:to:subscription_retention"
    ],
    "langgraph_path": [
      "__pregel_pull",
      "subscription_retention"
    ],
    "langgraph_checkpoint_ns": "subscription_retention:92fbaacd-e648-59d9-80e9-def1d123ce07",
    "__pregel_task_id": "92fbaacd-e648-59d9-80e9-def1d123ce07",
    "checkpoint_ns": "subscription_retention:92fbaacd-e648-59d9-80e9-def1d123ce07",
    "ls_provider": "openai",
    "ls_model_name": "gpt-4o",
    "ls_model_type": "chat",
    "ls_temperature": 0.2
  }
}
{
  "event": "on_chat_model_stream",
  "data": {
    "chunk": {
      "lc": 1,
      "type": "constructor",
      "id": [
        "langchain_core",
        "messages",
        "AIMessageChunk"
      ],
      "kwargs": {
        "content": "z├╝",
        "tool_call_chunks": [],
        "additional_kwargs": {},
        "id": "chatcmpl-D6IlFIkpT9G0xNDXca6Z7X5qNhujn",
        "response_metadata": {
          "model_provider": "openai",
          "usage": {}
        },
        "tool_calls": [],
        "invalid_tool_calls": []
      }
    }
  },
  "run_id": "019c33bb-8fcb-7ee3-8896-9b788da75bae",
  "name": "ChatOpenAI",
  "tags": [],
  "metadata": {
    "thread_id": "test-session-1770394448994",
    "langgraph_step": 10,
    "langgraph_node": "subscription_retention",
    "langgraph_triggers": [
      "branch:to:subscription_retention"
    ],
    "langgraph_path": [
      "__pregel_pull",
      "subscription_retention"
    ],
    "langgraph_checkpoint_ns": "subscription_retention:92fbaacd-e648-59d9-80e9-def1d123ce07",
    "__pregel_task_id": "92fbaacd-e648-59d9-80e9-def1d123ce07",
    "checkpoint_ns": "subscription_retention:92fbaacd-e648-59d9-80e9-def1d123ce07",
    "ls_provider": "openai",
    "ls_model_name": "gpt-4o",
    "ls_model_type": "chat",
    "ls_temperature": 0.2
  }
}
{
  "event": "on_chat_model_stream",
  "data": {
    "chunk": {
      "lc": 1,
      "type": "constructor",
      "id": [
        "langchain_core",
        "messages",
        "AIMessageChunk"
      ],
      "kwargs": {
        "content": "ld",
        "tool_call_chunks": [],
        "additional_kwargs": {},
        "id": "chatcmpl-D6IlFIkpT9G0xNDXca6Z7X5qNhujn",
        "response_metadata": {
          "model_provider": "openai",
          "usage": {}
        },
        "tool_calls": [],
        "invalid_tool_calls": []
      }
    }
  },
  "run_id": "019c33bb-8fcb-7ee3-8896-9b788da75bae",
  "name": "ChatOpenAI",
  "tags": [],
  "metadata": {
    "thread_id": "test-session-1770394448994",
    "langgraph_step": 10,
    "langgraph_node": "subscription_retention",
    "langgraph_triggers": [
      "branch:to:subscription_retention"
    ],
    "langgraph_path": [
      "__pregel_pull",
      "subscription_retention"
    ],
    "langgraph_checkpoint_ns": "subscription_retention:92fbaacd-e648-59d9-80e9-def1d123ce07",
    "__pregel_task_id": "92fbaacd-e648-59d9-80e9-def1d123ce07",
    "checkpoint_ns": "subscription_retention:92fbaacd-e648-59d9-80e9-def1d123ce07",
    "ls_provider": "openai",
    "ls_model_name": "gpt-4o",
    "ls_model_type": "chat",
    "ls_temperature": 0.2
  }
}
{
  "event": "on_chat_model_stream",
  "data": {
    "chunk": {
      "lc": 1,
      "type": "constructor",
      "id": [
        "langchain_core",
        "messages",
        "AIMessageChunk"
      ],
      "kwargs": {
        "content": "├╝m",
        "tool_call_chunks": [],
        "additional_kwargs": {},
        "id": "chatcmpl-D6IlFIkpT9G0xNDXca6Z7X5qNhujn",
        "response_metadata": {
          "model_provider": "openai",
          "usage": {}
        },
        "tool_calls": [],
        "invalid_tool_calls": []
      }
    }
  },
  "run_id": "019c33bb-8fcb-7ee3-8896-9b788da75bae",
  "name": "ChatOpenAI",
  "tags": [],
  "metadata": {
    "thread_id": "test-session-1770394448994",
    "langgraph_step": 10,
    "langgraph_node": "subscription_retention",
    "langgraph_triggers": [
      "branch:to:subscription_retention"
    ],
    "langgraph_path": [
      "__pregel_pull",
      "subscription_retention"
    ],
    "langgraph_checkpoint_ns": "subscription_retention:92fbaacd-e648-59d9-80e9-def1d123ce07",
    "__pregel_task_id": "92fbaacd-e648-59d9-80e9-def1d123ce07",
    "checkpoint_ns": "subscription_retention:92fbaacd-e648-59d9-80e9-def1d123ce07",
    "ls_provider": "openai",
    "ls_model_name": "gpt-4o",
    "ls_model_type": "chat",
    "ls_temperature": 0.2
  }
}
{
  "event": "on_chat_model_stream",
  "data": {
    "chunk": {
      "lc": 1,
      "type": "constructor",
      "id": [
        "langchain_core",
        "messages",
        "AIMessageChunk"
      ],
      "kwargs": {
        "content": ".",
        "tool_call_chunks": [],
        "additional_kwargs": {},
        "id": "chatcmpl-D6IlFIkpT9G0xNDXca6Z7X5qNhujn",
        "response_metadata": {
          "model_provider": "openai",
          "usage": {}
        },
        "tool_calls": [],
        "invalid_tool_calls": []
      }
    }
  },
  "run_id": "019c33bb-8fcb-7ee3-8896-9b788da75bae",
  "name": "ChatOpenAI",
  "tags": [],
  "metadata": {
    "thread_id": "test-session-1770394448994",
    "langgraph_step": 10,
    "langgraph_node": "subscription_retention",
    "langgraph_triggers": [
      "branch:to:subscription_retention"
    ],
    "langgraph_path": [
      "__pregel_pull",
      "subscription_retention"
    ],
    "langgraph_checkpoint_ns": "subscription_retention:92fbaacd-e648-59d9-80e9-def1d123ce07",
    "__pregel_task_id": "92fbaacd-e648-59d9-80e9-def1d123ce07",
    "checkpoint_ns": "subscription_retention:92fbaacd-e648-59d9-80e9-def1d123ce07",
    "ls_provider": "openai",
    "ls_model_name": "gpt-4o",
    "ls_model_type": "chat",
    "ls_temperature": 0.2
  }
}
{
  "event": "on_chat_model_stream",
  "data": {
    "chunk": {
      "lc": 1,
      "type": "constructor",
      "id": [
        "langchain_core",
        "messages",
        "AIMessageChunk"
      ],
      "kwargs": {
        "content": " Size",
        "tool_call_chunks": [],
        "additional_kwargs": {},
        "id": "chatcmpl-D6IlFIkpT9G0xNDXca6Z7X5qNhujn",
        "response_metadata": {
          "model_provider": "openai",
          "usage": {}
        },
        "tool_calls": [],
        "invalid_tool_calls": []
      }
    }
  },
  "run_id": "019c33bb-8fcb-7ee3-8896-9b788da75bae",
  "name": "ChatOpenAI",
  "tags": [],
  "metadata": {
    "thread_id": "test-session-1770394448994",
    "langgraph_step": 10,
    "langgraph_node": "subscription_retention",
    "langgraph_triggers": [
      "branch:to:subscription_retention"
    ],
    "langgraph_path": [
      "__pregel_pull",
      "subscription_retention"
    ],
    "langgraph_checkpoint_ns": "subscription_retention:92fbaacd-e648-59d9-80e9-def1d123ce07",
    "__pregel_task_id": "92fbaacd-e648-59d9-80e9-def1d123ce07",
    "checkpoint_ns": "subscription_retention:92fbaacd-e648-59d9-80e9-def1d123ce07",
    "ls_provider": "openai",
    "ls_model_name": "gpt-4o",
    "ls_model_type": "chat",
    "ls_temperature": 0.2
  }
}
{
  "event": "on_chat_model_stream",
  "data": {
    "chunk": {
      "lc": 1,
      "type": "constructor",
      "id": [
        "langchain_core",
        "messages",
        "AIMessageChunk"
      ],
      "kwargs": {
        "content": " nas─▒l",
        "tool_call_chunks": [],
        "additional_kwargs": {},
        "id": "chatcmpl-D6IlFIkpT9G0xNDXca6Z7X5qNhujn",
        "response_metadata": {
          "model_provider": "openai",
          "usage": {}
        },
        "tool_calls": [],
        "invalid_tool_calls": []
      }
    }
  },
  "run_id": "019c33bb-8fcb-7ee3-8896-9b788da75bae",
  "name": "ChatOpenAI",
  "tags": [],
  "metadata": {
    "thread_id": "test-session-1770394448994",
    "langgraph_step": 10,
    "langgraph_node": "subscription_retention",
    "langgraph_triggers": [
      "branch:to:subscription_retention"
    ],
    "langgraph_path": [
      "__pregel_pull",
      "subscription_retention"
    ],
    "langgraph_checkpoint_ns": "subscription_retention:92fbaacd-e648-59d9-80e9-def1d123ce07",
    "__pregel_task_id": "92fbaacd-e648-59d9-80e9-def1d123ce07",
    "checkpoint_ns": "subscription_retention:92fbaacd-e648-59d9-80e9-def1d123ce07",
    "ls_provider": "openai",
    "ls_model_name": "gpt-4o",
    "ls_model_type": "chat",
    "ls_temperature": 0.2
  }
}
{
  "event": "on_chat_model_stream",
  "data": {
    "chunk": {
      "lc": 1,
      "type": "constructor",
      "id": [
        "langchain_core",
        "messages",
        "AIMessageChunk"
      ],
      "kwargs": {
        "content": " yard─▒mc─▒",
        "tool_call_chunks": [],
        "additional_kwargs": {},
        "id": "chatcmpl-D6IlFIkpT9G0xNDXca6Z7X5qNhujn",
        "response_metadata": {
          "model_provider": "openai",
          "usage": {}
        },
        "tool_calls": [],
        "invalid_tool_calls": []
      }
    }
  },
  "run_id": "019c33bb-8fcb-7ee3-8896-9b788da75bae",
  "name": "ChatOpenAI",
  "tags": [],
  "metadata": {
    "thread_id": "test-session-1770394448994",
    "langgraph_step": 10,
    "langgraph_node": "subscription_retention",
    "langgraph_triggers": [
      "branch:to:subscription_retention"
    ],
    "langgraph_path": [
      "__pregel_pull",
      "subscription_retention"
    ],
    "langgraph_checkpoint_ns": "subscription_retention:92fbaacd-e648-59d9-80e9-def1d123ce07",
    "__pregel_task_id": "92fbaacd-e648-59d9-80e9-def1d123ce07",
    "checkpoint_ns": "subscription_retention:92fbaacd-e648-59d9-80e9-def1d123ce07",
    "ls_provider": "openai",
    "ls_model_name": "gpt-4o",
    "ls_model_type": "chat",
    "ls_temperature": 0.2
  }
}
{
  "event": "on_chat_model_stream",
  "data": {
    "chunk": {
      "lc": 1,
      "type": "constructor",
      "id": [
        "langchain_core",
        "messages",
        "AIMessageChunk"
      ],
      "kwargs": {
        "content": " ol",
        "tool_call_chunks": [],
        "additional_kwargs": {},
        "id": "chatcmpl-D6IlFIkpT9G0xNDXca6Z7X5qNhujn",
        "response_metadata": {
          "model_provider": "openai",
          "usage": {}
        },
        "tool_calls": [],
        "invalid_tool_calls": []
      }
    }
  },
  "run_id": "019c33bb-8fcb-7ee3-8896-9b788da75bae",
  "name": "ChatOpenAI",
  "tags": [],
  "metadata": {
    "thread_id": "test-session-1770394448994",
    "langgraph_step": 10,
    "langgraph_node": "subscription_retention",
    "langgraph_triggers": [
      "branch:to:subscription_retention"
    ],
    "langgraph_path": [
      "__pregel_pull",
      "subscription_retention"
    ],
    "langgraph_checkpoint_ns": "subscription_retention:92fbaacd-e648-59d9-80e9-def1d123ce07",
    "__pregel_task_id": "92fbaacd-e648-59d9-80e9-def1d123ce07",
    "checkpoint_ns": "subscription_retention:92fbaacd-e648-59d9-80e9-def1d123ce07",
    "ls_provider": "openai",
    "ls_model_name": "gpt-4o",
    "ls_model_type": "chat",
    "ls_temperature": 0.2
  }
}
{
  "event": "on_chat_model_stream",
  "data": {
    "chunk": {
      "lc": 1,
      "type": "constructor",
      "id": [
        "langchain_core",
        "messages",
        "AIMessageChunk"
      ],
      "kwargs": {
        "content": "abilece",
        "tool_call_chunks": [],
        "additional_kwargs": {},
        "id": "chatcmpl-D6IlFIkpT9G0xNDXca6Z7X5qNhujn",
        "response_metadata": {
          "model_provider": "openai",
          "usage": {}
        },
        "tool_calls": [],
        "invalid_tool_calls": []
      }
    }
  },
  "run_id": "019c33bb-8fcb-7ee3-8896-9b788da75bae",
  "name": "ChatOpenAI",
  "tags": [],
  "metadata": {
    "thread_id": "test-session-1770394448994",
    "langgraph_step": 10,
    "langgraph_node": "subscription_retention",
    "langgraph_triggers": [
      "branch:to:subscription_retention"
    ],
    "langgraph_path": [
      "__pregel_pull",
      "subscription_retention"
    ],
    "langgraph_checkpoint_ns": "subscription_retention:92fbaacd-e648-59d9-80e9-def1d123ce07",
    "__pregel_task_id": "92fbaacd-e648-59d9-80e9-def1d123ce07",
    "checkpoint_ns": "subscription_retention:92fbaacd-e648-59d9-80e9-def1d123ce07",
    "ls_provider": "openai",
    "ls_model_name": "gpt-4o",
    "ls_model_type": "chat",
    "ls_temperature": 0.2
  }
}
{
  "event": "on_chat_model_stream",
  "data": {
    "chunk": {
      "lc": 1,
      "type": "constructor",
      "id": [
        "langchain_core",
        "messages",
        "AIMessageChunk"
      ],
      "kwargs": {
        "content": "─ş",
        "tool_call_chunks": [],
        "additional_kwargs": {},
        "id": "chatcmpl-D6IlFIkpT9G0xNDXca6Z7X5qNhujn",
        "response_metadata": {
          "model_provider": "openai",
          "usage": {}
        },
        "tool_calls": [],
        "invalid_tool_calls": []
      }
    }
  },
  "run_id": "019c33bb-8fcb-7ee3-8896-9b788da75bae",
  "name": "ChatOpenAI",
  "tags": [],
  "metadata": {
    "thread_id": "test-session-1770394448994",
    "langgraph_step": 10,
    "langgraph_node": "subscription_retention",
    "langgraph_triggers": [
      "branch:to:subscription_retention"
    ],
    "langgraph_path": [
      "__pregel_pull",
      "subscription_retention"
    ],
    "langgraph_checkpoint_ns": "subscription_retention:92fbaacd-e648-59d9-80e9-def1d123ce07",
    "__pregel_task_id": "92fbaacd-e648-59d9-80e9-def1d123ce07",
    "checkpoint_ns": "subscription_retention:92fbaacd-e648-59d9-80e9-def1d123ce07",
    "ls_provider": "openai",
    "ls_model_name": "gpt-4o",
    "ls_model_type": "chat",
    "ls_temperature": 0.2
  }
}
{
  "event": "on_chat_model_stream",
  "data": {
    "chunk": {
      "lc": 1,
      "type": "constructor",
      "id": [
        "langchain_core",
        "messages",
        "AIMessageChunk"
      ],
      "kwargs": {
        "content": "imi",
        "tool_call_chunks": [],
        "additional_kwargs": {},
        "id": "chatcmpl-D6IlFIkpT9G0xNDXca6Z7X5qNhujn",
        "response_metadata": {
          "model_provider": "openai",
          "usage": {}
        },
        "tool_calls": [],
        "invalid_tool_calls": []
      }
    }
  },
  "run_id": "019c33bb-8fcb-7ee3-8896-9b788da75bae",
  "name": "ChatOpenAI",
  "tags": [],
  "metadata": {
    "thread_id": "test-session-1770394448994",
    "langgraph_step": 10,
    "langgraph_node": "subscription_retention",
    "langgraph_triggers": [
      "branch:to:subscription_retention"
    ],
    "langgraph_path": [
      "__pregel_pull",
      "subscription_retention"
    ],
    "langgraph_checkpoint_ns": "subscription_retention:92fbaacd-e648-59d9-80e9-def1d123ce07",
    "__pregel_task_id": "92fbaacd-e648-59d9-80e9-def1d123ce07",
    "checkpoint_ns": "subscription_retention:92fbaacd-e648-59d9-80e9-def1d123ce07",
    "ls_provider": "openai",
    "ls_model_name": "gpt-4o",
    "ls_model_type": "chat",
    "ls_temperature": 0.2
  }
}
{
  "event": "on_chat_model_stream",
  "data": {
    "chunk": {
      "lc": 1,
      "type": "constructor",
      "id": [
        "langchain_core",
        "messages",
        "AIMessageChunk"
      ],
      "kwargs": {
        "content": " g├Ârmek",
        "tool_call_chunks": [],
        "additional_kwargs": {},
        "id": "chatcmpl-D6IlFIkpT9G0xNDXca6Z7X5qNhujn",
        "response_metadata": {
          "model_provider": "openai",
          "usage": {}
        },
        "tool_calls": [],
        "invalid_tool_calls": []
      }
    }
  },
  "run_id": "019c33bb-8fcb-7ee3-8896-9b788da75bae",
  "name": "ChatOpenAI",
  "tags": [],
  "metadata": {
    "thread_id": "test-session-1770394448994",
    "langgraph_step": 10,
    "langgraph_node": "subscription_retention",
    "langgraph_triggers": [
      "branch:to:subscription_retention"
    ],
    "langgraph_path": [
      "__pregel_pull",
      "subscription_retention"
    ],
    "langgraph_checkpoint_ns": "subscription_retention:92fbaacd-e648-59d9-80e9-def1d123ce07",
    "__pregel_task_id": "92fbaacd-e648-59d9-80e9-def1d123ce07",
    "checkpoint_ns": "subscription_retention:92fbaacd-e648-59d9-80e9-def1d123ce07",
    "ls_provider": "openai",
    "ls_model_name": "gpt-4o",
    "ls_model_type": "chat",
    "ls_temperature": 0.2
  }
}
{
  "event": "on_chat_model_stream",
  "data": {
    "chunk": {
      "lc": 1,
      "type": "constructor",
      "id": [
        "langchain_core",
        "messages",
        "AIMessageChunk"
      ],
      "kwargs": {
        "content": " i├ğin",
        "tool_call_chunks": [],
        "additional_kwargs": {},
        "id": "chatcmpl-D6IlFIkpT9G0xNDXca6Z7X5qNhujn",
        "response_metadata": {
          "model_provider": "openai",
          "usage": {}
        },
        "tool_calls": [],
        "invalid_tool_calls": []
      }
    }
  },
  "run_id": "019c33bb-8fcb-7ee3-8896-9b788da75bae",
  "name": "ChatOpenAI",
  "tags": [],
  "metadata": {
    "thread_id": "test-session-1770394448994",
    "langgraph_step": 10,
    "langgraph_node": "subscription_retention",
    "langgraph_triggers": [
      "branch:to:subscription_retention"
    ],
    "langgraph_path": [
      "__pregel_pull",
      "subscription_retention"
    ],
    "langgraph_checkpoint_ns": "subscription_retention:92fbaacd-e648-59d9-80e9-def1d123ce07",
    "__pregel_task_id": "92fbaacd-e648-59d9-80e9-def1d123ce07",
    "checkpoint_ns": "subscription_retention:92fbaacd-e648-59d9-80e9-def1d123ce07",
    "ls_provider": "openai",
    "ls_model_name": "gpt-4o",
    "ls_model_type": "chat",
    "ls_temperature": 0.2
  }
}
{
  "event": "on_chat_model_stream",
  "data": {
    "chunk": {
      "lc": 1,
      "type": "constructor",
      "id": [
        "langchain_core",
        "messages",
        "AIMessageChunk"
      ],
      "kwargs": {
        "content": " birka├ğ",
        "tool_call_chunks": [],
        "additional_kwargs": {},
        "id": "chatcmpl-D6IlFIkpT9G0xNDXca6Z7X5qNhujn",
        "response_metadata": {
          "model_provider": "openai",
          "usage": {}
        },
        "tool_calls": [],
        "invalid_tool_calls": []
      }
    }
  },
  "run_id": "019c33bb-8fcb-7ee3-8896-9b788da75bae",
  "name": "ChatOpenAI",
  "tags": [],
  "metadata": {
    "thread_id": "test-session-1770394448994",
    "langgraph_step": 10,
    "langgraph_node": "subscription_retention",
    "langgraph_triggers": [
      "branch:to:subscription_retention"
    ],
    "langgraph_path": [
      "__pregel_pull",
      "subscription_retention"
    ],
    "langgraph_checkpoint_ns": "subscription_retention:92fbaacd-e648-59d9-80e9-def1d123ce07",
    "__pregel_task_id": "92fbaacd-e648-59d9-80e9-def1d123ce07",
    "checkpoint_ns": "subscription_retention:92fbaacd-e648-59d9-80e9-def1d123ce07",
    "ls_provider": "openai",
    "ls_model_name": "gpt-4o",
    "ls_model_type": "chat",
    "ls_temperature": 0.2
  }
}
{
  "event": "on_chat_model_stream",
  "data": {
    "chunk": {
      "lc": 1,
      "type": "constructor",
      "id": [
        "langchain_core",
        "messages",
        "AIMessageChunk"
      ],
      "kwargs": {
        "content": " se├ğ",
        "tool_call_chunks": [],
        "additional_kwargs": {},
        "id": "chatcmpl-D6IlFIkpT9G0xNDXca6Z7X5qNhujn",
        "response_metadata": {
          "model_provider": "openai",
          "usage": {}
        },
        "tool_calls": [],
        "invalid_tool_calls": []
      }
    }
  },
  "run_id": "019c33bb-8fcb-7ee3-8896-9b788da75bae",
  "name": "ChatOpenAI",
  "tags": [],
  "metadata": {
    "thread_id": "test-session-1770394448994",
    "langgraph_step": 10,
    "langgraph_node": "subscription_retention",
    "langgraph_triggers": [
      "branch:to:subscription_retention"
    ],
    "langgraph_path": [
      "__pregel_pull",
      "subscription_retention"
    ],
    "langgraph_checkpoint_ns": "subscription_retention:92fbaacd-e648-59d9-80e9-def1d123ce07",
    "__pregel_task_id": "92fbaacd-e648-59d9-80e9-def1d123ce07",
    "checkpoint_ns": "subscription_retention:92fbaacd-e648-59d9-80e9-def1d123ce07",
    "ls_provider": "openai",
    "ls_model_name": "gpt-4o",
    "ls_model_type": "chat",
    "ls_temperature": 0.2
  }
}
{
  "event": "on_chat_model_stream",
  "data": {
    "chunk": {
      "lc": 1,
      "type": "constructor",
      "id": [
        "langchain_core",
        "messages",
        "AIMessageChunk"
      ],
      "kwargs": {
        "content": "ene",
        "tool_call_chunks": [],
        "additional_kwargs": {},
        "id": "chatcmpl-D6IlFIkpT9G0xNDXca6Z7X5qNhujn",
        "response_metadata": {
          "model_provider": "openai",
          "usage": {}
        },
        "tool_calls": [],
        "invalid_tool_calls": []
      }
    }
  },
  "run_id": "019c33bb-8fcb-7ee3-8896-9b788da75bae",
  "name": "ChatOpenAI",
  "tags": [],
  "metadata": {
    "thread_id": "test-session-1770394448994",
    "langgraph_step": 10,
    "langgraph_node": "subscription_retention",
    "langgraph_triggers": [
      "branch:to:subscription_retention"
    ],
    "langgraph_path": [
      "__pregel_pull",
      "subscription_retention"
    ],
    "langgraph_checkpoint_ns": "subscription_retention:92fbaacd-e648-59d9-80e9-def1d123ce07",
    "__pregel_task_id": "92fbaacd-e648-59d9-80e9-def1d123ce07",
    "checkpoint_ns": "subscription_retention:92fbaacd-e648-59d9-80e9-def1d123ce07",
    "ls_provider": "openai",
    "ls_model_name": "gpt-4o",
    "ls_model_type": "chat",
    "ls_temperature": 0.2
  }
}
{
  "event": "on_chat_model_stream",
  "data": {
    "chunk": {
      "lc": 1,
      "type": "constructor",
      "id": [
        "langchain_core",
        "messages",
        "AIMessageChunk"
      ],
      "kwargs": {
        "content": "─şimiz",
        "tool_call_chunks": [],
        "additional_kwargs": {},
        "id": "chatcmpl-D6IlFIkpT9G0xNDXca6Z7X5qNhujn",
        "response_metadata": {
          "model_provider": "openai",
          "usage": {}
        },
        "tool_calls": [],
        "invalid_tool_calls": []
      }
    }
  },
  "run_id": "019c33bb-8fcb-7ee3-8896-9b788da75bae",
  "name": "ChatOpenAI",
  "tags": [],
  "metadata": {
    "thread_id": "test-session-1770394448994",
    "langgraph_step": 10,
    "langgraph_node": "subscription_retention",
    "langgraph_triggers": [
      "branch:to:subscription_retention"
    ],
    "langgraph_path": [
      "__pregel_pull",
      "subscription_retention"
    ],
    "langgraph_checkpoint_ns": "subscription_retention:92fbaacd-e648-59d9-80e9-def1d123ce07",
    "__pregel_task_id": "92fbaacd-e648-59d9-80e9-def1d123ce07",
    "checkpoint_ns": "subscription_retention:92fbaacd-e648-59d9-80e9-def1d123ce07",
    "ls_provider": "openai",
    "ls_model_name": "gpt-4o",
    "ls_model_type": "chat",
    "ls_temperature": 0.2
  }
}
{
  "event": "on_chat_model_stream",
  "data": {
    "chunk": {
      "lc": 1,
      "type": "constructor",
      "id": [
        "langchain_core",
        "messages",
        "AIMessageChunk"
      ],
      "kwargs": {
        "content": " var",
        "tool_call_chunks": [],
        "additional_kwargs": {},
        "id": "chatcmpl-D6IlFIkpT9G0xNDXca6Z7X5qNhujn",
        "response_metadata": {
          "model_provider": "openai",
          "usage": {}
        },
        "tool_calls": [],
        "invalid_tool_calls": []
      }
    }
  },
  "run_id": "019c33bb-8fcb-7ee3-8896-9b788da75bae",
  "name": "ChatOpenAI",
  "tags": [],
  "metadata": {
    "thread_id": "test-session-1770394448994",
    "langgraph_step": 10,
    "langgraph_node": "subscription_retention",
    "langgraph_triggers": [
      "branch:to:subscription_retention"
    ],
    "langgraph_path": [
      "__pregel_pull",
      "subscription_retention"
    ],
    "langgraph_checkpoint_ns": "subscription_retention:92fbaacd-e648-59d9-80e9-def1d123ce07",
    "__pregel_task_id": "92fbaacd-e648-59d9-80e9-def1d123ce07",
    "checkpoint_ns": "subscription_retention:92fbaacd-e648-59d9-80e9-def1d123ce07",
    "ls_provider": "openai",
    "ls_model_name": "gpt-4o",
    "ls_model_type": "chat",
    "ls_temperature": 0.2
  }
}
{
  "event": "on_chat_model_stream",
  "data": {
    "chunk": {
      "lc": 1,
      "type": "constructor",
      "id": [
        "langchain_core",
        "messages",
        "AIMessageChunk"
      ],
      "kwargs": {
        "content": ":\n\n",
        "tool_call_chunks": [],
        "additional_kwargs": {},
        "id": "chatcmpl-D6IlFIkpT9G0xNDXca6Z7X5qNhujn",
        "response_metadata": {
          "model_provider": "openai",
          "usage": {}
        },
        "tool_calls": [],
        "invalid_tool_calls": []
      }
    }
  },
  "run_id": "019c33bb-8fcb-7ee3-8896-9b788da75bae",
  "name": "ChatOpenAI",
  "tags": [],
  "metadata": {
    "thread_id": "test-session-1770394448994",
    "langgraph_step": 10,
    "langgraph_node": "subscription_retention",
    "langgraph_triggers": [
      "branch:to:subscription_retention"
    ],
    "langgraph_path": [
      "__pregel_pull",
      "subscription_retention"
    ],
    "langgraph_checkpoint_ns": "subscription_retention:92fbaacd-e648-59d9-80e9-def1d123ce07",
    "__pregel_task_id": "92fbaacd-e648-59d9-80e9-def1d123ce07",
    "checkpoint_ns": "subscription_retention:92fbaacd-e648-59d9-80e9-def1d123ce07",
    "ls_provider": "openai",
    "ls_model_name": "gpt-4o",
    "ls_model_type": "chat",
    "ls_temperature": 0.2
  }
}
{
  "event": "on_chat_model_stream",
  "data": {
    "chunk": {
      "lc": 1,
      "type": "constructor",
      "id": [
        "langchain_core",
        "messages",
        "AIMessageChunk"
      ],
      "kwargs": {
        "content": "1",
        "tool_call_chunks": [],
        "additional_kwargs": {},
        "id": "chatcmpl-D6IlFIkpT9G0xNDXca6Z7X5qNhujn",
        "response_metadata": {
          "model_provider": "openai",
          "usage": {}
        },
        "tool_calls": [],
        "invalid_tool_calls": []
      }
    }
  },
  "run_id": "019c33bb-8fcb-7ee3-8896-9b788da75bae",
  "name": "ChatOpenAI",
  "tags": [],
  "metadata": {
    "thread_id": "test-session-1770394448994",
    "langgraph_step": 10,
    "langgraph_node": "subscription_retention",
    "langgraph_triggers": [
      "branch:to:subscription_retention"
    ],
    "langgraph_path": [
      "__pregel_pull",
      "subscription_retention"
    ],
    "langgraph_checkpoint_ns": "subscription_retention:92fbaacd-e648-59d9-80e9-def1d123ce07",
    "__pregel_task_id": "92fbaacd-e648-59d9-80e9-def1d123ce07",
    "checkpoint_ns": "subscription_retention:92fbaacd-e648-59d9-80e9-def1d123ce07",
    "ls_provider": "openai",
    "ls_model_name": "gpt-4o",
    "ls_model_type": "chat",
    "ls_temperature": 0.2
  }
}
{
  "event": "on_chat_model_stream",
  "data": {
    "chunk": {
      "lc": 1,
      "type": "constructor",
      "id": [
        "langchain_core",
        "messages",
        "AIMessageChunk"
      ],
      "kwargs": {
        "content": ".",
        "tool_call_chunks": [],
        "additional_kwargs": {},
        "id": "chatcmpl-D6IlFIkpT9G0xNDXca6Z7X5qNhujn",
        "response_metadata": {
          "model_provider": "openai",
          "usage": {}
        },
        "tool_calls": [],
        "invalid_tool_calls": []
      }
    }
  },
  "run_id": "019c33bb-8fcb-7ee3-8896-9b788da75bae",
  "name": "ChatOpenAI",
  "tags": [],
  "metadata": {
    "thread_id": "test-session-1770394448994",
    "langgraph_step": 10,
    "langgraph_node": "subscription_retention",
    "langgraph_triggers": [
      "branch:to:subscription_retention"
    ],
    "langgraph_path": [
      "__pregel_pull",
      "subscription_retention"
    ],
    "langgraph_checkpoint_ns": "subscription_retention:92fbaacd-e648-59d9-80e9-def1d123ce07",
    "__pregel_task_id": "92fbaacd-e648-59d9-80e9-def1d123ce07",
    "checkpoint_ns": "subscription_retention:92fbaacd-e648-59d9-80e9-def1d123ce07",
    "ls_provider": "openai",
    "ls_model_name": "gpt-4o",
    "ls_model_type": "chat",
    "ls_temperature": 0.2
  }
}
{
  "event": "on_chat_model_stream",
  "data": {
    "chunk": {
      "lc": 1,
      "type": "constructor",
      "id": [
        "langchain_core",
        "messages",
        "AIMessageChunk"
      ],
      "kwargs": {
        "content": " E─şer",
        "tool_call_chunks": [],
        "additional_kwargs": {},
        "id": "chatcmpl-D6IlFIkpT9G0xNDXca6Z7X5qNhujn",
        "response_metadata": {
          "model_provider": "openai",
          "usage": {}
        },
        "tool_calls": [],
        "invalid_tool_calls": []
      }
    }
  },
  "run_id": "019c33bb-8fcb-7ee3-8896-9b788da75bae",
  "name": "ChatOpenAI",
  "tags": [],
  "metadata": {
    "thread_id": "test-session-1770394448994",
    "langgraph_step": 10,
    "langgraph_node": "subscription_retention",
    "langgraph_triggers": [
      "branch:to:subscription_retention"
    ],
    "langgraph_path": [
      "__pregel_pull",
      "subscription_retention"
    ],
    "langgraph_checkpoint_ns": "subscription_retention:92fbaacd-e648-59d9-80e9-def1d123ce07",
    "__pregel_task_id": "92fbaacd-e648-59d9-80e9-def1d123ce07",
    "checkpoint_ns": "subscription_retention:92fbaacd-e648-59d9-80e9-def1d123ce07",
    "ls_provider": "openai",
    "ls_model_name": "gpt-4o",
    "ls_model_type": "chat",
    "ls_temperature": 0.2
  }
}
{
  "event": "on_chat_model_stream",
  "data": {
    "chunk": {
      "lc": 1,
      "type": "constructor",
      "id": [
        "langchain_core",
        "messages",
        "AIMessageChunk"
      ],
      "kwargs": {
        "content": " el",
        "tool_call_chunks": [],
        "additional_kwargs": {},
        "id": "chatcmpl-D6IlFIkpT9G0xNDXca6Z7X5qNhujn",
        "response_metadata": {
          "model_provider": "openai",
          "usage": {}
        },
        "tool_calls": [],
        "invalid_tool_calls": []
      }
    }
  },
  "run_id": "019c33bb-8fcb-7ee3-8896-9b788da75bae",
  "name": "ChatOpenAI",
  "tags": [],
  "metadata": {
    "thread_id": "test-session-1770394448994",
    "langgraph_step": 10,
    "langgraph_node": "subscription_retention",
    "langgraph_triggers": [
      "branch:to:subscription_retention"
    ],
    "langgraph_path": [
      "__pregel_pull",
      "subscription_retention"
    ],
    "langgraph_checkpoint_ns": "subscription_retention:92fbaacd-e648-59d9-80e9-def1d123ce07",
    "__pregel_task_id": "92fbaacd-e648-59d9-80e9-def1d123ce07",
    "checkpoint_ns": "subscription_retention:92fbaacd-e648-59d9-80e9-def1d123ce07",
    "ls_provider": "openai",
    "ls_model_name": "gpt-4o",
    "ls_model_type": "chat",
    "ls_temperature": 0.2
  }
}
{
  "event": "on_chat_model_stream",
  "data": {
    "chunk": {
      "lc": 1,
      "type": "constructor",
      "id": [
        "langchain_core",
        "messages",
        "AIMessageChunk"
      ],
      "kwargs": {
        "content": "iniz",
        "tool_call_chunks": [],
        "additional_kwargs": {},
        "id": "chatcmpl-D6IlFIkpT9G0xNDXca6Z7X5qNhujn",
        "response_metadata": {
          "model_provider": "openai",
          "usage": {}
        },
        "tool_calls": [],
        "invalid_tool_calls": []
      }
    }
  },
  "run_id": "019c33bb-8fcb-7ee3-8896-9b788da75bae",
  "name": "ChatOpenAI",
  "tags": [],
  "metadata": {
    "thread_id": "test-session-1770394448994",
    "langgraph_step": 10,
    "langgraph_node": "subscription_retention",
    "langgraph_triggers": [
      "branch:to:subscription_retention"
    ],
    "langgraph_path": [
      "__pregel_pull",
      "subscription_retention"
    ],
    "langgraph_checkpoint_ns": "subscription_retention:92fbaacd-e648-59d9-80e9-def1d123ce07",
    "__pregel_task_id": "92fbaacd-e648-59d9-80e9-def1d123ce07",
    "checkpoint_ns": "subscription_retention:92fbaacd-e648-59d9-80e9-def1d123ce07",
    "ls_provider": "openai",
    "ls_model_name": "gpt-4o",
    "ls_model_type": "chat",
    "ls_temperature": 0.2
  }
}
{
  "event": "on_chat_model_stream",
  "data": {
    "chunk": {
      "lc": 1,
      "type": "constructor",
      "id": [
        "langchain_core",
        "messages",
        "AIMessageChunk"
      ],
      "kwargs": {
        "content": "de",
        "tool_call_chunks": [],
        "additional_kwargs": {},
        "id": "chatcmpl-D6IlFIkpT9G0xNDXca6Z7X5qNhujn",
        "response_metadata": {
          "model_provider": "openai",
          "usage": {}
        },
        "tool_calls": [],
        "invalid_tool_calls": []
      }
    }
  },
  "run_id": "019c33bb-8fcb-7ee3-8896-9b788da75bae",
  "name": "ChatOpenAI",
  "tags": [],
  "metadata": {
    "thread_id": "test-session-1770394448994",
    "langgraph_step": 10,
    "langgraph_node": "subscription_retention",
    "langgraph_triggers": [
      "branch:to:subscription_retention"
    ],
    "langgraph_path": [
      "__pregel_pull",
      "subscription_retention"
    ],
    "langgraph_checkpoint_ns": "subscription_retention:92fbaacd-e648-59d9-80e9-def1d123ce07",
    "__pregel_task_id": "92fbaacd-e648-59d9-80e9-def1d123ce07",
    "checkpoint_ns": "subscription_retention:92fbaacd-e648-59d9-80e9-def1d123ce07",
    "ls_provider": "openai",
    "ls_model_name": "gpt-4o",
    "ls_model_type": "chat",
    "ls_temperature": 0.2
  }
}
{
  "event": "on_chat_model_stream",
  "data": {
    "chunk": {
      "lc": 1,
      "type": "constructor",
      "id": [
        "langchain_core",
        "messages",
        "AIMessageChunk"
      ],
      "kwargs": {
        "content": " ├ğok",
        "tool_call_chunks": [],
        "additional_kwargs": {},
        "id": "chatcmpl-D6IlFIkpT9G0xNDXca6Z7X5qNhujn",
        "response_metadata": {
          "model_provider": "openai",
          "usage": {}
        },
        "tool_calls": [],
        "invalid_tool_calls": []
      }
    }
  },
  "run_id": "019c33bb-8fcb-7ee3-8896-9b788da75bae",
  "name": "ChatOpenAI",
  "tags": [],
  "metadata": {
    "thread_id": "test-session-1770394448994",
    "langgraph_step": 10,
    "langgraph_node": "subscription_retention",
    "langgraph_triggers": [
      "branch:to:subscription_retention"
    ],
    "langgraph_path": [
      "__pregel_pull",
      "subscription_retention"
    ],
    "langgraph_checkpoint_ns": "subscription_retention:92fbaacd-e648-59d9-80e9-def1d123ce07",
    "__pregel_task_id": "92fbaacd-e648-59d9-80e9-def1d123ce07",
    "checkpoint_ns": "subscription_retention:92fbaacd-e648-59d9-80e9-def1d123ce07",
    "ls_provider": "openai",
    "ls_model_name": "gpt-4o",
    "ls_model_type": "chat",
    "ls_temperature": 0.2
  }
}
{
  "event": "on_chat_model_stream",
  "data": {
    "chunk": {
      "lc": 1,
      "type": "constructor",
      "id": [
        "langchain_core",
        "messages",
        "AIMessageChunk"
      ],
      "kwargs": {
        "content": " fazla",
        "tool_call_chunks": [],
        "additional_kwargs": {},
        "id": "chatcmpl-D6IlFIkpT9G0xNDXca6Z7X5qNhujn",
        "response_metadata": {
          "model_provider": "openai",
          "usage": {}
        },
        "tool_calls": [],
        "invalid_tool_calls": []
      }
    }
  },
  "run_id": "019c33bb-8fcb-7ee3-8896-9b788da75bae",
  "name": "ChatOpenAI",
  "tags": [],
  "metadata": {
    "thread_id": "test-session-1770394448994",
    "langgraph_step": 10,
    "langgraph_node": "subscription_retention",
    "langgraph_triggers": [
      "branch:to:subscription_retention"
    ],
    "langgraph_path": [
      "__pregel_pull",
      "subscription_retention"
    ],
    "langgraph_checkpoint_ns": "subscription_retention:92fbaacd-e648-59d9-80e9-def1d123ce07",
    "__pregel_task_id": "92fbaacd-e648-59d9-80e9-def1d123ce07",
    "checkpoint_ns": "subscription_retention:92fbaacd-e648-59d9-80e9-def1d123ce07",
    "ls_provider": "openai",
    "ls_model_name": "gpt-4o",
    "ls_model_type": "chat",
    "ls_temperature": 0.2
  }
}
{
  "event": "on_chat_model_stream",
  "data": {
    "chunk": {
      "lc": 1,
      "type": "constructor",
      "id": [
        "langchain_core",
        "messages",
        "AIMessageChunk"
      ],
      "kwargs": {
        "content": " ├╝r├╝n",
        "tool_call_chunks": [],
        "additional_kwargs": {},
        "id": "chatcmpl-D6IlFIkpT9G0xNDXca6Z7X5qNhujn",
        "response_metadata": {
          "model_provider": "openai",
          "usage": {}
        },
        "tool_calls": [],
        "invalid_tool_calls": []
      }
    }
  },
  "run_id": "019c33bb-8fcb-7ee3-8896-9b788da75bae",
  "name": "ChatOpenAI",
  "tags": [],
  "metadata": {
    "thread_id": "test-session-1770394448994",
    "langgraph_step": 10,
    "langgraph_node": "subscription_retention",
    "langgraph_triggers": [
      "branch:to:subscription_retention"
    ],
    "langgraph_path": [
      "__pregel_pull",
      "subscription_retention"
    ],
    "langgraph_checkpoint_ns": "subscription_retention:92fbaacd-e648-59d9-80e9-def1d123ce07",
    "__pregel_task_id": "92fbaacd-e648-59d9-80e9-def1d123ce07",
    "checkpoint_ns": "subscription_retention:92fbaacd-e648-59d9-80e9-def1d123ce07",
    "ls_provider": "openai",
    "ls_model_name": "gpt-4o",
    "ls_model_type": "chat",
    "ls_temperature": 0.2
  }
}
{
  "event": "on_chat_model_stream",
  "data": {
    "chunk": {
      "lc": 1,
      "type": "constructor",
      "id": [
        "langchain_core",
        "messages",
        "AIMessageChunk"
      ],
      "kwargs": {
        "content": " varsa",
        "tool_call_chunks": [],
        "additional_kwargs": {},
        "id": "chatcmpl-D6IlFIkpT9G0xNDXca6Z7X5qNhujn",
        "response_metadata": {
          "model_provider": "openai",
          "usage": {}
        },
        "tool_calls": [],
        "invalid_tool_calls": []
      }
    }
  },
  "run_id": "019c33bb-8fcb-7ee3-8896-9b788da75bae",
  "name": "ChatOpenAI",
  "tags": [],
  "metadata": {
    "thread_id": "test-session-1770394448994",
    "langgraph_step": 10,
    "langgraph_node": "subscription_retention",
    "langgraph_triggers": [
      "branch:to:subscription_retention"
    ],
    "langgraph_path": [
      "__pregel_pull",
      "subscription_retention"
    ],
    "langgraph_checkpoint_ns": "subscription_retention:92fbaacd-e648-59d9-80e9-def1d123ce07",
    "__pregel_task_id": "92fbaacd-e648-59d9-80e9-def1d123ce07",
    "checkpoint_ns": "subscription_retention:92fbaacd-e648-59d9-80e9-def1d123ce07",
    "ls_provider": "openai",
    "ls_model_name": "gpt-4o",
    "ls_model_type": "chat",
    "ls_temperature": 0.2
  }
}
{
  "event": "on_chat_model_stream",
  "data": {
    "chunk": {
      "lc": 1,
      "type": "constructor",
      "id": [
        "langchain_core",
        "messages",
        "AIMessageChunk"
      ],
      "kwargs": {
        "content": ",",
        "tool_call_chunks": [],
        "additional_kwargs": {},
        "id": "chatcmpl-D6IlFIkpT9G0xNDXca6Z7X5qNhujn",
        "response_metadata": {
          "model_provider": "openai",
          "usage": {}
        },
        "tool_calls": [],
        "invalid_tool_calls": []
      }
    }
  },
  "run_id": "019c33bb-8fcb-7ee3-8896-9b788da75bae",
  "name": "ChatOpenAI",
  "tags": [],
  "metadata": {
    "thread_id": "test-session-1770394448994",
    "langgraph_step": 10,
    "langgraph_node": "subscription_retention",
    "langgraph_triggers": [
      "branch:to:subscription_retention"
    ],
    "langgraph_path": [
      "__pregel_pull",
      "subscription_retention"
    ],
    "langgraph_checkpoint_ns": "subscription_retention:92fbaacd-e648-59d9-80e9-def1d123ce07",
    "__pregel_task_id": "92fbaacd-e648-59d9-80e9-def1d123ce07",
    "checkpoint_ns": "subscription_retention:92fbaacd-e648-59d9-80e9-def1d123ce07",
    "ls_provider": "openai",
    "ls_model_name": "gpt-4o",
    "ls_model_type": "chat",
    "ls_temperature": 0.2
  }
}
{
  "event": "on_chat_model_stream",
  "data": {
    "chunk": {
      "lc": 1,
      "type": "constructor",
      "id": [
        "langchain_core",
        "messages",
        "AIMessageChunk"
      ],
      "kwargs": {
        "content": " bir",
        "tool_call_chunks": [],
        "additional_kwargs": {},
        "id": "chatcmpl-D6IlFIkpT9G0xNDXca6Z7X5qNhujn",
        "response_metadata": {
          "model_provider": "openai",
          "usage": {}
        },
        "tool_calls": [],
        "invalid_tool_calls": []
      }
    }
  },
  "run_id": "019c33bb-8fcb-7ee3-8896-9b788da75bae",
  "name": "ChatOpenAI",
  "tags": [],
  "metadata": {
    "thread_id": "test-session-1770394448994",
    "langgraph_step": 10,
    "langgraph_node": "subscription_retention",
    "langgraph_triggers": [
      "branch:to:subscription_retention"
    ],
    "langgraph_path": [
      "__pregel_pull",
      "subscription_retention"
    ],
    "langgraph_checkpoint_ns": "subscription_retention:92fbaacd-e648-59d9-80e9-def1d123ce07",
    "__pregel_task_id": "92fbaacd-e648-59d9-80e9-def1d123ce07",
    "checkpoint_ns": "subscription_retention:92fbaacd-e648-59d9-80e9-def1d123ce07",
    "ls_provider": "openai",
    "ls_model_name": "gpt-4o",
    "ls_model_type": "chat",
    "ls_temperature": 0.2
  }
}
{
  "event": "on_chat_model_stream",
  "data": {
    "chunk": {
      "lc": 1,
      "type": "constructor",
      "id": [
        "langchain_core",
        "messages",
        "AIMessageChunk"
      ],
      "kwargs": {
        "content": " sonr",
        "tool_call_chunks": [],
        "additional_kwargs": {},
        "id": "chatcmpl-D6IlFIkpT9G0xNDXca6Z7X5qNhujn",
        "response_metadata": {
          "model_provider": "openai",
          "usage": {}
        },
        "tool_calls": [],
        "invalid_tool_calls": []
      }
    }
  },
  "run_id": "019c33bb-8fcb-7ee3-8896-9b788da75bae",
  "name": "ChatOpenAI",
  "tags": [],
  "metadata": {
    "thread_id": "test-session-1770394448994",
    "langgraph_step": 10,
    "langgraph_node": "subscription_retention",
    "langgraph_triggers": [
      "branch:to:subscription_retention"
    ],
    "langgraph_path": [
      "__pregel_pull",
      "subscription_retention"
    ],
    "langgraph_checkpoint_ns": "subscription_retention:92fbaacd-e648-59d9-80e9-def1d123ce07",
    "__pregel_task_id": "92fbaacd-e648-59d9-80e9-def1d123ce07",
    "checkpoint_ns": "subscription_retention:92fbaacd-e648-59d9-80e9-def1d123ce07",
    "ls_provider": "openai",
    "ls_model_name": "gpt-4o",
    "ls_model_type": "chat",
    "ls_temperature": 0.2
  }
}
{
  "event": "on_chat_model_stream",
  "data": {
    "chunk": {
      "lc": 1,
      "type": "constructor",
      "id": [
        "langchain_core",
        "messages",
        "AIMessageChunk"
      ],
      "kwargs": {
        "content": "aki",
        "tool_call_chunks": [],
        "additional_kwargs": {},
        "id": "chatcmpl-D6IlFIkpT9G0xNDXca6Z7X5qNhujn",
        "response_metadata": {
          "model_provider": "openai",
          "usage": {}
        },
        "tool_calls": [],
        "invalid_tool_calls": []
      }
    }
  },
  "run_id": "019c33bb-8fcb-7ee3-8896-9b788da75bae",
  "name": "ChatOpenAI",
  "tags": [],
  "metadata": {
    "thread_id": "test-session-1770394448994",
    "langgraph_step": 10,
    "langgraph_node": "subscription_retention",
    "langgraph_triggers": [
      "branch:to:subscription_retention"
    ],
    "langgraph_path": [
      "__pregel_pull",
      "subscription_retention"
    ],
    "langgraph_checkpoint_ns": "subscription_retention:92fbaacd-e648-59d9-80e9-def1d123ce07",
    "__pregel_task_id": "92fbaacd-e648-59d9-80e9-def1d123ce07",
    "checkpoint_ns": "subscription_retention:92fbaacd-e648-59d9-80e9-def1d123ce07",
    "ls_provider": "openai",
    "ls_model_name": "gpt-4o",
    "ls_model_type": "chat",
    "ls_temperature": 0.2
  }
}
{
  "event": "on_chat_model_stream",
  "data": {
    "chunk": {
      "lc": 1,
      "type": "constructor",
      "id": [
        "langchain_core",
        "messages",
        "AIMessageChunk"
      ],
      "kwargs": {
        "content": " sip",
        "tool_call_chunks": [],
        "additional_kwargs": {},
        "id": "chatcmpl-D6IlFIkpT9G0xNDXca6Z7X5qNhujn",
        "response_metadata": {
          "model_provider": "openai",
          "usage": {}
        },
        "tool_calls": [],
        "invalid_tool_calls": []
      }
    }
  },
  "run_id": "019c33bb-8fcb-7ee3-8896-9b788da75bae",
  "name": "ChatOpenAI",
  "tags": [],
  "metadata": {
    "thread_id": "test-session-1770394448994",
    "langgraph_step": 10,
    "langgraph_node": "subscription_retention",
    "langgraph_triggers": [
      "branch:to:subscription_retention"
    ],
    "langgraph_path": [
      "__pregel_pull",
      "subscription_retention"
    ],
    "langgraph_checkpoint_ns": "subscription_retention:92fbaacd-e648-59d9-80e9-def1d123ce07",
    "__pregel_task_id": "92fbaacd-e648-59d9-80e9-def1d123ce07",
    "checkpoint_ns": "subscription_retention:92fbaacd-e648-59d9-80e9-def1d123ce07",
    "ls_provider": "openai",
    "ls_model_name": "gpt-4o",
    "ls_model_type": "chat",
    "ls_temperature": 0.2
  }
}
{
  "event": "on_chat_model_stream",
  "data": {
    "chunk": {
      "lc": 1,
      "type": "constructor",
      "id": [
        "langchain_core",
        "messages",
        "AIMessageChunk"
      ],
      "kwargs": {
        "content": "ari",
        "tool_call_chunks": [],
        "additional_kwargs": {},
        "id": "chatcmpl-D6IlFIkpT9G0xNDXca6Z7X5qNhujn",
        "response_metadata": {
          "model_provider": "openai",
          "usage": {}
        },
        "tool_calls": [],
        "invalid_tool_calls": []
      }
    }
  },
  "run_id": "019c33bb-8fcb-7ee3-8896-9b788da75bae",
  "name": "ChatOpenAI",
  "tags": [],
  "metadata": {
    "thread_id": "test-session-1770394448994",
    "langgraph_step": 10,
    "langgraph_node": "subscription_retention",
    "langgraph_triggers": [
      "branch:to:subscription_retention"
    ],
    "langgraph_path": [
      "__pregel_pull",
      "subscription_retention"
    ],
    "langgraph_checkpoint_ns": "subscription_retention:92fbaacd-e648-59d9-80e9-def1d123ce07",
    "__pregel_task_id": "92fbaacd-e648-59d9-80e9-def1d123ce07",
    "checkpoint_ns": "subscription_retention:92fbaacd-e648-59d9-80e9-def1d123ce07",
    "ls_provider": "openai",
    "ls_model_name": "gpt-4o",
    "ls_model_type": "chat",
    "ls_temperature": 0.2
  }
}
{
  "event": "on_chat_model_stream",
  "data": {
    "chunk": {
      "lc": 1,
      "type": "constructor",
      "id": [
        "langchain_core",
        "messages",
        "AIMessageChunk"
      ],
      "kwargs": {
        "content": "┼şi",
        "tool_call_chunks": [],
        "additional_kwargs": {},
        "id": "chatcmpl-D6IlFIkpT9G0xNDXca6Z7X5qNhujn",
        "response_metadata": {
          "model_provider": "openai",
          "usage": {}
        },
        "tool_calls": [],
        "invalid_tool_calls": []
      }
    }
  },
  "run_id": "019c33bb-8fcb-7ee3-8896-9b788da75bae",
  "name": "ChatOpenAI",
  "tags": [],
  "metadata": {
    "thread_id": "test-session-1770394448994",
    "langgraph_step": 10,
    "langgraph_node": "subscription_retention",
    "langgraph_triggers": [
      "branch:to:subscription_retention"
    ],
    "langgraph_path": [
      "__pregel_pull",
      "subscription_retention"
    ],
    "langgraph_checkpoint_ns": "subscription_retention:92fbaacd-e648-59d9-80e9-def1d123ce07",
    "__pregel_task_id": "92fbaacd-e648-59d9-80e9-def1d123ce07",
    "checkpoint_ns": "subscription_retention:92fbaacd-e648-59d9-80e9-def1d123ce07",
    "ls_provider": "openai",
    "ls_model_name": "gpt-4o",
    "ls_model_type": "chat",
    "ls_temperature": 0.2
  }
}
{
  "event": "on_chat_model_stream",
  "data": {
    "chunk": {
      "lc": 1,
      "type": "constructor",
      "id": [
        "langchain_core",
        "messages",
        "AIMessageChunk"
      ],
      "kwargs": {
        "content": " at",
        "tool_call_chunks": [],
        "additional_kwargs": {},
        "id": "chatcmpl-D6IlFIkpT9G0xNDXca6Z7X5qNhujn",
        "response_metadata": {
          "model_provider": "openai",
          "usage": {}
        },
        "tool_calls": [],
        "invalid_tool_calls": []
      }
    }
  },
  "run_id": "019c33bb-8fcb-7ee3-8896-9b788da75bae",
  "name": "ChatOpenAI",
  "tags": [],
  "metadata": {
    "thread_id": "test-session-1770394448994",
    "langgraph_step": 10,
    "langgraph_node": "subscription_retention",
    "langgraph_triggers": [
      "branch:to:subscription_retention"
    ],
    "langgraph_path": [
      "__pregel_pull",
      "subscription_retention"
    ],
    "langgraph_checkpoint_ns": "subscription_retention:92fbaacd-e648-59d9-80e9-def1d123ce07",
    "__pregel_task_id": "92fbaacd-e648-59d9-80e9-def1d123ce07",
    "checkpoint_ns": "subscription_retention:92fbaacd-e648-59d9-80e9-def1d123ce07",
    "ls_provider": "openai",
    "ls_model_name": "gpt-4o",
    "ls_model_type": "chat",
    "ls_temperature": 0.2
  }
}
{
  "event": "on_chat_model_stream",
  "data": {
    "chunk": {
      "lc": 1,
      "type": "constructor",
      "id": [
        "langchain_core",
        "messages",
        "AIMessageChunk"
      ],
      "kwargs": {
        "content": "lay",
        "tool_call_chunks": [],
        "additional_kwargs": {},
        "id": "chatcmpl-D6IlFIkpT9G0xNDXca6Z7X5qNhujn",
        "response_metadata": {
          "model_provider": "openai",
          "usage": {}
        },
        "tool_calls": [],
        "invalid_tool_calls": []
      }
    }
  },
  "run_id": "019c33bb-8fcb-7ee3-8896-9b788da75bae",
  "name": "ChatOpenAI",
  "tags": [],
  "metadata": {
    "thread_id": "test-session-1770394448994",
    "langgraph_step": 10,
    "langgraph_node": "subscription_retention",
    "langgraph_triggers": [
      "branch:to:subscription_retention"
    ],
    "langgraph_path": [
      "__pregel_pull",
      "subscription_retention"
    ],
    "langgraph_checkpoint_ns": "subscription_retention:92fbaacd-e648-59d9-80e9-def1d123ce07",
    "__pregel_task_id": "92fbaacd-e648-59d9-80e9-def1d123ce07",
    "checkpoint_ns": "subscription_retention:92fbaacd-e648-59d9-80e9-def1d123ce07",
    "ls_provider": "openai",
    "ls_model_name": "gpt-4o",
    "ls_model_type": "chat",
    "ls_temperature": 0.2
  }
}
{
  "event": "on_chat_model_stream",
  "data": {
    "chunk": {
      "lc": 1,
      "type": "constructor",
      "id": [
        "langchain_core",
        "messages",
        "AIMessageChunk"
      ],
      "kwargs": {
        "content": "abilir",
        "tool_call_chunks": [],
        "additional_kwargs": {},
        "id": "chatcmpl-D6IlFIkpT9G0xNDXca6Z7X5qNhujn",
        "response_metadata": {
          "model_provider": "openai",
          "usage": {}
        },
        "tool_calls": [],
        "invalid_tool_calls": []
      }
    }
  },
  "run_id": "019c33bb-8fcb-7ee3-8896-9b788da75bae",
  "name": "ChatOpenAI",
  "tags": [],
  "metadata": {
    "thread_id": "test-session-1770394448994",
    "langgraph_step": 10,
    "langgraph_node": "subscription_retention",
    "langgraph_triggers": [
      "branch:to:subscription_retention"
    ],
    "langgraph_path": [
      "__pregel_pull",
      "subscription_retention"
    ],
    "langgraph_checkpoint_ns": "subscription_retention:92fbaacd-e648-59d9-80e9-def1d123ce07",
    "__pregel_task_id": "92fbaacd-e648-59d9-80e9-def1d123ce07",
    "checkpoint_ns": "subscription_retention:92fbaacd-e648-59d9-80e9-def1d123ce07",
    "ls_provider": "openai",
    "ls_model_name": "gpt-4o",
    "ls_model_type": "chat",
    "ls_temperature": 0.2
  }
}
{
  "event": "on_chat_model_stream",
  "data": {
    "chunk": {
      "lc": 1,
      "type": "constructor",
      "id": [
        "langchain_core",
        "messages",
        "AIMessageChunk"
      ],
      "kwargs": {
        "content": "iz",
        "tool_call_chunks": [],
        "additional_kwargs": {},
        "id": "chatcmpl-D6IlFIkpT9G0xNDXca6Z7X5qNhujn",
        "response_metadata": {
          "model_provider": "openai",
          "usage": {}
        },
        "tool_calls": [],
        "invalid_tool_calls": []
      }
    }
  },
  "run_id": "019c33bb-8fcb-7ee3-8896-9b788da75bae",
  "name": "ChatOpenAI",
  "tags": [],
  "metadata": {
    "thread_id": "test-session-1770394448994",
    "langgraph_step": 10,
    "langgraph_node": "subscription_retention",
    "langgraph_triggers": [
      "branch:to:subscription_retention"
    ],
    "langgraph_path": [
      "__pregel_pull",
      "subscription_retention"
    ],
    "langgraph_checkpoint_ns": "subscription_retention:92fbaacd-e648-59d9-80e9-def1d123ce07",
    "__pregel_task_id": "92fbaacd-e648-59d9-80e9-def1d123ce07",
    "checkpoint_ns": "subscription_retention:92fbaacd-e648-59d9-80e9-def1d123ce07",
    "ls_provider": "openai",
    "ls_model_name": "gpt-4o",
    "ls_model_type": "chat",
    "ls_temperature": 0.2
  }
}
{
  "event": "on_chat_model_stream",
  "data": {
    "chunk": {
      "lc": 1,
      "type": "constructor",
      "id": [
        "langchain_core",
        "messages",
        "AIMessageChunk"
      ],
      "kwargs": {
        "content": ".\n",
        "tool_call_chunks": [],
        "additional_kwargs": {},
        "id": "chatcmpl-D6IlFIkpT9G0xNDXca6Z7X5qNhujn",
        "response_metadata": {
          "model_provider": "openai",
          "usage": {}
        },
        "tool_calls": [],
        "invalid_tool_calls": []
      }
    }
  },
  "run_id": "019c33bb-8fcb-7ee3-8896-9b788da75bae",
  "name": "ChatOpenAI",
  "tags": [],
  "metadata": {
    "thread_id": "test-session-1770394448994",
    "langgraph_step": 10,
    "langgraph_node": "subscription_retention",
    "langgraph_triggers": [
      "branch:to:subscription_retention"
    ],
    "langgraph_path": [
      "__pregel_pull",
      "subscription_retention"
    ],
    "langgraph_checkpoint_ns": "subscription_retention:92fbaacd-e648-59d9-80e9-def1d123ce07",
    "__pregel_task_id": "92fbaacd-e648-59d9-80e9-def1d123ce07",
    "checkpoint_ns": "subscription_retention:92fbaacd-e648-59d9-80e9-def1d123ce07",
    "ls_provider": "openai",
    "ls_model_name": "gpt-4o",
    "ls_model_type": "chat",
    "ls_temperature": 0.2
  }
}
{
  "event": "on_chat_model_stream",
  "data": {
    "chunk": {
      "lc": 1,
      "type": "constructor",
      "id": [
        "langchain_core",
        "messages",
        "AIMessageChunk"
      ],
      "kwargs": {
        "content": "2",
        "tool_call_chunks": [],
        "additional_kwargs": {},
        "id": "chatcmpl-D6IlFIkpT9G0xNDXca6Z7X5qNhujn",
        "response_metadata": {
          "model_provider": "openai",
          "usage": {}
        },
        "tool_calls": [],
        "invalid_tool_calls": []
      }
    }
  },
  "run_id": "019c33bb-8fcb-7ee3-8896-9b788da75bae",
  "name": "ChatOpenAI",
  "tags": [],
  "metadata": {
    "thread_id": "test-session-1770394448994",
    "langgraph_step": 10,
    "langgraph_node": "subscription_retention",
    "langgraph_triggers": [
      "branch:to:subscription_retention"
    ],
    "langgraph_path": [
      "__pregel_pull",
      "subscription_retention"
    ],
    "langgraph_checkpoint_ns": "subscription_retention:92fbaacd-e648-59d9-80e9-def1d123ce07",
    "__pregel_task_id": "92fbaacd-e648-59d9-80e9-def1d123ce07",
    "checkpoint_ns": "subscription_retention:92fbaacd-e648-59d9-80e9-def1d123ce07",
    "ls_provider": "openai",
    "ls_model_name": "gpt-4o",
    "ls_model_type": "chat",
    "ls_temperature": 0.2
  }
}
{
  "event": "on_chat_model_stream",
  "data": {
    "chunk": {
      "lc": 1,
      "type": "constructor",
      "id": [
        "langchain_core",
        "messages",
        "AIMessageChunk"
      ],
      "kwargs": {
        "content": ".",
        "tool_call_chunks": [],
        "additional_kwargs": {},
        "id": "chatcmpl-D6IlFIkpT9G0xNDXca6Z7X5qNhujn",
        "response_metadata": {
          "model_provider": "openai",
          "usage": {}
        },
        "tool_calls": [],
        "invalid_tool_calls": []
      }
    }
  },
  "run_id": "019c33bb-8fcb-7ee3-8896-9b788da75bae",
  "name": "ChatOpenAI",
  "tags": [],
  "metadata": {
    "thread_id": "test-session-1770394448994",
    "langgraph_step": 10,
    "langgraph_node": "subscription_retention",
    "langgraph_triggers": [
      "branch:to:subscription_retention"
    ],
    "langgraph_path": [
      "__pregel_pull",
      "subscription_retention"
    ],
    "langgraph_checkpoint_ns": "subscription_retention:92fbaacd-e648-59d9-80e9-def1d123ce07",
    "__pregel_task_id": "92fbaacd-e648-59d9-80e9-def1d123ce07",
    "checkpoint_ns": "subscription_retention:92fbaacd-e648-59d9-80e9-def1d123ce07",
    "ls_provider": "openai",
    "ls_model_name": "gpt-4o",
    "ls_model_type": "chat",
    "ls_temperature": 0.2
  }
}
{
  "event": "on_chat_model_stream",
  "data": {
    "chunk": {
      "lc": 1,
      "type": "constructor",
      "id": [
        "langchain_core",
        "messages",
        "AIMessageChunk"
      ],
      "kwargs": {
        "content": " Bir",
        "tool_call_chunks": [],
        "additional_kwargs": {},
        "id": "chatcmpl-D6IlFIkpT9G0xNDXca6Z7X5qNhujn",
        "response_metadata": {
          "model_provider": "openai",
          "usage": {}
        },
        "tool_calls": [],
        "invalid_tool_calls": []
      }
    }
  },
  "run_id": "019c33bb-8fcb-7ee3-8896-9b788da75bae",
  "name": "ChatOpenAI",
  "tags": [],
  "metadata": {
    "thread_id": "test-session-1770394448994",
    "langgraph_step": 10,
    "langgraph_node": "subscription_retention",
    "langgraph_triggers": [
      "branch:to:subscription_retention"
    ],
    "langgraph_path": [
      "__pregel_pull",
      "subscription_retention"
    ],
    "langgraph_checkpoint_ns": "subscription_retention:92fbaacd-e648-59d9-80e9-def1d123ce07",
    "__pregel_task_id": "92fbaacd-e648-59d9-80e9-def1d123ce07",
    "checkpoint_ns": "subscription_retention:92fbaacd-e648-59d9-80e9-def1d123ce07",
    "ls_provider": "openai",
    "ls_model_name": "gpt-4o",
    "ls_model_type": "chat",
    "ls_temperature": 0.2
  }
}
{
  "event": "on_chat_model_stream",
  "data": {
    "chunk": {
      "lc": 1,
      "type": "constructor",
      "id": [
        "langchain_core",
        "messages",
        "AIMessageChunk"
      ],
      "kwargs": {
        "content": " ara",
        "tool_call_chunks": [],
        "additional_kwargs": {},
        "id": "chatcmpl-D6IlFIkpT9G0xNDXca6Z7X5qNhujn",
        "response_metadata": {
          "model_provider": "openai",
          "usage": {}
        },
        "tool_calls": [],
        "invalid_tool_calls": []
      }
    }
  },
  "run_id": "019c33bb-8fcb-7ee3-8896-9b788da75bae",
  "name": "ChatOpenAI",
  "tags": [],
  "metadata": {
    "thread_id": "test-session-1770394448994",
    "langgraph_step": 10,
    "langgraph_node": "subscription_retention",
    "langgraph_triggers": [
      "branch:to:subscription_retention"
    ],
    "langgraph_path": [
      "__pregel_pull",
      "subscription_retention"
    ],
    "langgraph_checkpoint_ns": "subscription_retention:92fbaacd-e648-59d9-80e9-def1d123ce07",
    "__pregel_task_id": "92fbaacd-e648-59d9-80e9-def1d123ce07",
    "checkpoint_ns": "subscription_retention:92fbaacd-e648-59d9-80e9-def1d123ce07",
    "ls_provider": "openai",
    "ls_model_name": "gpt-4o",
    "ls_model_type": "chat",
    "ls_temperature": 0.2
  }
}
{
  "event": "on_chat_model_stream",
  "data": {
    "chunk": {
      "lc": 1,
      "type": "constructor",
      "id": [
        "langchain_core",
        "messages",
        "AIMessageChunk"
      ],
      "kwargs": {
        "content": " verm",
        "tool_call_chunks": [],
        "additional_kwargs": {},
        "id": "chatcmpl-D6IlFIkpT9G0xNDXca6Z7X5qNhujn",
        "response_metadata": {
          "model_provider": "openai",
          "usage": {}
        },
        "tool_calls": [],
        "invalid_tool_calls": []
      }
    }
  },
  "run_id": "019c33bb-8fcb-7ee3-8896-9b788da75bae",
  "name": "ChatOpenAI",
  "tags": [],
  "metadata": {
    "thread_id": "test-session-1770394448994",
    "langgraph_step": 10,
    "langgraph_node": "subscription_retention",
    "langgraph_triggers": [
      "branch:to:subscription_retention"
    ],
    "langgraph_path": [
      "__pregel_pull",
      "subscription_retention"
    ],
    "langgraph_checkpoint_ns": "subscription_retention:92fbaacd-e648-59d9-80e9-def1d123ce07",
    "__pregel_task_id": "92fbaacd-e648-59d9-80e9-def1d123ce07",
    "checkpoint_ns": "subscription_retention:92fbaacd-e648-59d9-80e9-def1d123ce07",
    "ls_provider": "openai",
    "ls_model_name": "gpt-4o",
    "ls_model_type": "chat",
    "ls_temperature": 0.2
  }
}
{
  "event": "on_chat_model_stream",
  "data": {
    "chunk": {
      "lc": 1,
      "type": "constructor",
      "id": [
        "langchain_core",
        "messages",
        "AIMessageChunk"
      ],
      "kwargs": {
        "content": "ek",
        "tool_call_chunks": [],
        "additional_kwargs": {},
        "id": "chatcmpl-D6IlFIkpT9G0xNDXca6Z7X5qNhujn",
        "response_metadata": {
          "model_provider": "openai",
          "usage": {}
        },
        "tool_calls": [],
        "invalid_tool_calls": []
      }
    }
  },
  "run_id": "019c33bb-8fcb-7ee3-8896-9b788da75bae",
  "name": "ChatOpenAI",
  "tags": [],
  "metadata": {
    "thread_id": "test-session-1770394448994",
    "langgraph_step": 10,
    "langgraph_node": "subscription_retention",
    "langgraph_triggers": [
      "branch:to:subscription_retention"
    ],
    "langgraph_path": [
      "__pregel_pull",
      "subscription_retention"
    ],
    "langgraph_checkpoint_ns": "subscription_retention:92fbaacd-e648-59d9-80e9-def1d123ce07",
    "__pregel_task_id": "92fbaacd-e648-59d9-80e9-def1d123ce07",
    "checkpoint_ns": "subscription_retention:92fbaacd-e648-59d9-80e9-def1d123ce07",
    "ls_provider": "openai",
    "ls_model_name": "gpt-4o",
    "ls_model_type": "chat",
    "ls_temperature": 0.2
  }
}
{
  "event": "on_chat_model_stream",
  "data": {
    "chunk": {
      "lc": 1,
      "type": "constructor",
      "id": [
        "langchain_core",
        "messages",
        "AIMessageChunk"
      ],
      "kwargs": {
        "content": " is",
        "tool_call_chunks": [],
        "additional_kwargs": {},
        "id": "chatcmpl-D6IlFIkpT9G0xNDXca6Z7X5qNhujn",
        "response_metadata": {
          "model_provider": "openai",
          "usage": {}
        },
        "tool_calls": [],
        "invalid_tool_calls": []
      }
    }
  },
  "run_id": "019c33bb-8fcb-7ee3-8896-9b788da75bae",
  "name": "ChatOpenAI",
  "tags": [],
  "metadata": {
    "thread_id": "test-session-1770394448994",
    "langgraph_step": 10,
    "langgraph_node": "subscription_retention",
    "langgraph_triggers": [
      "branch:to:subscription_retention"
    ],
    "langgraph_path": [
      "__pregel_pull",
      "subscription_retention"
    ],
    "langgraph_checkpoint_ns": "subscription_retention:92fbaacd-e648-59d9-80e9-def1d123ce07",
    "__pregel_task_id": "92fbaacd-e648-59d9-80e9-def1d123ce07",
    "checkpoint_ns": "subscription_retention:92fbaacd-e648-59d9-80e9-def1d123ce07",
    "ls_provider": "openai",
    "ls_model_name": "gpt-4o",
    "ls_model_type": "chat",
    "ls_temperature": 0.2
  }
}
{
  "event": "on_chat_model_stream",
  "data": {
    "chunk": {
      "lc": 1,
      "type": "constructor",
      "id": [
        "langchain_core",
        "messages",
        "AIMessageChunk"
      ],
      "kwargs": {
        "content": "ters",
        "tool_call_chunks": [],
        "additional_kwargs": {},
        "id": "chatcmpl-D6IlFIkpT9G0xNDXca6Z7X5qNhujn",
        "response_metadata": {
          "model_provider": "openai",
          "usage": {}
        },
        "tool_calls": [],
        "invalid_tool_calls": []
      }
    }
  },
  "run_id": "019c33bb-8fcb-7ee3-8896-9b788da75bae",
  "name": "ChatOpenAI",
  "tags": [],
  "metadata": {
    "thread_id": "test-session-1770394448994",
    "langgraph_step": 10,
    "langgraph_node": "subscription_retention",
    "langgraph_triggers": [
      "branch:to:subscription_retention"
    ],
    "langgraph_path": [
      "__pregel_pull",
      "subscription_retention"
    ],
    "langgraph_checkpoint_ns": "subscription_retention:92fbaacd-e648-59d9-80e9-def1d123ce07",
    "__pregel_task_id": "92fbaacd-e648-59d9-80e9-def1d123ce07",
    "checkpoint_ns": "subscription_retention:92fbaacd-e648-59d9-80e9-def1d123ce07",
    "ls_provider": "openai",
    "ls_model_name": "gpt-4o",
    "ls_model_type": "chat",
    "ls_temperature": 0.2
  }
}
{
  "event": "on_chat_model_stream",
  "data": {
    "chunk": {
      "lc": 1,
      "type": "constructor",
      "id": [
        "langchain_core",
        "messages",
        "AIMessageChunk"
      ],
      "kwargs": {
        "content": "en",
        "tool_call_chunks": [],
        "additional_kwargs": {},
        "id": "chatcmpl-D6IlFIkpT9G0xNDXca6Z7X5qNhujn",
        "response_metadata": {
          "model_provider": "openai",
          "usage": {}
        },
        "tool_calls": [],
        "invalid_tool_calls": []
      }
    }
  },
  "run_id": "019c33bb-8fcb-7ee3-8896-9b788da75bae",
  "name": "ChatOpenAI",
  "tags": [],
  "metadata": {
    "thread_id": "test-session-1770394448994",
    "langgraph_step": 10,
    "langgraph_node": "subscription_retention",
    "langgraph_triggers": [
      "branch:to:subscription_retention"
    ],
    "langgraph_path": [
      "__pregel_pull",
      "subscription_retention"
    ],
    "langgraph_checkpoint_ns": "subscription_retention:92fbaacd-e648-59d9-80e9-def1d123ce07",
    "__pregel_task_id": "92fbaacd-e648-59d9-80e9-def1d123ce07",
    "checkpoint_ns": "subscription_retention:92fbaacd-e648-59d9-80e9-def1d123ce07",
    "ls_provider": "openai",
    "ls_model_name": "gpt-4o",
    "ls_model_type": "chat",
    "ls_temperature": 0.2
  }
}
{
  "event": "on_chat_model_stream",
  "data": {
    "chunk": {
      "lc": 1,
      "type": "constructor",
      "id": [
        "langchain_core",
        "messages",
        "AIMessageChunk"
      ],
      "kwargs": {
        "content": "iz",
        "tool_call_chunks": [],
        "additional_kwargs": {},
        "id": "chatcmpl-D6IlFIkpT9G0xNDXca6Z7X5qNhujn",
        "response_metadata": {
          "model_provider": "openai",
          "usage": {}
        },
        "tool_calls": [],
        "invalid_tool_calls": []
      }
    }
  },
  "run_id": "019c33bb-8fcb-7ee3-8896-9b788da75bae",
  "name": "ChatOpenAI",
  "tags": [],
  "metadata": {
    "thread_id": "test-session-1770394448994",
    "langgraph_step": 10,
    "langgraph_node": "subscription_retention",
    "langgraph_triggers": [
      "branch:to:subscription_retention"
    ],
    "langgraph_path": [
      "__pregel_pull",
      "subscription_retention"
    ],
    "langgraph_checkpoint_ns": "subscription_retention:92fbaacd-e648-59d9-80e9-def1d123ce07",
    "__pregel_task_id": "92fbaacd-e648-59d9-80e9-def1d123ce07",
    "checkpoint_ns": "subscription_retention:92fbaacd-e648-59d9-80e9-def1d123ce07",
    "ls_provider": "openai",
    "ls_model_name": "gpt-4o",
    "ls_model_type": "chat",
    "ls_temperature": 0.2
  }
}
{
  "event": "on_chat_model_stream",
  "data": {
    "chunk": {
      "lc": 1,
      "type": "constructor",
      "id": [
        "langchain_core",
        "messages",
        "AIMessageChunk"
      ],
      "kwargs": {
        "content": ",",
        "tool_call_chunks": [],
        "additional_kwargs": {},
        "id": "chatcmpl-D6IlFIkpT9G0xNDXca6Z7X5qNhujn",
        "response_metadata": {
          "model_provider": "openai",
          "usage": {}
        },
        "tool_calls": [],
        "invalid_tool_calls": []
      }
    }
  },
  "run_id": "019c33bb-8fcb-7ee3-8896-9b788da75bae",
  "name": "ChatOpenAI",
  "tags": [],
  "metadata": {
    "thread_id": "test-session-1770394448994",
    "langgraph_step": 10,
    "langgraph_node": "subscription_retention",
    "langgraph_triggers": [
      "branch:to:subscription_retention"
    ],
    "langgraph_path": [
      "__pregel_pull",
      "subscription_retention"
    ],
    "langgraph_checkpoint_ns": "subscription_retention:92fbaacd-e648-59d9-80e9-def1d123ce07",
    "__pregel_task_id": "92fbaacd-e648-59d9-80e9-def1d123ce07",
    "checkpoint_ns": "subscription_retention:92fbaacd-e648-59d9-80e9-def1d123ce07",
    "ls_provider": "openai",
    "ls_model_name": "gpt-4o",
    "ls_model_type": "chat",
    "ls_temperature": 0.2
  }
}
{
  "event": "on_chat_model_stream",
  "data": {
    "chunk": {
      "lc": 1,
      "type": "constructor",
      "id": [
        "langchain_core",
        "messages",
        "AIMessageChunk"
      ],
      "kwargs": {
        "content": " abon",
        "tool_call_chunks": [],
        "additional_kwargs": {},
        "id": "chatcmpl-D6IlFIkpT9G0xNDXca6Z7X5qNhujn",
        "response_metadata": {
          "model_provider": "openai",
          "usage": {}
        },
        "tool_calls": [],
        "invalid_tool_calls": []
      }
    }
  },
  "run_id": "019c33bb-8fcb-7ee3-8896-9b788da75bae",
  "name": "ChatOpenAI",
  "tags": [],
  "metadata": {
    "thread_id": "test-session-1770394448994",
    "langgraph_step": 10,
    "langgraph_node": "subscription_retention",
    "langgraph_triggers": [
      "branch:to:subscription_retention"
    ],
    "langgraph_path": [
      "__pregel_pull",
      "subscription_retention"
    ],
    "langgraph_checkpoint_ns": "subscription_retention:92fbaacd-e648-59d9-80e9-def1d123ce07",
    "__pregel_task_id": "92fbaacd-e648-59d9-80e9-def1d123ce07",
    "checkpoint_ns": "subscription_retention:92fbaacd-e648-59d9-80e9-def1d123ce07",
    "ls_provider": "openai",
    "ls_model_name": "gpt-4o",
    "ls_model_type": "chat",
    "ls_temperature": 0.2
  }
}
{
  "event": "on_chat_model_stream",
  "data": {
    "chunk": {
      "lc": 1,
      "type": "constructor",
      "id": [
        "langchain_core",
        "messages",
        "AIMessageChunk"
      ],
      "kwargs": {
        "content": "eli",
        "tool_call_chunks": [],
        "additional_kwargs": {},
        "id": "chatcmpl-D6IlFIkpT9G0xNDXca6Z7X5qNhujn",
        "response_metadata": {
          "model_provider": "openai",
          "usage": {}
        },
        "tool_calls": [],
        "invalid_tool_calls": []
      }
    }
  },
  "run_id": "019c33bb-8fcb-7ee3-8896-9b788da75bae",
  "name": "ChatOpenAI",
  "tags": [],
  "metadata": {
    "thread_id": "test-session-1770394448994",
    "langgraph_step": 10,
    "langgraph_node": "subscription_retention",
    "langgraph_triggers": [
      "branch:to:subscription_retention"
    ],
    "langgraph_path": [
      "__pregel_pull",
      "subscription_retention"
    ],
    "langgraph_checkpoint_ns": "subscription_retention:92fbaacd-e648-59d9-80e9-def1d123ce07",
    "__pregel_task_id": "92fbaacd-e648-59d9-80e9-def1d123ce07",
    "checkpoint_ns": "subscription_retention:92fbaacd-e648-59d9-80e9-def1d123ce07",
    "ls_provider": "openai",
    "ls_model_name": "gpt-4o",
    "ls_model_type": "chat",
    "ls_temperature": 0.2
  }
}
{
  "event": "on_chat_model_stream",
  "data": {
    "chunk": {
      "lc": 1,
      "type": "constructor",
      "id": [
        "langchain_core",
        "messages",
        "AIMessageChunk"
      ],
      "kwargs": {
        "content": "─şin",
        "tool_call_chunks": [],
        "additional_kwargs": {},
        "id": "chatcmpl-D6IlFIkpT9G0xNDXca6Z7X5qNhujn",
        "response_metadata": {
          "model_provider": "openai",
          "usage": {}
        },
        "tool_calls": [],
        "invalid_tool_calls": []
      }
    }
  },
  "run_id": "019c33bb-8fcb-7ee3-8896-9b788da75bae",
  "name": "ChatOpenAI",
  "tags": [],
  "metadata": {
    "thread_id": "test-session-1770394448994",
    "langgraph_step": 10,
    "langgraph_node": "subscription_retention",
    "langgraph_triggers": [
      "branch:to:subscription_retention"
    ],
    "langgraph_path": [
      "__pregel_pull",
      "subscription_retention"
    ],
    "langgraph_checkpoint_ns": "subscription_retention:92fbaacd-e648-59d9-80e9-def1d123ce07",
    "__pregel_task_id": "92fbaacd-e648-59d9-80e9-def1d123ce07",
    "checkpoint_ns": "subscription_retention:92fbaacd-e648-59d9-80e9-def1d123ce07",
    "ls_provider": "openai",
    "ls_model_name": "gpt-4o",
    "ls_model_type": "chat",
    "ls_temperature": 0.2
  }
}
{
  "event": "on_chat_model_stream",
  "data": {
    "chunk": {
      "lc": 1,
      "type": "constructor",
      "id": [
        "langchain_core",
        "messages",
        "AIMessageChunk"
      ],
      "kwargs": {
        "content": "izi",
        "tool_call_chunks": [],
        "additional_kwargs": {},
        "id": "chatcmpl-D6IlFIkpT9G0xNDXca6Z7X5qNhujn",
        "response_metadata": {
          "model_provider": "openai",
          "usage": {}
        },
        "tool_calls": [],
        "invalid_tool_calls": []
      }
    }
  },
  "run_id": "019c33bb-8fcb-7ee3-8896-9b788da75bae",
  "name": "ChatOpenAI",
  "tags": [],
  "metadata": {
    "thread_id": "test-session-1770394448994",
    "langgraph_step": 10,
    "langgraph_node": "subscription_retention",
    "langgraph_triggers": [
      "branch:to:subscription_retention"
    ],
    "langgraph_path": [
      "__pregel_pull",
      "subscription_retention"
    ],
    "langgraph_checkpoint_ns": "subscription_retention:92fbaacd-e648-59d9-80e9-def1d123ce07",
    "__pregel_task_id": "92fbaacd-e648-59d9-80e9-def1d123ce07",
    "checkpoint_ns": "subscription_retention:92fbaacd-e648-59d9-80e9-def1d123ce07",
    "ls_provider": "openai",
    "ls_model_name": "gpt-4o",
    "ls_model_type": "chat",
    "ls_temperature": 0.2
  }
}
{
  "event": "on_chat_model_stream",
  "data": {
    "chunk": {
      "lc": 1,
      "type": "constructor",
      "id": [
        "langchain_core",
        "messages",
        "AIMessageChunk"
      ],
      "kwargs": {
        "content": " belir",
        "tool_call_chunks": [],
        "additional_kwargs": {},
        "id": "chatcmpl-D6IlFIkpT9G0xNDXca6Z7X5qNhujn",
        "response_metadata": {
          "model_provider": "openai",
          "usage": {}
        },
        "tool_calls": [],
        "invalid_tool_calls": []
      }
    }
  },
  "run_id": "019c33bb-8fcb-7ee3-8896-9b788da75bae",
  "name": "ChatOpenAI",
  "tags": [],
  "metadata": {
    "thread_id": "test-session-1770394448994",
    "langgraph_step": 10,
    "langgraph_node": "subscription_retention",
    "langgraph_triggers": [
      "branch:to:subscription_retention"
    ],
    "langgraph_path": [
      "__pregel_pull",
      "subscription_retention"
    ],
    "langgraph_checkpoint_ns": "subscription_retention:92fbaacd-e648-59d9-80e9-def1d123ce07",
    "__pregel_task_id": "92fbaacd-e648-59d9-80e9-def1d123ce07",
    "checkpoint_ns": "subscription_retention:92fbaacd-e648-59d9-80e9-def1d123ce07",
    "ls_provider": "openai",
    "ls_model_name": "gpt-4o",
    "ls_model_type": "chat",
    "ls_temperature": 0.2
  }
}
{
  "event": "on_chat_model_stream",
  "data": {
    "chunk": {
      "lc": 1,
      "type": "constructor",
      "id": [
        "langchain_core",
        "messages",
        "AIMessageChunk"
      ],
      "kwargs": {
        "content": "li",
        "tool_call_chunks": [],
        "additional_kwargs": {},
        "id": "chatcmpl-D6IlFIkpT9G0xNDXca6Z7X5qNhujn",
        "response_metadata": {
          "model_provider": "openai",
          "usage": {}
        },
        "tool_calls": [],
        "invalid_tool_calls": []
      }
    }
  },
  "run_id": "019c33bb-8fcb-7ee3-8896-9b788da75bae",
  "name": "ChatOpenAI",
  "tags": [],
  "metadata": {
    "thread_id": "test-session-1770394448994",
    "langgraph_step": 10,
    "langgraph_node": "subscription_retention",
    "langgraph_triggers": [
      "branch:to:subscription_retention"
    ],
    "langgraph_path": [
      "__pregel_pull",
      "subscription_retention"
    ],
    "langgraph_checkpoint_ns": "subscription_retention:92fbaacd-e648-59d9-80e9-def1d123ce07",
    "__pregel_task_id": "92fbaacd-e648-59d9-80e9-def1d123ce07",
    "checkpoint_ns": "subscription_retention:92fbaacd-e648-59d9-80e9-def1d123ce07",
    "ls_provider": "openai",
    "ls_model_name": "gpt-4o",
    "ls_model_type": "chat",
    "ls_temperature": 0.2
  }
}
{
  "event": "on_chat_model_stream",
  "data": {
    "chunk": {
      "lc": 1,
      "type": "constructor",
      "id": [
        "langchain_core",
        "messages",
        "AIMessageChunk"
      ],
      "kwargs": {
        "content": " bir",
        "tool_call_chunks": [],
        "additional_kwargs": {},
        "id": "chatcmpl-D6IlFIkpT9G0xNDXca6Z7X5qNhujn",
        "response_metadata": {
          "model_provider": "openai",
          "usage": {}
        },
        "tool_calls": [],
        "invalid_tool_calls": []
      }
    }
  },
  "run_id": "019c33bb-8fcb-7ee3-8896-9b788da75bae",
  "name": "ChatOpenAI",
  "tags": [],
  "metadata": {
    "thread_id": "test-session-1770394448994",
    "langgraph_step": 10,
    "langgraph_node": "subscription_retention",
    "langgraph_triggers": [
      "branch:to:subscription_retention"
    ],
    "langgraph_path": [
      "__pregel_pull",
      "subscription_retention"
    ],
    "langgraph_checkpoint_ns": "subscription_retention:92fbaacd-e648-59d9-80e9-def1d123ce07",
    "__pregel_task_id": "92fbaacd-e648-59d9-80e9-def1d123ce07",
    "checkpoint_ns": "subscription_retention:92fbaacd-e648-59d9-80e9-def1d123ce07",
    "ls_provider": "openai",
    "ls_model_name": "gpt-4o",
    "ls_model_type": "chat",
    "ls_temperature": 0.2
  }
}
{
  "event": "on_chat_model_stream",
  "data": {
    "chunk": {
      "lc": 1,
      "type": "constructor",
      "id": [
        "langchain_core",
        "messages",
        "AIMessageChunk"
      ],
      "kwargs": {
        "content": " s├╝re",
        "tool_call_chunks": [],
        "additional_kwargs": {},
        "id": "chatcmpl-D6IlFIkpT9G0xNDXca6Z7X5qNhujn",
        "response_metadata": {
          "model_provider": "openai",
          "usage": {}
        },
        "tool_calls": [],
        "invalid_tool_calls": []
      }
    }
  },
  "run_id": "019c33bb-8fcb-7ee3-8896-9b788da75bae",
  "name": "ChatOpenAI",
  "tags": [],
  "metadata": {
    "thread_id": "test-session-1770394448994",
    "langgraph_step": 10,
    "langgraph_node": "subscription_retention",
    "langgraph_triggers": [
      "branch:to:subscription_retention"
    ],
    "langgraph_path": [
      "__pregel_pull",
      "subscription_retention"
    ],
    "langgraph_checkpoint_ns": "subscription_retention:92fbaacd-e648-59d9-80e9-def1d123ce07",
    "__pregel_task_id": "92fbaacd-e648-59d9-80e9-def1d123ce07",
    "checkpoint_ns": "subscription_retention:92fbaacd-e648-59d9-80e9-def1d123ce07",
    "ls_provider": "openai",
    "ls_model_name": "gpt-4o",
    "ls_model_type": "chat",
    "ls_temperature": 0.2
  }
}
{
  "event": "on_chat_model_stream",
  "data": {
    "chunk": {
      "lc": 1,
      "type": "constructor",
      "id": [
        "langchain_core",
        "messages",
        "AIMessageChunk"
      ],
      "kwargs": {
        "content": " i├ğin",
        "tool_call_chunks": [],
        "additional_kwargs": {},
        "id": "chatcmpl-D6IlFIkpT9G0xNDXca6Z7X5qNhujn",
        "response_metadata": {
          "model_provider": "openai",
          "usage": {}
        },
        "tool_calls": [],
        "invalid_tool_calls": []
      }
    }
  },
  "run_id": "019c33bb-8fcb-7ee3-8896-9b788da75bae",
  "name": "ChatOpenAI",
  "tags": [],
  "metadata": {
    "thread_id": "test-session-1770394448994",
    "langgraph_step": 10,
    "langgraph_node": "subscription_retention",
    "langgraph_triggers": [
      "branch:to:subscription_retention"
    ],
    "langgraph_path": [
      "__pregel_pull",
      "subscription_retention"
    ],
    "langgraph_checkpoint_ns": "subscription_retention:92fbaacd-e648-59d9-80e9-def1d123ce07",
    "__pregel_task_id": "92fbaacd-e648-59d9-80e9-def1d123ce07",
    "checkpoint_ns": "subscription_retention:92fbaacd-e648-59d9-80e9-def1d123ce07",
    "ls_provider": "openai",
    "ls_model_name": "gpt-4o",
    "ls_model_type": "chat",
    "ls_temperature": 0.2
  }
}
{
  "event": "on_chat_model_stream",
  "data": {
    "chunk": {
      "lc": 1,
      "type": "constructor",
      "id": [
        "langchain_core",
        "messages",
        "AIMessageChunk"
      ],
      "kwargs": {
        "content": " dur",
        "tool_call_chunks": [],
        "additional_kwargs": {},
        "id": "chatcmpl-D6IlFIkpT9G0xNDXca6Z7X5qNhujn",
        "response_metadata": {
          "model_provider": "openai",
          "usage": {}
        },
        "tool_calls": [],
        "invalid_tool_calls": []
      }
    }
  },
  "run_id": "019c33bb-8fcb-7ee3-8896-9b788da75bae",
  "name": "ChatOpenAI",
  "tags": [],
  "metadata": {
    "thread_id": "test-session-1770394448994",
    "langgraph_step": 10,
    "langgraph_node": "subscription_retention",
    "langgraph_triggers": [
      "branch:to:subscription_retention"
    ],
    "langgraph_path": [
      "__pregel_pull",
      "subscription_retention"
    ],
    "langgraph_checkpoint_ns": "subscription_retention:92fbaacd-e648-59d9-80e9-def1d123ce07",
    "__pregel_task_id": "92fbaacd-e648-59d9-80e9-def1d123ce07",
    "checkpoint_ns": "subscription_retention:92fbaacd-e648-59d9-80e9-def1d123ce07",
    "ls_provider": "openai",
    "ls_model_name": "gpt-4o",
    "ls_model_type": "chat",
    "ls_temperature": 0.2
  }
}
{
  "event": "on_chat_model_stream",
  "data": {
    "chunk": {
      "lc": 1,
      "type": "constructor",
      "id": [
        "langchain_core",
        "messages",
        "AIMessageChunk"
      ],
      "kwargs": {
        "content": "ak",
        "tool_call_chunks": [],
        "additional_kwargs": {},
        "id": "chatcmpl-D6IlFIkpT9G0xNDXca6Z7X5qNhujn",
        "response_metadata": {
          "model_provider": "openai",
          "usage": {}
        },
        "tool_calls": [],
        "invalid_tool_calls": []
      }
    }
  },
  "run_id": "019c33bb-8fcb-7ee3-8896-9b788da75bae",
  "name": "ChatOpenAI",
  "tags": [],
  "metadata": {
    "thread_id": "test-session-1770394448994",
    "langgraph_step": 10,
    "langgraph_node": "subscription_retention",
    "langgraph_triggers": [
      "branch:to:subscription_retention"
    ],
    "langgraph_path": [
      "__pregel_pull",
      "subscription_retention"
    ],
    "langgraph_checkpoint_ns": "subscription_retention:92fbaacd-e648-59d9-80e9-def1d123ce07",
    "__pregel_task_id": "92fbaacd-e648-59d9-80e9-def1d123ce07",
    "checkpoint_ns": "subscription_retention:92fbaacd-e648-59d9-80e9-def1d123ce07",
    "ls_provider": "openai",
    "ls_model_name": "gpt-4o",
    "ls_model_type": "chat",
    "ls_temperature": 0.2
  }
}
{
  "event": "on_chat_model_stream",
  "data": {
    "chunk": {
      "lc": 1,
      "type": "constructor",
      "id": [
        "langchain_core",
        "messages",
        "AIMessageChunk"
      ],
      "kwargs": {
        "content": "lat",
        "tool_call_chunks": [],
        "additional_kwargs": {},
        "id": "chatcmpl-D6IlFIkpT9G0xNDXca6Z7X5qNhujn",
        "response_metadata": {
          "model_provider": "openai",
          "usage": {}
        },
        "tool_calls": [],
        "invalid_tool_calls": []
      }
    }
  },
  "run_id": "019c33bb-8fcb-7ee3-8896-9b788da75bae",
  "name": "ChatOpenAI",
  "tags": [],
  "metadata": {
    "thread_id": "test-session-1770394448994",
    "langgraph_step": 10,
    "langgraph_node": "subscription_retention",
    "langgraph_triggers": [
      "branch:to:subscription_retention"
    ],
    "langgraph_path": [
      "__pregel_pull",
      "subscription_retention"
    ],
    "langgraph_checkpoint_ns": "subscription_retention:92fbaacd-e648-59d9-80e9-def1d123ce07",
    "__pregel_task_id": "92fbaacd-e648-59d9-80e9-def1d123ce07",
    "checkpoint_ns": "subscription_retention:92fbaacd-e648-59d9-80e9-def1d123ce07",
    "ls_provider": "openai",
    "ls_model_name": "gpt-4o",
    "ls_model_type": "chat",
    "ls_temperature": 0.2
  }
}
{
  "event": "on_chat_model_stream",
  "data": {
    "chunk": {
      "lc": 1,
      "type": "constructor",
      "id": [
        "langchain_core",
        "messages",
        "AIMessageChunk"
      ],
      "kwargs": {
        "content": "abilir",
        "tool_call_chunks": [],
        "additional_kwargs": {},
        "id": "chatcmpl-D6IlFIkpT9G0xNDXca6Z7X5qNhujn",
        "response_metadata": {
          "model_provider": "openai",
          "usage": {}
        },
        "tool_calls": [],
        "invalid_tool_calls": []
      }
    }
  },
  "run_id": "019c33bb-8fcb-7ee3-8896-9b788da75bae",
  "name": "ChatOpenAI",
  "tags": [],
  "metadata": {
    "thread_id": "test-session-1770394448994",
    "langgraph_step": 10,
    "langgraph_node": "subscription_retention",
    "langgraph_triggers": [
      "branch:to:subscription_retention"
    ],
    "langgraph_path": [
      "__pregel_pull",
      "subscription_retention"
    ],
    "langgraph_checkpoint_ns": "subscription_retention:92fbaacd-e648-59d9-80e9-def1d123ce07",
    "__pregel_task_id": "92fbaacd-e648-59d9-80e9-def1d123ce07",
    "checkpoint_ns": "subscription_retention:92fbaacd-e648-59d9-80e9-def1d123ce07",
    "ls_provider": "openai",
    "ls_model_name": "gpt-4o",
    "ls_model_type": "chat",
    "ls_temperature": 0.2
  }
}
{
  "event": "on_chat_model_stream",
  "data": {
    "chunk": {
      "lc": 1,
      "type": "constructor",
      "id": [
        "langchain_core",
        "messages",
        "AIMessageChunk"
      ],
      "kwargs": {
        "content": "iz",
        "tool_call_chunks": [],
        "additional_kwargs": {},
        "id": "chatcmpl-D6IlFIkpT9G0xNDXca6Z7X5qNhujn",
        "response_metadata": {
          "model_provider": "openai",
          "usage": {}
        },
        "tool_calls": [],
        "invalid_tool_calls": []
      }
    }
  },
  "run_id": "019c33bb-8fcb-7ee3-8896-9b788da75bae",
  "name": "ChatOpenAI",
  "tags": [],
  "metadata": {
    "thread_id": "test-session-1770394448994",
    "langgraph_step": 10,
    "langgraph_node": "subscription_retention",
    "langgraph_triggers": [
      "branch:to:subscription_retention"
    ],
    "langgraph_path": [
      "__pregel_pull",
      "subscription_retention"
    ],
    "langgraph_checkpoint_ns": "subscription_retention:92fbaacd-e648-59d9-80e9-def1d123ce07",
    "__pregel_task_id": "92fbaacd-e648-59d9-80e9-def1d123ce07",
    "checkpoint_ns": "subscription_retention:92fbaacd-e648-59d9-80e9-def1d123ce07",
    "ls_provider": "openai",
    "ls_model_name": "gpt-4o",
    "ls_model_type": "chat",
    "ls_temperature": 0.2
  }
}
{
  "event": "on_chat_model_stream",
  "data": {
    "chunk": {
      "lc": 1,
      "type": "constructor",
      "id": [
        "langchain_core",
        "messages",
        "AIMessageChunk"
      ],
      "kwargs": {
        "content": ".\n",
        "tool_call_chunks": [],
        "additional_kwargs": {},
        "id": "chatcmpl-D6IlFIkpT9G0xNDXca6Z7X5qNhujn",
        "response_metadata": {
          "model_provider": "openai",
          "usage": {}
        },
        "tool_calls": [],
        "invalid_tool_calls": []
      }
    }
  },
  "run_id": "019c33bb-8fcb-7ee3-8896-9b788da75bae",
  "name": "ChatOpenAI",
  "tags": [],
  "metadata": {
    "thread_id": "test-session-1770394448994",
    "langgraph_step": 10,
    "langgraph_node": "subscription_retention",
    "langgraph_triggers": [
      "branch:to:subscription_retention"
    ],
    "langgraph_path": [
      "__pregel_pull",
      "subscription_retention"
    ],
    "langgraph_checkpoint_ns": "subscription_retention:92fbaacd-e648-59d9-80e9-def1d123ce07",
    "__pregel_task_id": "92fbaacd-e648-59d9-80e9-def1d123ce07",
    "checkpoint_ns": "subscription_retention:92fbaacd-e648-59d9-80e9-def1d123ce07",
    "ls_provider": "openai",
    "ls_model_name": "gpt-4o",
    "ls_model_type": "chat",
    "ls_temperature": 0.2
  }
}
{
  "event": "on_chat_model_stream",
  "data": {
    "chunk": {
      "lc": 1,
      "type": "constructor",
      "id": [
        "langchain_core",
        "messages",
        "AIMessageChunk"
      ],
      "kwargs": {
        "content": "3",
        "tool_call_chunks": [],
        "additional_kwargs": {},
        "id": "chatcmpl-D6IlFIkpT9G0xNDXca6Z7X5qNhujn",
        "response_metadata": {
          "model_provider": "openai",
          "usage": {}
        },
        "tool_calls": [],
        "invalid_tool_calls": []
      }
    }
  },
  "run_id": "019c33bb-8fcb-7ee3-8896-9b788da75bae",
  "name": "ChatOpenAI",
  "tags": [],
  "metadata": {
    "thread_id": "test-session-1770394448994",
    "langgraph_step": 10,
    "langgraph_node": "subscription_retention",
    "langgraph_triggers": [
      "branch:to:subscription_retention"
    ],
    "langgraph_path": [
      "__pregel_pull",
      "subscription_retention"
    ],
    "langgraph_checkpoint_ns": "subscription_retention:92fbaacd-e648-59d9-80e9-def1d123ce07",
    "__pregel_task_id": "92fbaacd-e648-59d9-80e9-def1d123ce07",
    "checkpoint_ns": "subscription_retention:92fbaacd-e648-59d9-80e9-def1d123ce07",
    "ls_provider": "openai",
    "ls_model_name": "gpt-4o",
    "ls_model_type": "chat",
    "ls_temperature": 0.2
  }
}
{
  "event": "on_chat_model_stream",
  "data": {
    "chunk": {
      "lc": 1,
      "type": "constructor",
      "id": [
        "langchain_core",
        "messages",
        "AIMessageChunk"
      ],
      "kwargs": {
        "content": ".",
        "tool_call_chunks": [],
        "additional_kwargs": {},
        "id": "chatcmpl-D6IlFIkpT9G0xNDXca6Z7X5qNhujn",
        "response_metadata": {
          "model_provider": "openai",
          "usage": {}
        },
        "tool_calls": [],
        "invalid_tool_calls": []
      }
    }
  },
  "run_id": "019c33bb-8fcb-7ee3-8896-9b788da75bae",
  "name": "ChatOpenAI",
  "tags": [],
  "metadata": {
    "thread_id": "test-session-1770394448994",
    "langgraph_step": 10,
    "langgraph_node": "subscription_retention",
    "langgraph_triggers": [
      "branch:to:subscription_retention"
    ],
    "langgraph_path": [
      "__pregel_pull",
      "subscription_retention"
    ],
    "langgraph_checkpoint_ns": "subscription_retention:92fbaacd-e648-59d9-80e9-def1d123ce07",
    "__pregel_task_id": "92fbaacd-e648-59d9-80e9-def1d123ce07",
    "checkpoint_ns": "subscription_retention:92fbaacd-e648-59d9-80e9-def1d123ce07",
    "ls_provider": "openai",
    "ls_model_name": "gpt-4o",
    "ls_model_type": "chat",
    "ls_temperature": 0.2
  }
}
{
  "event": "on_chat_model_stream",
  "data": {
    "chunk": {
      "lc": 1,
      "type": "constructor",
      "id": [
        "langchain_core",
        "messages",
        "AIMessageChunk"
      ],
      "kwargs": {
        "content": " E─şer",
        "tool_call_chunks": [],
        "additional_kwargs": {},
        "id": "chatcmpl-D6IlFIkpT9G0xNDXca6Z7X5qNhujn",
        "response_metadata": {
          "model_provider": "openai",
          "usage": {}
        },
        "tool_calls": [],
        "invalid_tool_calls": []
      }
    }
  },
  "run_id": "019c33bb-8fcb-7ee3-8896-9b788da75bae",
  "name": "ChatOpenAI",
  "tags": [],
  "metadata": {
    "thread_id": "test-session-1770394448994",
    "langgraph_step": 10,
    "langgraph_node": "subscription_retention",
    "langgraph_triggers": [
      "branch:to:subscription_retention"
    ],
    "langgraph_path": [
      "__pregel_pull",
      "subscription_retention"
    ],
    "langgraph_checkpoint_ns": "subscription_retention:92fbaacd-e648-59d9-80e9-def1d123ce07",
    "__pregel_task_id": "92fbaacd-e648-59d9-80e9-def1d123ce07",
    "checkpoint_ns": "subscription_retention:92fbaacd-e648-59d9-80e9-def1d123ce07",
    "ls_provider": "openai",
    "ls_model_name": "gpt-4o",
    "ls_model_type": "chat",
    "ls_temperature": 0.2
  }
}
{
  "event": "on_chat_model_stream",
  "data": {
    "chunk": {
      "lc": 1,
      "type": "constructor",
      "id": [
        "langchain_core",
        "messages",
        "AIMessageChunk"
      ],
      "kwargs": {
        "content": " hala",
        "tool_call_chunks": [],
        "additional_kwargs": {},
        "id": "chatcmpl-D6IlFIkpT9G0xNDXca6Z7X5qNhujn",
        "response_metadata": {
          "model_provider": "openai",
          "usage": {}
        },
        "tool_calls": [],
        "invalid_tool_calls": []
      }
    }
  },
  "run_id": "019c33bb-8fcb-7ee3-8896-9b788da75bae",
  "name": "ChatOpenAI",
  "tags": [],
  "metadata": {
    "thread_id": "test-session-1770394448994",
    "langgraph_step": 10,
    "langgraph_node": "subscription_retention",
    "langgraph_triggers": [
      "branch:to:subscription_retention"
    ],
    "langgraph_path": [
      "__pregel_pull",
      "subscription_retention"
    ],
    "langgraph_checkpoint_ns": "subscription_retention:92fbaacd-e648-59d9-80e9-def1d123ce07",
    "__pregel_task_id": "92fbaacd-e648-59d9-80e9-def1d123ce07",
    "checkpoint_ns": "subscription_retention:92fbaacd-e648-59d9-80e9-def1d123ce07",
    "ls_provider": "openai",
    "ls_model_name": "gpt-4o",
    "ls_model_type": "chat",
    "ls_temperature": 0.2
  }
}
{
  "event": "on_chat_model_stream",
  "data": {
    "chunk": {
      "lc": 1,
      "type": "constructor",
      "id": [
        "langchain_core",
        "messages",
        "AIMessageChunk"
      ],
      "kwargs": {
        "content": " ip",
        "tool_call_chunks": [],
        "additional_kwargs": {},
        "id": "chatcmpl-D6IlFIkpT9G0xNDXca6Z7X5qNhujn",
        "response_metadata": {
          "model_provider": "openai",
          "usage": {}
        },
        "tool_calls": [],
        "invalid_tool_calls": []
      }
    }
  },
  "run_id": "019c33bb-8fcb-7ee3-8896-9b788da75bae",
  "name": "ChatOpenAI",
  "tags": [],
  "metadata": {
    "thread_id": "test-session-1770394448994",
    "langgraph_step": 10,
    "langgraph_node": "subscription_retention",
    "langgraph_triggers": [
      "branch:to:subscription_retention"
    ],
    "langgraph_path": [
      "__pregel_pull",
      "subscription_retention"
    ],
    "langgraph_checkpoint_ns": "subscription_retention:92fbaacd-e648-59d9-80e9-def1d123ce07",
    "__pregel_task_id": "92fbaacd-e648-59d9-80e9-def1d123ce07",
    "checkpoint_ns": "subscription_retention:92fbaacd-e648-59d9-80e9-def1d123ce07",
    "ls_provider": "openai",
    "ls_model_name": "gpt-4o",
    "ls_model_type": "chat",
    "ls_temperature": 0.2
  }
}
{
  "event": "on_chat_model_stream",
  "data": {
    "chunk": {
      "lc": 1,
      "type": "constructor",
      "id": [
        "langchain_core",
        "messages",
        "AIMessageChunk"
      ],
      "kwargs": {
        "content": "tal",
        "tool_call_chunks": [],
        "additional_kwargs": {},
        "id": "chatcmpl-D6IlFIkpT9G0xNDXca6Z7X5qNhujn",
        "response_metadata": {
          "model_provider": "openai",
          "usage": {}
        },
        "tool_calls": [],
        "invalid_tool_calls": []
      }
    }
  },
  "run_id": "019c33bb-8fcb-7ee3-8896-9b788da75bae",
  "name": "ChatOpenAI",
  "tags": [],
  "metadata": {
    "thread_id": "test-session-1770394448994",
    "langgraph_step": 10,
    "langgraph_node": "subscription_retention",
    "langgraph_triggers": [
      "branch:to:subscription_retention"
    ],
    "langgraph_path": [
      "__pregel_pull",
      "subscription_retention"
    ],
    "langgraph_checkpoint_ns": "subscription_retention:92fbaacd-e648-59d9-80e9-def1d123ce07",
    "__pregel_task_id": "92fbaacd-e648-59d9-80e9-def1d123ce07",
    "checkpoint_ns": "subscription_retention:92fbaacd-e648-59d9-80e9-def1d123ce07",
    "ls_provider": "openai",
    "ls_model_name": "gpt-4o",
    "ls_model_type": "chat",
    "ls_temperature": 0.2
  }
}
{
  "event": "on_chat_model_stream",
  "data": {
    "chunk": {
      "lc": 1,
      "type": "constructor",
      "id": [
        "langchain_core",
        "messages",
        "AIMessageChunk"
      ],
      "kwargs": {
        "content": " etmek",
        "tool_call_chunks": [],
        "additional_kwargs": {},
        "id": "chatcmpl-D6IlFIkpT9G0xNDXca6Z7X5qNhujn",
        "response_metadata": {
          "model_provider": "openai",
          "usage": {}
        },
        "tool_calls": [],
        "invalid_tool_calls": []
      }
    }
  },
  "run_id": "019c33bb-8fcb-7ee3-8896-9b788da75bae",
  "name": "ChatOpenAI",
  "tags": [],
  "metadata": {
    "thread_id": "test-session-1770394448994",
    "langgraph_step": 10,
    "langgraph_node": "subscription_retention",
    "langgraph_triggers": [
      "branch:to:subscription_retention"
    ],
    "langgraph_path": [
      "__pregel_pull",
      "subscription_retention"
    ],
    "langgraph_checkpoint_ns": "subscription_retention:92fbaacd-e648-59d9-80e9-def1d123ce07",
    "__pregel_task_id": "92fbaacd-e648-59d9-80e9-def1d123ce07",
    "checkpoint_ns": "subscription_retention:92fbaacd-e648-59d9-80e9-def1d123ce07",
    "ls_provider": "openai",
    "ls_model_name": "gpt-4o",
    "ls_model_type": "chat",
    "ls_temperature": 0.2
  }
}
{
  "event": "on_chat_model_stream",
  "data": {
    "chunk": {
      "lc": 1,
      "type": "constructor",
      "id": [
        "langchain_core",
        "messages",
        "AIMessageChunk"
      ],
      "kwargs": {
        "content": " is",
        "tool_call_chunks": [],
        "additional_kwargs": {},
        "id": "chatcmpl-D6IlFIkpT9G0xNDXca6Z7X5qNhujn",
        "response_metadata": {
          "model_provider": "openai",
          "usage": {}
        },
        "tool_calls": [],
        "invalid_tool_calls": []
      }
    }
  },
  "run_id": "019c33bb-8fcb-7ee3-8896-9b788da75bae",
  "name": "ChatOpenAI",
  "tags": [],
  "metadata": {
    "thread_id": "test-session-1770394448994",
    "langgraph_step": 10,
    "langgraph_node": "subscription_retention",
    "langgraph_triggers": [
      "branch:to:subscription_retention"
    ],
    "langgraph_path": [
      "__pregel_pull",
      "subscription_retention"
    ],
    "langgraph_checkpoint_ns": "subscription_retention:92fbaacd-e648-59d9-80e9-def1d123ce07",
    "__pregel_task_id": "92fbaacd-e648-59d9-80e9-def1d123ce07",
    "checkpoint_ns": "subscription_retention:92fbaacd-e648-59d9-80e9-def1d123ce07",
    "ls_provider": "openai",
    "ls_model_name": "gpt-4o",
    "ls_model_type": "chat",
    "ls_temperature": 0.2
  }
}
{
  "event": "on_chat_model_stream",
  "data": {
    "chunk": {
      "lc": 1,
      "type": "constructor",
      "id": [
        "langchain_core",
        "messages",
        "AIMessageChunk"
      ],
      "kwargs": {
        "content": "ters",
        "tool_call_chunks": [],
        "additional_kwargs": {},
        "id": "chatcmpl-D6IlFIkpT9G0xNDXca6Z7X5qNhujn",
        "response_metadata": {
          "model_provider": "openai",
          "usage": {}
        },
        "tool_calls": [],
        "invalid_tool_calls": []
      }
    }
  },
  "run_id": "019c33bb-8fcb-7ee3-8896-9b788da75bae",
  "name": "ChatOpenAI",
  "tags": [],
  "metadata": {
    "thread_id": "test-session-1770394448994",
    "langgraph_step": 10,
    "langgraph_node": "subscription_retention",
    "langgraph_triggers": [
      "branch:to:subscription_retention"
    ],
    "langgraph_path": [
      "__pregel_pull",
      "subscription_retention"
    ],
    "langgraph_checkpoint_ns": "subscription_retention:92fbaacd-e648-59d9-80e9-def1d123ce07",
    "__pregel_task_id": "92fbaacd-e648-59d9-80e9-def1d123ce07",
    "checkpoint_ns": "subscription_retention:92fbaacd-e648-59d9-80e9-def1d123ce07",
    "ls_provider": "openai",
    "ls_model_name": "gpt-4o",
    "ls_model_type": "chat",
    "ls_temperature": 0.2
  }
}
{
  "event": "on_chat_model_stream",
  "data": {
    "chunk": {
      "lc": 1,
      "type": "constructor",
      "id": [
        "langchain_core",
        "messages",
        "AIMessageChunk"
      ],
      "kwargs": {
        "content": "en",
        "tool_call_chunks": [],
        "additional_kwargs": {},
        "id": "chatcmpl-D6IlFIkpT9G0xNDXca6Z7X5qNhujn",
        "response_metadata": {
          "model_provider": "openai",
          "usage": {}
        },
        "tool_calls": [],
        "invalid_tool_calls": []
      }
    }
  },
  "run_id": "019c33bb-8fcb-7ee3-8896-9b788da75bae",
  "name": "ChatOpenAI",
  "tags": [],
  "metadata": {
    "thread_id": "test-session-1770394448994",
    "langgraph_step": 10,
    "langgraph_node": "subscription_retention",
    "langgraph_triggers": [
      "branch:to:subscription_retention"
    ],
    "langgraph_path": [
      "__pregel_pull",
      "subscription_retention"
    ],
    "langgraph_checkpoint_ns": "subscription_retention:92fbaacd-e648-59d9-80e9-def1d123ce07",
    "__pregel_task_id": "92fbaacd-e648-59d9-80e9-def1d123ce07",
    "checkpoint_ns": "subscription_retention:92fbaacd-e648-59d9-80e9-def1d123ce07",
    "ls_provider": "openai",
    "ls_model_name": "gpt-4o",
    "ls_model_type": "chat",
    "ls_temperature": 0.2
  }
}
{
  "event": "on_chat_model_stream",
  "data": {
    "chunk": {
      "lc": 1,
      "type": "constructor",
      "id": [
        "langchain_core",
        "messages",
        "AIMessageChunk"
      ],
      "kwargs": {
        "content": "iz",
        "tool_call_chunks": [],
        "additional_kwargs": {},
        "id": "chatcmpl-D6IlFIkpT9G0xNDXca6Z7X5qNhujn",
        "response_metadata": {
          "model_provider": "openai",
          "usage": {}
        },
        "tool_calls": [],
        "invalid_tool_calls": []
      }
    }
  },
  "run_id": "019c33bb-8fcb-7ee3-8896-9b788da75bae",
  "name": "ChatOpenAI",
  "tags": [],
  "metadata": {
    "thread_id": "test-session-1770394448994",
    "langgraph_step": 10,
    "langgraph_node": "subscription_retention",
    "langgraph_triggers": [
      "branch:to:subscription_retention"
    ],
    "langgraph_path": [
      "__pregel_pull",
      "subscription_retention"
    ],
    "langgraph_checkpoint_ns": "subscription_retention:92fbaacd-e648-59d9-80e9-def1d123ce07",
    "__pregel_task_id": "92fbaacd-e648-59d9-80e9-def1d123ce07",
    "checkpoint_ns": "subscription_retention:92fbaacd-e648-59d9-80e9-def1d123ce07",
    "ls_provider": "openai",
    "ls_model_name": "gpt-4o",
    "ls_model_type": "chat",
    "ls_temperature": 0.2
  }
}
{
  "event": "on_chat_model_stream",
  "data": {
    "chunk": {
      "lc": 1,
      "type": "constructor",
      "id": [
        "langchain_core",
        "messages",
        "AIMessageChunk"
      ],
      "kwargs": {
        "content": ",",
        "tool_call_chunks": [],
        "additional_kwargs": {},
        "id": "chatcmpl-D6IlFIkpT9G0xNDXca6Z7X5qNhujn",
        "response_metadata": {
          "model_provider": "openai",
          "usage": {}
        },
        "tool_calls": [],
        "invalid_tool_calls": []
      }
    }
  },
  "run_id": "019c33bb-8fcb-7ee3-8896-9b788da75bae",
  "name": "ChatOpenAI",
  "tags": [],
  "metadata": {
    "thread_id": "test-session-1770394448994",
    "langgraph_step": 10,
    "langgraph_node": "subscription_retention",
    "langgraph_triggers": [
      "branch:to:subscription_retention"
    ],
    "langgraph_path": [
      "__pregel_pull",
      "subscription_retention"
    ],
    "langgraph_checkpoint_ns": "subscription_retention:92fbaacd-e648-59d9-80e9-def1d123ce07",
    "__pregel_task_id": "92fbaacd-e648-59d9-80e9-def1d123ce07",
    "checkpoint_ns": "subscription_retention:92fbaacd-e648-59d9-80e9-def1d123ce07",
    "ls_provider": "openai",
    "ls_model_name": "gpt-4o",
    "ls_model_type": "chat",
    "ls_temperature": 0.2
  }
}
{
  "event": "on_chat_model_stream",
  "data": {
    "chunk": {
      "lc": 1,
      "type": "constructor",
      "id": [
        "langchain_core",
        "messages",
        "AIMessageChunk"
      ],
      "kwargs": {
        "content": " bir",
        "tool_call_chunks": [],
        "additional_kwargs": {},
        "id": "chatcmpl-D6IlFIkpT9G0xNDXca6Z7X5qNhujn",
        "response_metadata": {
          "model_provider": "openai",
          "usage": {}
        },
        "tool_calls": [],
        "invalid_tool_calls": []
      }
    }
  },
  "run_id": "019c33bb-8fcb-7ee3-8896-9b788da75bae",
  "name": "ChatOpenAI",
  "tags": [],
  "metadata": {
    "thread_id": "test-session-1770394448994",
    "langgraph_step": 10,
    "langgraph_node": "subscription_retention",
    "langgraph_triggers": [
      "branch:to:subscription_retention"
    ],
    "langgraph_path": [
      "__pregel_pull",
      "subscription_retention"
    ],
    "langgraph_checkpoint_ns": "subscription_retention:92fbaacd-e648-59d9-80e9-def1d123ce07",
    "__pregel_task_id": "92fbaacd-e648-59d9-80e9-def1d123ce07",
    "checkpoint_ns": "subscription_retention:92fbaacd-e648-59d9-80e9-def1d123ce07",
    "ls_provider": "openai",
    "ls_model_name": "gpt-4o",
    "ls_model_type": "chat",
    "ls_temperature": 0.2
  }
}
{
  "event": "on_chat_model_stream",
  "data": {
    "chunk": {
      "lc": 1,
      "type": "constructor",
      "id": [
        "langchain_core",
        "messages",
        "AIMessageChunk"
      ],
      "kwargs": {
        "content": " sonr",
        "tool_call_chunks": [],
        "additional_kwargs": {},
        "id": "chatcmpl-D6IlFIkpT9G0xNDXca6Z7X5qNhujn",
        "response_metadata": {
          "model_provider": "openai",
          "usage": {}
        },
        "tool_calls": [],
        "invalid_tool_calls": []
      }
    }
  },
  "run_id": "019c33bb-8fcb-7ee3-8896-9b788da75bae",
  "name": "ChatOpenAI",
  "tags": [],
  "metadata": {
    "thread_id": "test-session-1770394448994",
    "langgraph_step": 10,
    "langgraph_node": "subscription_retention",
    "langgraph_triggers": [
      "branch:to:subscription_retention"
    ],
    "langgraph_path": [
      "__pregel_pull",
      "subscription_retention"
    ],
    "langgraph_checkpoint_ns": "subscription_retention:92fbaacd-e648-59d9-80e9-def1d123ce07",
    "__pregel_task_id": "92fbaacd-e648-59d9-80e9-def1d123ce07",
    "checkpoint_ns": "subscription_retention:92fbaacd-e648-59d9-80e9-def1d123ce07",
    "ls_provider": "openai",
    "ls_model_name": "gpt-4o",
    "ls_model_type": "chat",
    "ls_temperature": 0.2
  }
}
{
  "event": "on_chat_model_stream",
  "data": {
    "chunk": {
      "lc": 1,
      "type": "constructor",
      "id": [
        "langchain_core",
        "messages",
        "AIMessageChunk"
      ],
      "kwargs": {
        "content": "aki",
        "tool_call_chunks": [],
        "additional_kwargs": {},
        "id": "chatcmpl-D6IlFIkpT9G0xNDXca6Z7X5qNhujn",
        "response_metadata": {
          "model_provider": "openai",
          "usage": {}
        },
        "tool_calls": [],
        "invalid_tool_calls": []
      }
    }
  },
  "run_id": "019c33bb-8fcb-7ee3-8896-9b788da75bae",
  "name": "ChatOpenAI",
  "tags": [],
  "metadata": {
    "thread_id": "test-session-1770394448994",
    "langgraph_step": 10,
    "langgraph_node": "subscription_retention",
    "langgraph_triggers": [
      "branch:to:subscription_retention"
    ],
    "langgraph_path": [
      "__pregel_pull",
      "subscription_retention"
    ],
    "langgraph_checkpoint_ns": "subscription_retention:92fbaacd-e648-59d9-80e9-def1d123ce07",
    "__pregel_task_id": "92fbaacd-e648-59d9-80e9-def1d123ce07",
    "checkpoint_ns": "subscription_retention:92fbaacd-e648-59d9-80e9-def1d123ce07",
    "ls_provider": "openai",
    "ls_model_name": "gpt-4o",
    "ls_model_type": "chat",
    "ls_temperature": 0.2
  }
}
{
  "event": "on_chat_model_stream",
  "data": {
    "chunk": {
      "lc": 1,
      "type": "constructor",
      "id": [
        "langchain_core",
        "messages",
        "AIMessageChunk"
      ],
      "kwargs": {
        "content": " iki",
        "tool_call_chunks": [],
        "additional_kwargs": {},
        "id": "chatcmpl-D6IlFIkpT9G0xNDXca6Z7X5qNhujn",
        "response_metadata": {
          "model_provider": "openai",
          "usage": {}
        },
        "tool_calls": [],
        "invalid_tool_calls": []
      }
    }
  },
  "run_id": "019c33bb-8fcb-7ee3-8896-9b788da75bae",
  "name": "ChatOpenAI",
  "tags": [],
  "metadata": {
    "thread_id": "test-session-1770394448994",
    "langgraph_step": 10,
    "langgraph_node": "subscription_retention",
    "langgraph_triggers": [
      "branch:to:subscription_retention"
    ],
    "langgraph_path": [
      "__pregel_pull",
      "subscription_retention"
    ],
    "langgraph_checkpoint_ns": "subscription_retention:92fbaacd-e648-59d9-80e9-def1d123ce07",
    "__pregel_task_id": "92fbaacd-e648-59d9-80e9-def1d123ce07",
    "checkpoint_ns": "subscription_retention:92fbaacd-e648-59d9-80e9-def1d123ce07",
    "ls_provider": "openai",
    "ls_model_name": "gpt-4o",
    "ls_model_type": "chat",
    "ls_temperature": 0.2
  }
}
{
  "event": "on_chat_model_stream",
  "data": {
    "chunk": {
      "lc": 1,
      "type": "constructor",
      "id": [
        "langchain_core",
        "messages",
        "AIMessageChunk"
      ],
      "kwargs": {
        "content": " sip",
        "tool_call_chunks": [],
        "additional_kwargs": {},
        "id": "chatcmpl-D6IlFIkpT9G0xNDXca6Z7X5qNhujn",
        "response_metadata": {
          "model_provider": "openai",
          "usage": {}
        },
        "tool_calls": [],
        "invalid_tool_calls": []
      }
    }
  },
  "run_id": "019c33bb-8fcb-7ee3-8896-9b788da75bae",
  "name": "ChatOpenAI",
  "tags": [],
  "metadata": {
    "thread_id": "test-session-1770394448994",
    "langgraph_step": 10,
    "langgraph_node": "subscription_retention",
    "langgraph_triggers": [
      "branch:to:subscription_retention"
    ],
    "langgraph_path": [
      "__pregel_pull",
      "subscription_retention"
    ],
    "langgraph_checkpoint_ns": "subscription_retention:92fbaacd-e648-59d9-80e9-def1d123ce07",
    "__pregel_task_id": "92fbaacd-e648-59d9-80e9-def1d123ce07",
    "checkpoint_ns": "subscription_retention:92fbaacd-e648-59d9-80e9-def1d123ce07",
    "ls_provider": "openai",
    "ls_model_name": "gpt-4o",
    "ls_model_type": "chat",
    "ls_temperature": 0.2
  }
}
{
  "event": "on_chat_model_stream",
  "data": {
    "chunk": {
      "lc": 1,
      "type": "constructor",
      "id": [
        "langchain_core",
        "messages",
        "AIMessageChunk"
      ],
      "kwargs": {
        "content": "ari┼ş",
        "tool_call_chunks": [],
        "additional_kwargs": {},
        "id": "chatcmpl-D6IlFIkpT9G0xNDXca6Z7X5qNhujn",
        "response_metadata": {
          "model_provider": "openai",
          "usage": {}
        },
        "tool_calls": [],
        "invalid_tool_calls": []
      }
    }
  },
  "run_id": "019c33bb-8fcb-7ee3-8896-9b788da75bae",
  "name": "ChatOpenAI",
  "tags": [],
  "metadata": {
    "thread_id": "test-session-1770394448994",
    "langgraph_step": 10,
    "langgraph_node": "subscription_retention",
    "langgraph_triggers": [
      "branch:to:subscription_retention"
    ],
    "langgraph_path": [
      "__pregel_pull",
      "subscription_retention"
    ],
    "langgraph_checkpoint_ns": "subscription_retention:92fbaacd-e648-59d9-80e9-def1d123ce07",
    "__pregel_task_id": "92fbaacd-e648-59d9-80e9-def1d123ce07",
    "checkpoint_ns": "subscription_retention:92fbaacd-e648-59d9-80e9-def1d123ce07",
    "ls_provider": "openai",
    "ls_model_name": "gpt-4o",
    "ls_model_type": "chat",
    "ls_temperature": 0.2
  }
}
{
  "event": "on_chat_model_stream",
  "data": {
    "chunk": {
      "lc": 1,
      "type": "constructor",
      "id": [
        "langchain_core",
        "messages",
        "AIMessageChunk"
      ],
      "kwargs": {
        "content": "iniz",
        "tool_call_chunks": [],
        "additional_kwargs": {},
        "id": "chatcmpl-D6IlFIkpT9G0xNDXca6Z7X5qNhujn",
        "response_metadata": {
          "model_provider": "openai",
          "usage": {}
        },
        "tool_calls": [],
        "invalid_tool_calls": []
      }
    }
  },
  "run_id": "019c33bb-8fcb-7ee3-8896-9b788da75bae",
  "name": "ChatOpenAI",
  "tags": [],
  "metadata": {
    "thread_id": "test-session-1770394448994",
    "langgraph_step": 10,
    "langgraph_node": "subscription_retention",
    "langgraph_triggers": [
      "branch:to:subscription_retention"
    ],
    "langgraph_path": [
      "__pregel_pull",
      "subscription_retention"
    ],
    "langgraph_checkpoint_ns": "subscription_retention:92fbaacd-e648-59d9-80e9-def1d123ce07",
    "__pregel_task_id": "92fbaacd-e648-59d9-80e9-def1d123ce07",
    "checkpoint_ns": "subscription_retention:92fbaacd-e648-59d9-80e9-def1d123ce07",
    "ls_provider": "openai",
    "ls_model_name": "gpt-4o",
    "ls_model_type": "chat",
    "ls_temperature": 0.2
  }
}
{
  "event": "on_chat_model_stream",
  "data": {
    "chunk": {
      "lc": 1,
      "type": "constructor",
      "id": [
        "langchain_core",
        "messages",
        "AIMessageChunk"
      ],
      "kwargs": {
        "content": "de",
        "tool_call_chunks": [],
        "additional_kwargs": {},
        "id": "chatcmpl-D6IlFIkpT9G0xNDXca6Z7X5qNhujn",
        "response_metadata": {
          "model_provider": "openai",
          "usage": {}
        },
        "tool_calls": [],
        "invalid_tool_calls": []
      }
    }
  },
  "run_id": "019c33bb-8fcb-7ee3-8896-9b788da75bae",
  "name": "ChatOpenAI",
  "tags": [],
  "metadata": {
    "thread_id": "test-session-1770394448994",
    "langgraph_step": 10,
    "langgraph_node": "subscription_retention",
    "langgraph_triggers": [
      "branch:to:subscription_retention"
    ],
    "langgraph_path": [
      "__pregel_pull",
      "subscription_retention"
    ],
    "langgraph_checkpoint_ns": "subscription_retention:92fbaacd-e648-59d9-80e9-def1d123ce07",
    "__pregel_task_id": "92fbaacd-e648-59d9-80e9-def1d123ce07",
    "checkpoint_ns": "subscription_retention:92fbaacd-e648-59d9-80e9-def1d123ce07",
    "ls_provider": "openai",
    "ls_model_name": "gpt-4o",
    "ls_model_type": "chat",
    "ls_temperature": 0.2
  }
}
{
  "event": "on_chat_model_stream",
  "data": {
    "chunk": {
      "lc": 1,
      "type": "constructor",
      "id": [
        "langchain_core",
        "messages",
        "AIMessageChunk"
      ],
      "kwargs": {
        "content": " %",
        "tool_call_chunks": [],
        "additional_kwargs": {},
        "id": "chatcmpl-D6IlFIkpT9G0xNDXca6Z7X5qNhujn",
        "response_metadata": {
          "model_provider": "openai",
          "usage": {}
        },
        "tool_calls": [],
        "invalid_tool_calls": []
      }
    }
  },
  "run_id": "019c33bb-8fcb-7ee3-8896-9b788da75bae",
  "name": "ChatOpenAI",
  "tags": [],
  "metadata": {
    "thread_id": "test-session-1770394448994",
    "langgraph_step": 10,
    "langgraph_node": "subscription_retention",
    "langgraph_triggers": [
      "branch:to:subscription_retention"
    ],
    "langgraph_path": [
      "__pregel_pull",
      "subscription_retention"
    ],
    "langgraph_checkpoint_ns": "subscription_retention:92fbaacd-e648-59d9-80e9-def1d123ce07",
    "__pregel_task_id": "92fbaacd-e648-59d9-80e9-def1d123ce07",
    "checkpoint_ns": "subscription_retention:92fbaacd-e648-59d9-80e9-def1d123ce07",
    "ls_provider": "openai",
    "ls_model_name": "gpt-4o",
    "ls_model_type": "chat",
    "ls_temperature": 0.2
  }
}
{
  "event": "on_chat_model_stream",
  "data": {
    "chunk": {
      "lc": 1,
      "type": "constructor",
      "id": [
        "langchain_core",
        "messages",
        "AIMessageChunk"
      ],
      "kwargs": {
        "content": "20",
        "tool_call_chunks": [],
        "additional_kwargs": {},
        "id": "chatcmpl-D6IlFIkpT9G0xNDXca6Z7X5qNhujn",
        "response_metadata": {
          "model_provider": "openai",
          "usage": {}
        },
        "tool_calls": [],
        "invalid_tool_calls": []
      }
    }
  },
  "run_id": "019c33bb-8fcb-7ee3-8896-9b788da75bae",
  "name": "ChatOpenAI",
  "tags": [],
  "metadata": {
    "thread_id": "test-session-1770394448994",
    "langgraph_step": 10,
    "langgraph_node": "subscription_retention",
    "langgraph_triggers": [
      "branch:to:subscription_retention"
    ],
    "langgraph_path": [
      "__pregel_pull",
      "subscription_retention"
    ],
    "langgraph_checkpoint_ns": "subscription_retention:92fbaacd-e648-59d9-80e9-def1d123ce07",
    "__pregel_task_id": "92fbaacd-e648-59d9-80e9-def1d123ce07",
    "checkpoint_ns": "subscription_retention:92fbaacd-e648-59d9-80e9-def1d123ce07",
    "ls_provider": "openai",
    "ls_model_name": "gpt-4o",
    "ls_model_type": "chat",
    "ls_temperature": 0.2
  }
}
{
  "event": "on_chat_model_stream",
  "data": {
    "chunk": {
      "lc": 1,
      "type": "constructor",
      "id": [
        "langchain_core",
        "messages",
        "AIMessageChunk"
      ],
      "kwargs": {
        "content": " ind",
        "tool_call_chunks": [],
        "additional_kwargs": {},
        "id": "chatcmpl-D6IlFIkpT9G0xNDXca6Z7X5qNhujn",
        "response_metadata": {
          "model_provider": "openai",
          "usage": {}
        },
        "tool_calls": [],
        "invalid_tool_calls": []
      }
    }
  },
  "run_id": "019c33bb-8fcb-7ee3-8896-9b788da75bae",
  "name": "ChatOpenAI",
  "tags": [],
  "metadata": {
    "thread_id": "test-session-1770394448994",
    "langgraph_step": 10,
    "langgraph_node": "subscription_retention",
    "langgraph_triggers": [
      "branch:to:subscription_retention"
    ],
    "langgraph_path": [
      "__pregel_pull",
      "subscription_retention"
    ],
    "langgraph_checkpoint_ns": "subscription_retention:92fbaacd-e648-59d9-80e9-def1d123ce07",
    "__pregel_task_id": "92fbaacd-e648-59d9-80e9-def1d123ce07",
    "checkpoint_ns": "subscription_retention:92fbaacd-e648-59d9-80e9-def1d123ce07",
    "ls_provider": "openai",
    "ls_model_name": "gpt-4o",
    "ls_model_type": "chat",
    "ls_temperature": 0.2
  }
}
{
  "event": "on_chat_model_stream",
  "data": {
    "chunk": {
      "lc": 1,
      "type": "constructor",
      "id": [
        "langchain_core",
        "messages",
        "AIMessageChunk"
      ],
      "kwargs": {
        "content": "irim",
        "tool_call_chunks": [],
        "additional_kwargs": {},
        "id": "chatcmpl-D6IlFIkpT9G0xNDXca6Z7X5qNhujn",
        "response_metadata": {
          "model_provider": "openai",
          "usage": {}
        },
        "tool_calls": [],
        "invalid_tool_calls": []
      }
    }
  },
  "run_id": "019c33bb-8fcb-7ee3-8896-9b788da75bae",
  "name": "ChatOpenAI",
  "tags": [],
  "metadata": {
    "thread_id": "test-session-1770394448994",
    "langgraph_step": 10,
    "langgraph_node": "subscription_retention",
    "langgraph_triggers": [
      "branch:to:subscription_retention"
    ],
    "langgraph_path": [
      "__pregel_pull",
      "subscription_retention"
    ],
    "langgraph_checkpoint_ns": "subscription_retention:92fbaacd-e648-59d9-80e9-def1d123ce07",
    "__pregel_task_id": "92fbaacd-e648-59d9-80e9-def1d123ce07",
    "checkpoint_ns": "subscription_retention:92fbaacd-e648-59d9-80e9-def1d123ce07",
    "ls_provider": "openai",
    "ls_model_name": "gpt-4o",
    "ls_model_type": "chat",
    "ls_temperature": 0.2
  }
}
{
  "event": "on_chat_model_stream",
  "data": {
    "chunk": {
      "lc": 1,
      "type": "constructor",
      "id": [
        "langchain_core",
        "messages",
        "AIMessageChunk"
      ],
      "kwargs": {
        "content": " sun",
        "tool_call_chunks": [],
        "additional_kwargs": {},
        "id": "chatcmpl-D6IlFIkpT9G0xNDXca6Z7X5qNhujn",
        "response_metadata": {
          "model_provider": "openai",
          "usage": {}
        },
        "tool_calls": [],
        "invalid_tool_calls": []
      }
    }
  },
  "run_id": "019c33bb-8fcb-7ee3-8896-9b788da75bae",
  "name": "ChatOpenAI",
  "tags": [],
  "metadata": {
    "thread_id": "test-session-1770394448994",
    "langgraph_step": 10,
    "langgraph_node": "subscription_retention",
    "langgraph_triggers": [
      "branch:to:subscription_retention"
    ],
    "langgraph_path": [
      "__pregel_pull",
      "subscription_retention"
    ],
    "langgraph_checkpoint_ns": "subscription_retention:92fbaacd-e648-59d9-80e9-def1d123ce07",
    "__pregel_task_id": "92fbaacd-e648-59d9-80e9-def1d123ce07",
    "checkpoint_ns": "subscription_retention:92fbaacd-e648-59d9-80e9-def1d123ce07",
    "ls_provider": "openai",
    "ls_model_name": "gpt-4o",
    "ls_model_type": "chat",
    "ls_temperature": 0.2
  }
}
{
  "event": "on_chat_model_stream",
  "data": {
    "chunk": {
      "lc": 1,
      "type": "constructor",
      "id": [
        "langchain_core",
        "messages",
        "AIMessageChunk"
      ],
      "kwargs": {
        "content": "abil",
        "tool_call_chunks": [],
        "additional_kwargs": {},
        "id": "chatcmpl-D6IlFIkpT9G0xNDXca6Z7X5qNhujn",
        "response_metadata": {
          "model_provider": "openai",
          "usage": {}
        },
        "tool_calls": [],
        "invalid_tool_calls": []
      }
    }
  },
  "run_id": "019c33bb-8fcb-7ee3-8896-9b788da75bae",
  "name": "ChatOpenAI",
  "tags": [],
  "metadata": {
    "thread_id": "test-session-1770394448994",
    "langgraph_step": 10,
    "langgraph_node": "subscription_retention",
    "langgraph_triggers": [
      "branch:to:subscription_retention"
    ],
    "langgraph_path": [
      "__pregel_pull",
      "subscription_retention"
    ],
    "langgraph_checkpoint_ns": "subscription_retention:92fbaacd-e648-59d9-80e9-def1d123ce07",
    "__pregel_task_id": "92fbaacd-e648-59d9-80e9-def1d123ce07",
    "checkpoint_ns": "subscription_retention:92fbaacd-e648-59d9-80e9-def1d123ce07",
    "ls_provider": "openai",
    "ls_model_name": "gpt-4o",
    "ls_model_type": "chat",
    "ls_temperature": 0.2
  }
}
{
  "event": "on_chat_model_stream",
  "data": {
    "chunk": {
      "lc": 1,
      "type": "constructor",
      "id": [
        "langchain_core",
        "messages",
        "AIMessageChunk"
      ],
      "kwargs": {
        "content": "irim",
        "tool_call_chunks": [],
        "additional_kwargs": {},
        "id": "chatcmpl-D6IlFIkpT9G0xNDXca6Z7X5qNhujn",
        "response_metadata": {
          "model_provider": "openai",
          "usage": {}
        },
        "tool_calls": [],
        "invalid_tool_calls": []
      }
    }
  },
  "run_id": "019c33bb-8fcb-7ee3-8896-9b788da75bae",
  "name": "ChatOpenAI",
  "tags": [],
  "metadata": {
    "thread_id": "test-session-1770394448994",
    "langgraph_step": 10,
    "langgraph_node": "subscription_retention",
    "langgraph_triggers": [
      "branch:to:subscription_retention"
    ],
    "langgraph_path": [
      "__pregel_pull",
      "subscription_retention"
    ],
    "langgraph_checkpoint_ns": "subscription_retention:92fbaacd-e648-59d9-80e9-def1d123ce07",
    "__pregel_task_id": "92fbaacd-e648-59d9-80e9-def1d123ce07",
    "checkpoint_ns": "subscription_retention:92fbaacd-e648-59d9-80e9-def1d123ce07",
    "ls_provider": "openai",
    "ls_model_name": "gpt-4o",
    "ls_model_type": "chat",
    "ls_temperature": 0.2
  }
}
{
  "event": "on_chat_model_stream",
  "data": {
    "chunk": {
      "lc": 1,
      "type": "constructor",
      "id": [
        "langchain_core",
        "messages",
        "AIMessageChunk"
      ],
      "kwargs": {
        "content": ".\n\n",
        "tool_call_chunks": [],
        "additional_kwargs": {},
        "id": "chatcmpl-D6IlFIkpT9G0xNDXca6Z7X5qNhujn",
        "response_metadata": {
          "model_provider": "openai",
          "usage": {}
        },
        "tool_calls": [],
        "invalid_tool_calls": []
      }
    }
  },
  "run_id": "019c33bb-8fcb-7ee3-8896-9b788da75bae",
  "name": "ChatOpenAI",
  "tags": [],
  "metadata": {
    "thread_id": "test-session-1770394448994",
    "langgraph_step": 10,
    "langgraph_node": "subscription_retention",
    "langgraph_triggers": [
      "branch:to:subscription_retention"
    ],
    "langgraph_path": [
      "__pregel_pull",
      "subscription_retention"
    ],
    "langgraph_checkpoint_ns": "subscription_retention:92fbaacd-e648-59d9-80e9-def1d123ce07",
    "__pregel_task_id": "92fbaacd-e648-59d9-80e9-def1d123ce07",
    "checkpoint_ns": "subscription_retention:92fbaacd-e648-59d9-80e9-def1d123ce07",
    "ls_provider": "openai",
    "ls_model_name": "gpt-4o",
    "ls_model_type": "chat",
    "ls_temperature": 0.2
  }
}
{
  "event": "on_chat_model_stream",
  "data": {
    "chunk": {
      "lc": 1,
      "type": "constructor",
      "id": [
        "langchain_core",
        "messages",
        "AIMessageChunk"
      ],
      "kwargs": {
        "content": "Bu",
        "tool_call_chunks": [],
        "additional_kwargs": {},
        "id": "chatcmpl-D6IlFIkpT9G0xNDXca6Z7X5qNhujn",
        "response_metadata": {
          "model_provider": "openai",
          "usage": {}
        },
        "tool_calls": [],
        "invalid_tool_calls": []
      }
    }
  },
  "run_id": "019c33bb-8fcb-7ee3-8896-9b788da75bae",
  "name": "ChatOpenAI",
  "tags": [],
  "metadata": {
    "thread_id": "test-session-1770394448994",
    "langgraph_step": 10,
    "langgraph_node": "subscription_retention",
    "langgraph_triggers": [
      "branch:to:subscription_retention"
    ],
    "langgraph_path": [
      "__pregel_pull",
      "subscription_retention"
    ],
    "langgraph_checkpoint_ns": "subscription_retention:92fbaacd-e648-59d9-80e9-def1d123ce07",
    "__pregel_task_id": "92fbaacd-e648-59d9-80e9-def1d123ce07",
    "checkpoint_ns": "subscription_retention:92fbaacd-e648-59d9-80e9-def1d123ce07",
    "ls_provider": "openai",
    "ls_model_name": "gpt-4o",
    "ls_model_type": "chat",
    "ls_temperature": 0.2
  }
}
{
  "event": "on_chat_model_stream",
  "data": {
    "chunk": {
      "lc": 1,
      "type": "constructor",
      "id": [
        "langchain_core",
        "messages",
        "AIMessageChunk"
      ],
      "kwargs": {
        "content": " se├ğenek",
        "tool_call_chunks": [],
        "additional_kwargs": {},
        "id": "chatcmpl-D6IlFIkpT9G0xNDXca6Z7X5qNhujn",
        "response_metadata": {
          "model_provider": "openai",
          "usage": {}
        },
        "tool_calls": [],
        "invalid_tool_calls": []
      }
    }
  },
  "run_id": "019c33bb-8fcb-7ee3-8896-9b788da75bae",
  "name": "ChatOpenAI",
  "tags": [],
  "metadata": {
    "thread_id": "test-session-1770394448994",
    "langgraph_step": 10,
    "langgraph_node": "subscription_retention",
    "langgraph_triggers": [
      "branch:to:subscription_retention"
    ],
    "langgraph_path": [
      "__pregel_pull",
      "subscription_retention"
    ],
    "langgraph_checkpoint_ns": "subscription_retention:92fbaacd-e648-59d9-80e9-def1d123ce07",
    "__pregel_task_id": "92fbaacd-e648-59d9-80e9-def1d123ce07",
    "checkpoint_ns": "subscription_retention:92fbaacd-e648-59d9-80e9-def1d123ce07",
    "ls_provider": "openai",
    "ls_model_name": "gpt-4o",
    "ls_model_type": "chat",
    "ls_temperature": 0.2
  }
}
{
  "event": "on_chat_model_stream",
  "data": {
    "chunk": {
      "lc": 1,
      "type": "constructor",
      "id": [
        "langchain_core",
        "messages",
        "AIMessageChunk"
      ],
      "kwargs": {
        "content": "lerden",
        "tool_call_chunks": [],
        "additional_kwargs": {},
        "id": "chatcmpl-D6IlFIkpT9G0xNDXca6Z7X5qNhujn",
        "response_metadata": {
          "model_provider": "openai",
          "usage": {}
        },
        "tool_calls": [],
        "invalid_tool_calls": []
      }
    }
  },
  "run_id": "019c33bb-8fcb-7ee3-8896-9b788da75bae",
  "name": "ChatOpenAI",
  "tags": [],
  "metadata": {
    "thread_id": "test-session-1770394448994",
    "langgraph_step": 10,
    "langgraph_node": "subscription_retention",
    "langgraph_triggers": [
      "branch:to:subscription_retention"
    ],
    "langgraph_path": [
      "__pregel_pull",
      "subscription_retention"
    ],
    "langgraph_checkpoint_ns": "subscription_retention:92fbaacd-e648-59d9-80e9-def1d123ce07",
    "__pregel_task_id": "92fbaacd-e648-59d9-80e9-def1d123ce07",
    "checkpoint_ns": "subscription_retention:92fbaacd-e648-59d9-80e9-def1d123ce07",
    "ls_provider": "openai",
    "ls_model_name": "gpt-4o",
    "ls_model_type": "chat",
    "ls_temperature": 0.2
  }
}
{
  "event": "on_chat_model_stream",
  "data": {
    "chunk": {
      "lc": 1,
      "type": "constructor",
      "id": [
        "langchain_core",
        "messages",
        "AIMessageChunk"
      ],
      "kwargs": {
        "content": " biri",
        "tool_call_chunks": [],
        "additional_kwargs": {},
        "id": "chatcmpl-D6IlFIkpT9G0xNDXca6Z7X5qNhujn",
        "response_metadata": {
          "model_provider": "openai",
          "usage": {}
        },
        "tool_calls": [],
        "invalid_tool_calls": []
      }
    }
  },
  "run_id": "019c33bb-8fcb-7ee3-8896-9b788da75bae",
  "name": "ChatOpenAI",
  "tags": [],
  "metadata": {
    "thread_id": "test-session-1770394448994",
    "langgraph_step": 10,
    "langgraph_node": "subscription_retention",
    "langgraph_triggers": [
      "branch:to:subscription_retention"
    ],
    "langgraph_path": [
      "__pregel_pull",
      "subscription_retention"
    ],
    "langgraph_checkpoint_ns": "subscription_retention:92fbaacd-e648-59d9-80e9-def1d123ce07",
    "__pregel_task_id": "92fbaacd-e648-59d9-80e9-def1d123ce07",
    "checkpoint_ns": "subscription_retention:92fbaacd-e648-59d9-80e9-def1d123ce07",
    "ls_provider": "openai",
    "ls_model_name": "gpt-4o",
    "ls_model_type": "chat",
    "ls_temperature": 0.2
  }
}
{
  "event": "on_chat_model_stream",
  "data": {
    "chunk": {
      "lc": 1,
      "type": "constructor",
      "id": [
        "langchain_core",
        "messages",
        "AIMessageChunk"
      ],
      "kwargs": {
        "content": " il",
        "tool_call_chunks": [],
        "additional_kwargs": {},
        "id": "chatcmpl-D6IlFIkpT9G0xNDXca6Z7X5qNhujn",
        "response_metadata": {
          "model_provider": "openai",
          "usage": {}
        },
        "tool_calls": [],
        "invalid_tool_calls": []
      }
    }
  },
  "run_id": "019c33bb-8fcb-7ee3-8896-9b788da75bae",
  "name": "ChatOpenAI",
  "tags": [],
  "metadata": {
    "thread_id": "test-session-1770394448994",
    "langgraph_step": 10,
    "langgraph_node": "subscription_retention",
    "langgraph_triggers": [
      "branch:to:subscription_retention"
    ],
    "langgraph_path": [
      "__pregel_pull",
      "subscription_retention"
    ],
    "langgraph_checkpoint_ns": "subscription_retention:92fbaacd-e648-59d9-80e9-def1d123ce07",
    "__pregel_task_id": "92fbaacd-e648-59d9-80e9-def1d123ce07",
    "checkpoint_ns": "subscription_retention:92fbaacd-e648-59d9-80e9-def1d123ce07",
    "ls_provider": "openai",
    "ls_model_name": "gpt-4o",
    "ls_model_type": "chat",
    "ls_temperature": 0.2
  }
}
{
  "event": "on_chat_model_stream",
  "data": {
    "chunk": {
      "lc": 1,
      "type": "constructor",
      "id": [
        "langchain_core",
        "messages",
        "AIMessageChunk"
      ],
      "kwargs": {
        "content": "gin",
        "tool_call_chunks": [],
        "additional_kwargs": {},
        "id": "chatcmpl-D6IlFIkpT9G0xNDXca6Z7X5qNhujn",
        "response_metadata": {
          "model_provider": "openai",
          "usage": {}
        },
        "tool_calls": [],
        "invalid_tool_calls": []
      }
    }
  },
  "run_id": "019c33bb-8fcb-7ee3-8896-9b788da75bae",
  "name": "ChatOpenAI",
  "tags": [],
  "metadata": {
    "thread_id": "test-session-1770394448994",
    "langgraph_step": 10,
    "langgraph_node": "subscription_retention",
    "langgraph_triggers": [
      "branch:to:subscription_retention"
    ],
    "langgraph_path": [
      "__pregel_pull",
      "subscription_retention"
    ],
    "langgraph_checkpoint_ns": "subscription_retention:92fbaacd-e648-59d9-80e9-def1d123ce07",
    "__pregel_task_id": "92fbaacd-e648-59d9-80e9-def1d123ce07",
    "checkpoint_ns": "subscription_retention:92fbaacd-e648-59d9-80e9-def1d123ce07",
    "ls_provider": "openai",
    "ls_model_name": "gpt-4o",
    "ls_model_type": "chat",
    "ls_temperature": 0.2
  }
}
{
  "event": "on_chat_model_stream",
  "data": {
    "chunk": {
      "lc": 1,
      "type": "constructor",
      "id": [
        "langchain_core",
        "messages",
        "AIMessageChunk"
      ],
      "kwargs": {
        "content": "izi",
        "tool_call_chunks": [],
        "additional_kwargs": {},
        "id": "chatcmpl-D6IlFIkpT9G0xNDXca6Z7X5qNhujn",
        "response_metadata": {
          "model_provider": "openai",
          "usage": {}
        },
        "tool_calls": [],
        "invalid_tool_calls": []
      }
    }
  },
  "run_id": "019c33bb-8fcb-7ee3-8896-9b788da75bae",
  "name": "ChatOpenAI",
  "tags": [],
  "metadata": {
    "thread_id": "test-session-1770394448994",
    "langgraph_step": 10,
    "langgraph_node": "subscription_retention",
    "langgraph_triggers": [
      "branch:to:subscription_retention"
    ],
    "langgraph_path": [
      "__pregel_pull",
      "subscription_retention"
    ],
    "langgraph_checkpoint_ns": "subscription_retention:92fbaacd-e648-59d9-80e9-def1d123ce07",
    "__pregel_task_id": "92fbaacd-e648-59d9-80e9-def1d123ce07",
    "checkpoint_ns": "subscription_retention:92fbaacd-e648-59d9-80e9-def1d123ce07",
    "ls_provider": "openai",
    "ls_model_name": "gpt-4o",
    "ls_model_type": "chat",
    "ls_temperature": 0.2
  }
}
{
  "event": "on_chat_model_stream",
  "data": {
    "chunk": {
      "lc": 1,
      "type": "constructor",
      "id": [
        "langchain_core",
        "messages",
        "AIMessageChunk"
      ],
      "kwargs": {
        "content": " ├ğ",
        "tool_call_chunks": [],
        "additional_kwargs": {},
        "id": "chatcmpl-D6IlFIkpT9G0xNDXca6Z7X5qNhujn",
        "response_metadata": {
          "model_provider": "openai",
          "usage": {}
        },
        "tool_calls": [],
        "invalid_tool_calls": []
      }
    }
  },
  "run_id": "019c33bb-8fcb-7ee3-8896-9b788da75bae",
  "name": "ChatOpenAI",
  "tags": [],
  "metadata": {
    "thread_id": "test-session-1770394448994",
    "langgraph_step": 10,
    "langgraph_node": "subscription_retention",
    "langgraph_triggers": [
      "branch:to:subscription_retention"
    ],
    "langgraph_path": [
      "__pregel_pull",
      "subscription_retention"
    ],
    "langgraph_checkpoint_ns": "subscription_retention:92fbaacd-e648-59d9-80e9-def1d123ce07",
    "__pregel_task_id": "92fbaacd-e648-59d9-80e9-def1d123ce07",
    "checkpoint_ns": "subscription_retention:92fbaacd-e648-59d9-80e9-def1d123ce07",
    "ls_provider": "openai",
    "ls_model_name": "gpt-4o",
    "ls_model_type": "chat",
    "ls_temperature": 0.2
  }
}
{
  "event": "on_chat_model_stream",
  "data": {
    "chunk": {
      "lc": 1,
      "type": "constructor",
      "id": [
        "langchain_core",
        "messages",
        "AIMessageChunk"
      ],
      "kwargs": {
        "content": "eker",
        "tool_call_chunks": [],
        "additional_kwargs": {},
        "id": "chatcmpl-D6IlFIkpT9G0xNDXca6Z7X5qNhujn",
        "response_metadata": {
          "model_provider": "openai",
          "usage": {}
        },
        "tool_calls": [],
        "invalid_tool_calls": []
      }
    }
  },
  "run_id": "019c33bb-8fcb-7ee3-8896-9b788da75bae",
  "name": "ChatOpenAI",
  "tags": [],
  "metadata": {
    "thread_id": "test-session-1770394448994",
    "langgraph_step": 10,
    "langgraph_node": "subscription_retention",
    "langgraph_triggers": [
      "branch:to:subscription_retention"
    ],
    "langgraph_path": [
      "__pregel_pull",
      "subscription_retention"
    ],
    "langgraph_checkpoint_ns": "subscription_retention:92fbaacd-e648-59d9-80e9-def1d123ce07",
    "__pregel_task_id": "92fbaacd-e648-59d9-80e9-def1d123ce07",
    "checkpoint_ns": "subscription_retention:92fbaacd-e648-59d9-80e9-def1d123ce07",
    "ls_provider": "openai",
    "ls_model_name": "gpt-4o",
    "ls_model_type": "chat",
    "ls_temperature": 0.2
  }
}
{
  "event": "on_chat_model_stream",
  "data": {
    "chunk": {
      "lc": 1,
      "type": "constructor",
      "id": [
        "langchain_core",
        "messages",
        "AIMessageChunk"
      ],
      "kwargs": {
        "content": " mi",
        "tool_call_chunks": [],
        "additional_kwargs": {},
        "id": "chatcmpl-D6IlFIkpT9G0xNDXca6Z7X5qNhujn",
        "response_metadata": {
          "model_provider": "openai",
          "usage": {}
        },
        "tool_calls": [],
        "invalid_tool_calls": []
      }
    }
  },
  "run_id": "019c33bb-8fcb-7ee3-8896-9b788da75bae",
  "name": "ChatOpenAI",
  "tags": [],
  "metadata": {
    "thread_id": "test-session-1770394448994",
    "langgraph_step": 10,
    "langgraph_node": "subscription_retention",
    "langgraph_triggers": [
      "branch:to:subscription_retention"
    ],
    "langgraph_path": [
      "__pregel_pull",
      "subscription_retention"
    ],
    "langgraph_checkpoint_ns": "subscription_retention:92fbaacd-e648-59d9-80e9-def1d123ce07",
    "__pregel_task_id": "92fbaacd-e648-59d9-80e9-def1d123ce07",
    "checkpoint_ns": "subscription_retention:92fbaacd-e648-59d9-80e9-def1d123ce07",
    "ls_provider": "openai",
    "ls_model_name": "gpt-4o",
    "ls_model_type": "chat",
    "ls_temperature": 0.2
  }
}
{
  "event": "on_chat_model_stream",
  "data": {
    "chunk": {
      "lc": 1,
      "type": "constructor",
      "id": [
        "langchain_core",
        "messages",
        "AIMessageChunk"
      ],
      "kwargs": {
        "content": "?",
        "tool_call_chunks": [],
        "additional_kwargs": {},
        "id": "chatcmpl-D6IlFIkpT9G0xNDXca6Z7X5qNhujn",
        "response_metadata": {
          "model_provider": "openai",
          "usage": {}
        },
        "tool_calls": [],
        "invalid_tool_calls": []
      }
    }
  },
  "run_id": "019c33bb-8fcb-7ee3-8896-9b788da75bae",
  "name": "ChatOpenAI",
  "tags": [],
  "metadata": {
    "thread_id": "test-session-1770394448994",
    "langgraph_step": 10,
    "langgraph_node": "subscription_retention",
    "langgraph_triggers": [
      "branch:to:subscription_retention"
    ],
    "langgraph_path": [
      "__pregel_pull",
      "subscription_retention"
    ],
    "langgraph_checkpoint_ns": "subscription_retention:92fbaacd-e648-59d9-80e9-def1d123ce07",
    "__pregel_task_id": "92fbaacd-e648-59d9-80e9-def1d123ce07",
    "checkpoint_ns": "subscription_retention:92fbaacd-e648-59d9-80e9-def1d123ce07",
    "ls_provider": "openai",
    "ls_model_name": "gpt-4o",
    "ls_model_type": "chat",
    "ls_temperature": 0.2
  }
}
{
  "event": "on_chat_model_stream",
  "data": {
    "chunk": {
      "lc": 1,
      "type": "constructor",
      "id": [
        "langchain_core",
        "messages",
        "AIMessageChunk"
      ],
      "kwargs": {
        "content": "",
        "tool_call_chunks": [],
        "additional_kwargs": {},
        "id": "chatcmpl-D6IlFIkpT9G0xNDXca6Z7X5qNhujn",
        "response_metadata": {
          "model_provider": "openai",
          "usage": {}
        },
        "tool_calls": [],
        "invalid_tool_calls": []
      }
    }
  },
  "run_id": "019c33bb-8fcb-7ee3-8896-9b788da75bae",
  "name": "ChatOpenAI",
  "tags": [],
  "metadata": {
    "thread_id": "test-session-1770394448994",
    "langgraph_step": 10,
    "langgraph_node": "subscription_retention",
    "langgraph_triggers": [
      "branch:to:subscription_retention"
    ],
    "langgraph_path": [
      "__pregel_pull",
      "subscription_retention"
    ],
    "langgraph_checkpoint_ns": "subscription_retention:92fbaacd-e648-59d9-80e9-def1d123ce07",
    "__pregel_task_id": "92fbaacd-e648-59d9-80e9-def1d123ce07",
    "checkpoint_ns": "subscription_retention:92fbaacd-e648-59d9-80e9-def1d123ce07",
    "ls_provider": "openai",
    "ls_model_name": "gpt-4o",
    "ls_model_type": "chat",
    "ls_temperature": 0.2
  }
}
­şşó Stream Complete
